Archive member included to satisfy reference by file (symbol)

lib/libdaisy/build/libdaisy.a(daisy_seed.o)
                              build/Interface.o (daisy::DaisySeed::Configure())
lib/libdaisy/build/libdaisy.a(codec_ak4556.o)
                              lib/libdaisy/build/libdaisy.a(daisy_seed.o) (daisy::Ak4556::Init(dsy_gpio_pin))
lib/libdaisy/build/libdaisy.a(codec_wm8731.o)
                              lib/libdaisy/build/libdaisy.a(daisy_seed.o) (daisy::Wm8731::Init(daisy::Wm8731::Config const&, daisy::I2CHandle))
lib/libdaisy/build/libdaisy.a(sdram.o)
                              lib/libdaisy/build/libdaisy.a(daisy_seed.o) (SdramHandle::Init())
lib/libdaisy/build/libdaisy.a(audio.o)
                              lib/libdaisy/build/libdaisy.a(daisy_seed.o) (daisy::AudioHandle::Init(daisy::AudioHandle::Config const&, daisy::SaiHandle))
lib/libdaisy/build/libdaisy.a(ctrl.o)
                              build/Interface.o (daisy::AnalogControl::Init(unsigned short*, float, bool, bool, float))
lib/libdaisy/build/libdaisy.a(logger.o)
                              build/Amathia.o (daisy::Logger<(daisy::LoggerDestination)1>::PrintLine(char const*, ...))
lib/libdaisy/build/libdaisy.a(switch.o)
                              build/Interface.o (daisy::Switch::Init(dsy_gpio_pin, float))
lib/libdaisy/build/libdaisy.a(usb.o)
                              lib/libdaisy/build/libdaisy.a(logger.o) (daisy::UsbHandle::Init(daisy::UsbHandle::UsbPeriph))
lib/libdaisy/build/libdaisy.a(adc.o)
                              build/Interface.o (daisy::AdcChannelConfig::InitSingle(dsy_gpio_pin))
lib/libdaisy/build/libdaisy.a(gpio.o)
                              lib/libdaisy/build/libdaisy.a(daisy_seed.o) (dsy_gpio_init)
lib/libdaisy/build/libdaisy.a(i2c.o)
                              build/mpr121_daisy.o (daisy::I2CHandle::Init(daisy::I2CHandle::Config const&))
lib/libdaisy/build/libdaisy.a(qspi.o)
                              lib/libdaisy/build/libdaisy.a(daisy_seed.o) (daisy::QSPIHandle::Init(daisy::QSPIHandle::Config const&))
lib/libdaisy/build/libdaisy.a(sai.o)
                              lib/libdaisy/build/libdaisy.a(daisy_seed.o) (daisy::SaiHandle::Init(daisy::SaiHandle::Config const&))
lib/libdaisy/build/libdaisy.a(system.o)
                              lib/libdaisy/build/libdaisy.a(daisy_seed.o) (daisy::System::DeInit())
lib/libdaisy/build/libdaisy.a(system_stm32h7xx.o)
                              build/startup_stm32h750xx.o (SystemInit)
lib/libdaisy/build/libdaisy.a(usbd_cdc_if.o)
                              lib/libdaisy/build/libdaisy.a(usb.o) (CDC_Transmit_FS)
lib/libdaisy/build/libdaisy.a(usbd_conf.o)
                              lib/libdaisy/build/libdaisy.a(system.o) (hpcd_USB_OTG_HS)
lib/libdaisy/build/libdaisy.a(usbd_desc.o)
                              lib/libdaisy/build/libdaisy.a(usb.o) (HS_Desc)
lib/libdaisy/build/libdaisy.a(usbh_conf.o)
                              lib/libdaisy/build/libdaisy.a(system.o) (hhcd_USB_OTG_HS)
lib/libdaisy/build/libdaisy.a(hal_map.o)
                              lib/libdaisy/build/libdaisy.a(gpio.o) (dsy_hal_map_get_port)
lib/libdaisy/build/libdaisy.a(stm32h7xx_hal.o)
                              lib/libdaisy/build/libdaisy.a(system.o) (HAL_Init)
lib/libdaisy/build/libdaisy.a(stm32h7xx_hal_adc.o)
                              lib/libdaisy/build/libdaisy.a(adc.o) (HAL_ADC_ConfigChannel)
lib/libdaisy/build/libdaisy.a(stm32h7xx_hal_adc_ex.o)
                              lib/libdaisy/build/libdaisy.a(adc.o) (HAL_ADCEx_Calibration_Start)
lib/libdaisy/build/libdaisy.a(stm32h7xx_hal_cortex.o)
                              lib/libdaisy/build/libdaisy.a(stm32h7xx_hal.o) (HAL_NVIC_SetPriorityGrouping)
lib/libdaisy/build/libdaisy.a(stm32h7xx_hal_dma.o)
                              lib/libdaisy/build/libdaisy.a(adc.o) (HAL_DMA_Init)
lib/libdaisy/build/libdaisy.a(stm32h7xx_hal_gpio.o)
                              lib/libdaisy/build/libdaisy.a(sdram.o) (HAL_GPIO_Init)
lib/libdaisy/build/libdaisy.a(stm32h7xx_hal_hcd.o)
                              lib/libdaisy/build/libdaisy.a(usbh_conf.o) (HAL_HCD_HC_Init)
lib/libdaisy/build/libdaisy.a(stm32h7xx_hal_i2c.o)
                              lib/libdaisy/build/libdaisy.a(i2c.o) (HAL_I2C_Init)
lib/libdaisy/build/libdaisy.a(stm32h7xx_hal_i2c_ex.o)
                              lib/libdaisy/build/libdaisy.a(i2c.o) (HAL_I2CEx_ConfigAnalogFilter)
lib/libdaisy/build/libdaisy.a(stm32h7xx_hal_pcd.o)
                              lib/libdaisy/build/libdaisy.a(usbd_conf.o) (HAL_PCD_Init)
lib/libdaisy/build/libdaisy.a(stm32h7xx_hal_pcd_ex.o)
                              lib/libdaisy/build/libdaisy.a(usbd_conf.o) (HAL_PCDEx_SetTxFiFo)
lib/libdaisy/build/libdaisy.a(stm32h7xx_hal_pwr_ex.o)
                              lib/libdaisy/build/libdaisy.a(system.o) (HAL_PWREx_ConfigSupply)
lib/libdaisy/build/libdaisy.a(stm32h7xx_hal_qspi.o)
                              lib/libdaisy/build/libdaisy.a(qspi.o) (HAL_QSPI_Init)
[...]
Memory Configuration

Name             Origin             Length             Attributes
FLASH            0x0000000008000000 0x0000000000020000 xr
DTCMRAM          0x0000000020000000 0x0000000000020000 xrw
SRAM             0x0000000024000000 0x0000000000080000 xrw
RAM_D2           0x0000000030000000 0x0000000000048000 xrw
RAM_D3           0x0000000038000000 0x0000000000010000 xrw
ITCMRAM          0x0000000000000000 0x0000000000010000 xrw
SDRAM            0x00000000c0000000 0x0000000004000000 xrw
QSPIFLASH        0x0000000090000000 0x0000000000800000 xr
*default*        0x0000000000000000 0xffffffffffffffff

Linker script and memory map

LOAD /Library/DaisyToolchain/0.2.0/arm/bin/../lib/gcc/arm-none-eabi/10.3.1/thumb/v7e-m+dp/hard/crti.o
LOAD /Library/DaisyToolchain/0.2.0/arm/bin/../lib/gcc/arm-none-eabi/10.3.1/thumb/v7e-m+dp/hard/crtbegin.o
LOAD /Library/DaisyToolchain/0.2.0/arm/bin/../lib/gcc/arm-none-eabi/10.3.1/../../../../arm-none-eabi/lib/thumb/v7e-m+dp/hard/crt0.o
LOAD build/startup_stm32h750xx.o
LOAD build/Amathia.o
LOAD build/AudioProcessor.o
LOAD build/Polyphony.o
LOAD build/Interface.o
LOAD build/VoiceEnvelope.o
LOAD build/mpr121_daisy.o
LOAD build/reverbsc.o
LOAD build/BiquadFilters.o
LOAD build/voice.o
LOAD build/additive_engine.o
LOAD build/bass_drum_engine.o
LOAD build/chord_engine.o
LOAD build/fm_engine.o
LOAD build/grain_engine.o
LOAD build/hi_hat_engine.o
LOAD build/modal_engine.o
LOAD build/noise_engine.o
LOAD build/particle_engine.o
LOAD build/snare_drum_engine.o
LOAD build/speech_engine.o
LOAD build/string_engine.o
LOAD build/swarm_engine.o
LOAD build/virtual_analog_engine.o
LOAD build/waveshaping_engine.o
LOAD build/wavetable_engine.o
LOAD build/lpc_speech_synth.o
LOAD build/lpc_speech_synth_controller.o
LOAD build/lpc_speech_synth_phonemes.o
LOAD build/lpc_speech_synth_words.o
LOAD build/naive_speech_synth.o
LOAD build/sam_speech_synth.o
LOAD build/modal_voice.o
LOAD build/resonator.o
LOAD build/string.o
LOAD build/string_voice.o
LOAD build/resources.o
LOAD build/units.o
LOAD build/random.o
LOAD lib/libdaisy/build/libdaisy.a
LOAD /Library/DaisyToolchain/0.2.0/arm/bin/../lib/gcc/arm-none-eabi/10.3.1/../../../../arm-none-eabi/lib/thumb/v7e-m+dp/hard/libnosys.a
LOAD lib/DaisySP/build/libdaisysp.a
LOAD /Library/DaisyToolchain/0.2.0/arm/bin/../lib/gcc/arm-none-eabi/10.3.1/../../../../arm-none-eabi/lib/thumb/v7e-m+dp/hard/libstdc++_nano.a
LOAD /Library/DaisyToolchain/0.2.0/arm/bin/../lib/gcc/arm-none-eabi/10.3.1/../../../../arm-none-eabi/lib/thumb/v7e-m+dp/hard/libm.a
LOAD /Library/DaisyToolchain/0.2.0/arm/bin/../lib/gcc/arm-none-eabi/10.3.1/../../../../arm-none-eabi/lib/thumb/v7e-m+dp/hard/libc_nano.a
START GROUP
LOAD /Library/DaisyToolchain/0.2.0/arm/bin/../lib/gcc/arm-none-eabi/10.3.1/thumb/v7e-m+dp/hard/libgcc.a
LOAD /Library/DaisyToolchain/0.2.0/arm/bin/../lib/gcc/arm-none-eabi/10.3.1/../../../../arm-none-eabi/lib/thumb/v7e-m+dp/hard/libc_nano.a
END GROUP
START GROUP
LOAD /Library/DaisyToolchain/0.2.0/arm/bin/../lib/gcc/arm-none-eabi/10.3.1/thumb/v7e-m+dp/hard/libgcc.a
LOAD /Library/DaisyToolchain/0.2.0/arm/bin/../lib/gcc/arm-none-eabi/10.3.1/../../../../arm-none-eabi/lib/thumb/v7e-m+dp/hard/libc_nano.a
LOAD /Library/DaisyToolchain/0.2.0/arm/bin/../lib/gcc/arm-none-eabi/10.3.1/../../../../arm-none-eabi/lib/thumb/v7e-m+dp/hard/libnosys.a
END GROUP
START GROUP
LOAD /Library/DaisyToolchain/0.2.0/arm/bin/../lib/gcc/arm-none-eabi/10.3.1/thumb/v7e-m+dp/hard/libgcc.a
LOAD /Library/DaisyToolchain/0.2.0/arm/bin/../lib/gcc/arm-none-eabi/10.3.1/../../../../arm-none-eabi/lib/thumb/v7e-m+dp/hard/libc_nano.a
LOAD /Library/DaisyToolchain/0.2.0/arm/bin/../lib/gcc/arm-none-eabi/10.3.1/../../../../arm-none-eabi/lib/thumb/v7e-m+dp/hard/libnosys.a
END GROUP
LOAD /Library/DaisyToolchain/0.2.0/arm/bin/../lib/gcc/arm-none-eabi/10.3.1/thumb/v7e-m+dp/hard/crtend.o
LOAD /Library/DaisyToolchain/0.2.0/arm/bin/../lib/gcc/arm-none-eabi/10.3.1/thumb/v7e-m+dp/hard/crtn.o
                0x0000000020020000                _estack = 0x20020000

.isr_vector     0x0000000008000000      0x298
                0x0000000008000000                . = ALIGN (0x4)
 *(.isr_vector)
 .isr_vector    0x0000000008000000      0x298 build/startup_stm32h750xx.o
                0x0000000008000000                g_pfnVectors
                0x0000000008000298                . = ALIGN (0x4)

.text           0x00000000080002a0    0x1dfbc
                0x00000000080002a0                . = ALIGN (0x4)
                0x00000000080002a0                _stext = .
 *(.text)
 .text          0x00000000080002a0       0x40 /Library/DaisyToolchain/0.2.0/arm/bin/../lib/gcc/arm-none-eabi/10.3.1/thumb/v7e-m+dp/hard/crtbegin.o
 .text          0x00000000080002e0       0x14 /Library/DaisyToolchain/0.2.0/arm/bin/../lib/gcc/arm-none-eabi/10.3.1/../../../../arm-none-eabi/lib/thumb/v7e-m+dp/hard/libc_nano.a(lib_a-strcmp.o)
                0x00000000080002e0                strcmp
 *fill*         0x00000000080002f4        0xc 
 .text          0x0000000008000300       0xa0 /Library/DaisyToolchain/0.2.0/arm/bin/../lib/gcc/arm-none-eabi/10.3.1/../../../../arm-none-eabi/lib/thumb/v7e-m+dp/hard/libc_nano.a(lib_a-memchr.o)
                0x0000000008000300                memchr
 *(.text*)
 .text.Default_Handler
                0x00000000080003a0        0x2 build/startup_stm32h750xx.o
                0x00000000080003a0                SAI1_IRQHandler
                0x00000000080003a0                HASH_RNG_IRQHandler
                0x00000000080003a0                EXTI2_IRQHandler
                0x00000000080003a0                TIM8_CC_IRQHandler
                0x00000000080003a0                HRTIM1_Master_IRQHandler
                0x00000000080003a0                DebugMon_Handler
                0x00000000080003a0                UART8_IRQHandler
                0x00000000080003a0                SPI4_IRQHandler
                0x00000000080003a0                TIM1_CC_IRQHandler
                0x00000000080003a0                BDMA_Channel6_IRQHandler
                0x00000000080003a0                DMA2_Stream5_IRQHandler
                0x00000000080003a0                HRTIM1_FLT_IRQHandler
                0x00000000080003a0                JPEG_IRQHandler
                0x00000000080003a0                DMA1_Stream5_IRQHandler
                0x00000000080003a0                BDMA_Channel1_IRQHandler
                0x00000000080003a0                HRTIM1_TIMD_IRQHandler
                0x00000000080003a0                TAMP_STAMP_IRQHandler
                0x00000000080003a0                PendSV_Handler
                0x00000000080003a0                NMI_Handler
                0x00000000080003a0                EXTI3_IRQHandler
                0x00000000080003a0                LPTIM4_IRQHandler
                0x00000000080003a0                TIM8_TRG_COM_TIM14_IRQHandler
                0x00000000080003a0                LPTIM2_IRQHandler
                0x00000000080003a0                DFSDM1_FLT1_IRQHandler
                0x00000000080003a0                DMAMUX2_OVR_IRQHandler
                0x00000000080003a0                TIM8_UP_TIM13_IRQHandler
                0x00000000080003a0                I2C3_ER_IRQHandler
                0x00000000080003a0                DFSDM1_FLT2_IRQHandler
                0x00000000080003a0                MDMA_IRQHandler
                0x00000000080003a0                LPTIM3_IRQHandler
                0x00000000080003a0                HSEM1_IRQHandler
                0x00000000080003a0                EXTI0_IRQHandler
                0x00000000080003a0                FPU_IRQHandler
                0x00000000080003a0                OTG_HS_WKUP_IRQHandler
                0x00000000080003a0                FDCAN1_IT1_IRQHandler
                0x00000000080003a0                UsageFault_Handler
                0x00000000080003a0                LTDC_ER_IRQHandler
                0x00000000080003a0                DMA2_Stream2_IRQHandler
                0x00000000080003a0                HRTIM1_TIME_IRQHandler
                0x00000000080003a0                TIM6_DAC_IRQHandler
                0x00000000080003a0                DCMI_IRQHandler
                0x00000000080003a0                HRTIM1_TIMC_IRQHandler
                0x00000000080003a0                DMA2_Stream3_IRQHandler
                0x00000000080003a0                SAI2_IRQHandler
                0x00000000080003a0                DFSDM1_FLT3_IRQHandler
                0x00000000080003a0                USART6_IRQHandler
                0x00000000080003a0                TIM17_IRQHandler
                0x00000000080003a0                USART3_IRQHandler
                0x00000000080003a0                CRYP_IRQHandler
                0x00000000080003a0                BDMA_Channel7_IRQHandler
                0x00000000080003a0                LPTIM5_IRQHandler
                0x00000000080003a0                UART5_IRQHandler
                0x00000000080003a0                ADC3_IRQHandler
                0x00000000080003a0                DMA2_Stream0_IRQHandler
                0x00000000080003a0                TIM4_IRQHandler
                0x00000000080003a0                BDMA_Channel2_IRQHandler
                0x00000000080003a0                DMAMUX1_OVR_IRQHandler
                0x00000000080003a0                TIM16_IRQHandler
                0x00000000080003a0                UART4_IRQHandler
                0x00000000080003a0                BDMA_Channel5_IRQHandler
                0x00000000080003a0                TIM3_IRQHandler
                0x00000000080003a0                RCC_IRQHandler
                0x00000000080003a0                TIM8_BRK_TIM12_IRQHandler
                0x00000000080003a0                TIM1_TRG_COM_IRQHandler
                0x00000000080003a0                Default_Handler
                0x00000000080003a0                ECC_IRQHandler
                0x00000000080003a0                CEC_IRQHandler
                0x00000000080003a0                EXTI15_10_IRQHandler
                0x00000000080003a0                BDMA_Channel0_IRQHandler
                0x00000000080003a0                ADC_IRQHandler
                0x00000000080003a0                HRTIM1_TIMA_IRQHandler
                0x00000000080003a0                SPI5_IRQHandler
                0x00000000080003a0                TIM7_IRQHandler
                0x00000000080003a0                SDMMC1_IRQHandler
                0x00000000080003a0                TIM5_IRQHandler
                0x00000000080003a0                DMA2_Stream7_IRQHandler
                0x00000000080003a0                TIM15_IRQHandler
                0x00000000080003a0                PVD_AVD_IRQHandler
                0x00000000080003a0                EXTI9_5_IRQHandler
                0x00000000080003a0                RTC_WKUP_IRQHandler
                0x00000000080003a0                LTDC_IRQHandler
                0x00000000080003a0                SAI3_IRQHandler
                0x00000000080003a0                ETH_WKUP_IRQHandler
                0x00000000080003a0                SPDIF_RX_IRQHandler
                0x00000000080003a0                SPI2_IRQHandler
                0x00000000080003a0                MemManage_Handler
                0x00000000080003a0                SVC_Handler
                0x00000000080003a0                CRS_IRQHandler
                0x00000000080003a0                EXTI4_IRQHandler
                0x00000000080003a0                HRTIM1_TIMB_IRQHandler
                0x00000000080003a0                FDCAN2_IT1_IRQHandler
                0x00000000080003a0                ETH_IRQHandler
                0x00000000080003a0                TIM1_UP_IRQHandler
                0x00000000080003a0                BDMA_Channel4_IRQHandler
                0x00000000080003a0                WWDG_IRQHandler
                0x00000000080003a0                SPI6_IRQHandler
                0x00000000080003a0                I2C4_EV_IRQHandler
                0x00000000080003a0                MDIOS_IRQHandler
                0x00000000080003a0                FDCAN2_IT0_IRQHandler
                0x00000000080003a0                LPUART1_IRQHandler
                0x00000000080003a0                FDCAN1_IT0_IRQHandler
                0x00000000080003a0                TIM2_IRQHandler
                0x00000000080003a0                OTG_FS_WKUP_IRQHandler
                0x00000000080003a0                DMA2D_IRQHandler
                0x00000000080003a0                TIM1_BRK_IRQHandler
                0x00000000080003a0                EXTI1_IRQHandler
                0x00000000080003a0                SDMMC2_IRQHandler
                0x00000000080003a0                BDMA_Channel3_IRQHandler
                0x00000000080003a0                UART7_IRQHandler
                0x00000000080003a0                MDIOS_WKUP_IRQHandler
                0x00000000080003a0                USART2_IRQHandler
                0x00000000080003a0                DFSDM1_FLT0_IRQHandler
                0x00000000080003a0                SAI4_IRQHandler
                0x00000000080003a0                I2C2_ER_IRQHandler
                0x00000000080003a0                DMA2_Stream1_IRQHandler
                0x00000000080003a0                FLASH_IRQHandler
                0x00000000080003a0                DMA2_Stream4_IRQHandler
                0x00000000080003a0                BusFault_Handler
                0x00000000080003a0                USART1_IRQHandler
                0x00000000080003a0                SPI3_IRQHandler
                0x00000000080003a0                WAKEUP_PIN_IRQHandler
                0x00000000080003a0                I2C1_ER_IRQHandler
                0x00000000080003a0                FMC_IRQHandler
                0x00000000080003a0                FDCAN_CAL_IRQHandler
                0x00000000080003a0                SWPMI1_IRQHandler
                0x00000000080003a0                COMP1_IRQHandler
                0x00000000080003a0                LPTIM1_IRQHandler
                0x00000000080003a0                I2C4_ER_IRQHandler
                0x00000000080003a0                DMA2_Stream6_IRQHandler
                0x00000000080003a0                RTC_Alarm_IRQHandler
 *fill*         0x00000000080003a2        0x2 
 .text.Reset_Handler
                0x00000000080003a4       0x3c build/startup_stm32h750xx.o
                0x00000000080003a4                Reset_Handler
 .text._Z13UpdateDisplayv
                0x00000000080003e0       0xe8 build/Amathia.o
                0x00000000080003e0                UpdateDisplay()
 .text._Z15PollTouchSensorv
                0x00000000080004c8      0x120 build/Amathia.o
                0x00000000080004c8                PollTouchSensor()
 .text.startup.main
                0x00000000080005e8       0x34 build/Amathia.o
                0x00000000080005e8                main
 .text._ZN13VoiceEnvelope13SetAttackTimeEf
                0x000000000800061c       0xbc build/AudioProcessor.o
                0x000000000800061c                VoiceEnvelope::SetAttackTime(float)
 .text._ZN13VoiceEnvelope14SetReleaseTimeEf
                0x00000000080006d8       0x32 build/AudioProcessor.o
                0x00000000080006d8                VoiceEnvelope::SetReleaseTime(float)
 .text._ZN13VoiceEnvelope7ProcessEv
                0x000000000800070a      0x102 build/AudioProcessor.o
                0x000000000800070a                VoiceEnvelope::Process()
 .text._Z15ProcessControlsv
                0x000000000800080c       0x80 build/AudioProcessor.o
                0x000000000800080c                ProcessControls()
 .text._Z14ReadKnobValuesv
                0x000000000800088c       0xb4 build/AudioProcessor.o
                0x000000000800088c                ReadKnobValues()
 .text._Z16ResetVoiceStatesv
                0x0000000008000940       0x3c build/AudioProcessor.o
                0x0000000008000940                ResetVoiceStates()
 .text._Z23DetermineEngineSettingsv
                0x000000000800097c       0x60 build/AudioProcessor.o
                0x000000000800097c                DetermineEngineSettings()
 .text._Z16HandleTouchInputibi
                0x00000000080009dc      0x184 build/AudioProcessor.o
                0x00000000080009dc                HandleTouchInput(int, bool, int)
 .text._Z22ConfigureDelaySettingsv
                0x0000000008000b60       0x88 build/AudioProcessor.o
                0x0000000008000b60                ConfigureDelaySettings()
 .text._Z22PrepareVoiceParametersibi
                0x0000000008000be8      0x124 build/AudioProcessor.o
                0x0000000008000be8                PrepareVoiceParameters(int, bool, int)
 .text._Z21ProcessVoiceEnvelopesb
                0x0000000008000d0c       0xe4 build/AudioProcessor.o
                0x0000000008000d0c                ProcessVoiceEnvelopes(bool)
 .text._Z25UpdatePerformanceMonitorsjPf
                0x0000000008000df0       0x54 build/AudioProcessor.o
                0x0000000008000df0                UpdatePerformanceMonitors(unsigned int, float*)
 .text._ZN10infrasonic9EchoDelayILj48000EE7ProcessEf
                0x0000000008000e44      0x13c build/AudioProcessor.o
                0x0000000008000e44                infrasonic::EchoDelay<48000u>::Process(float)
 .text._Z18ProcessAudioOutputPfjf
                0x0000000008000f80       0xa8 build/AudioProcessor.o
                0x0000000008000f80                ProcessAudioOutput(float*, unsigned int, float)
 .text._Z13AudioCallbackPKfPfj
                0x0000000008001028      0x170 build/AudioProcessor.o
                0x0000000008001028                AudioCallback(float const*, float*, unsigned int)
 .text.__tcf_0  0x0000000008001198        0x2 build/Polyphony.o
 *fill*         0x000000000800119a        0x2 
 .text._Z9FindVoicefi
                0x000000000800119c       0x48 build/Polyphony.o
                0x000000000800119c                FindVoice(float, int)
 .text._Z18FindAvailableVoicei
                0x00000000080011e4       0x20 build/Polyphony.o
                0x00000000080011e4                FindAvailableVoice(int)
 .text._Z14AssignMonoNotef
                0x0000000008001204       0x24 build/Polyphony.o
                0x0000000008001204                AssignMonoNote(float)
 .text._Z16InitializeVoicesv
                0x0000000008001228       0xe4 build/Polyphony.o
                0x0000000008001228                InitializeVoices()
 .text.startup._GLOBAL__sub_I_voices
                0x000000000800130c       0xd8 build/Polyphony.o
 .text._ZN5daisy6SwitchD2Ev
                0x00000000080013e4        0x2 build/Interface.o
                0x00000000080013e4                daisy::Switch::~Switch()
                0x00000000080013e4                daisy::Switch::~Switch()
 .text._ZN5daisy13AnalogControlD2Ev
                0x00000000080013e6        0x2 build/Interface.o
                0x00000000080013e6                daisy::AnalogControl::~AnalogControl()
                0x00000000080013e6                daisy::AnalogControl::~AnalogControl()
 .text._ZN5daisy9DaisySeedD2Ev
                0x00000000080013e8        0x2 build/Interface.o
                0x00000000080013e8                daisy::DaisySeed::~DaisySeed()
                0x00000000080013e8                daisy::DaisySeed::~DaisySeed()
 .text._ZN6Mpr121D2Ev
                0x00000000080013ea        0x2 build/Interface.o
                0x00000000080013ea                Mpr121::~Mpr121()
                0x00000000080013ea                Mpr121::~Mpr121()
 .text._ZN10infrasonic9EchoDelayILj48000EED2Ev
                0x00000000080013ec        0x2 build/Interface.o
                0x00000000080013ec                infrasonic::EchoDelay<48000u>::~EchoDelay()
                0x00000000080013ec                infrasonic::EchoDelay<48000u>::~EchoDelay()
 *fill*         0x00000000080013ee        0x2 
 .text._Z18InitializeHardwarev
                0x00000000080013f0       0x40 build/Interface.o
                0x00000000080013f0                InitializeHardware()
 .text._Z18InitializeControlsv
                0x0000000008001430      0x294 build/Interface.o
                0x0000000008001430                InitializeControls()
 .text._Z21InitializeTouchSensorv
                0x00000000080016c4       0x6c build/Interface.o
                0x00000000080016c4                InitializeTouchSensor()
 .text._Z17HandleButtonInputv
                0x0000000008001730       0x74 build/Interface.o
                0x0000000008001730                HandleButtonInput()
 .text._Z9UpdateLEDv
                0x00000000080017a4       0x40 build/Interface.o
                0x00000000080017a4                UpdateLED()
 .text._ZN10infrasonic13BiquadCascadeILj1ELNS_13BiquadSection10FilterTypeE2EE18updateCoefficientsEv
                0x00000000080017e4       0x32 build/Interface.o
                0x00000000080017e4                infrasonic::BiquadCascade<1u, (infrasonic::BiquadSection::FilterType)2>::updateCoefficients()
 *fill*         0x0000000008001816        0x2 
 .text._Z15InitializeDelayv
                0x0000000008001818       0xd4 build/Interface.o
                0x0000000008001818                InitializeDelay()
 .text._Z15InitializeSynthv
                0x00000000080018ec      0x118 build/Interface.o
                0x00000000080018ec                InitializeSynth()
 .text.startup._GLOBAL__sub_I_hw
                0x0000000008001a04      0x12c build/Interface.o
 .text._ZN6Mpr12113ReadRegister8Eh
                0x0000000008001b30       0x36 build/mpr121_daisy.o
                0x0000000008001b30                Mpr121::ReadRegister8(unsigned char)
 .text._ZN6Mpr12112BaselineDataEh
                0x0000000008001b66       0x18 build/mpr121_daisy.o
                0x0000000008001b66                Mpr121::BaselineData(unsigned char)
 .text._ZN6Mpr12114ReadRegister16Eh
                0x0000000008001b7e       0x36 build/mpr121_daisy.o
                0x0000000008001b7e                Mpr121::ReadRegister16(unsigned char)
 .text._ZN6Mpr1217TouchedEv
                0x0000000008001bb4        0x6 build/mpr121_daisy.o
                0x0000000008001bb4                Mpr121::Touched()
 .text._ZN6Mpr12112FilteredDataEh
                0x0000000008001bba       0x14 build/mpr121_daisy.o
                0x0000000008001bba                Mpr121::FilteredData(unsigned char)
 .text._ZN6Mpr12120GetBaselineDeviationEh
                0x0000000008001bce       0x22 build/mpr121_daisy.o
                0x0000000008001bce                Mpr121::GetBaselineDeviation(unsigned char)
 .text._ZN6Mpr12113WriteRegisterEhh
                0x0000000008001bf0       0x2e build/mpr121_daisy.o
                0x0000000008001bf0                Mpr121::WriteRegister(unsigned char, unsigned char)
 .text._ZN6Mpr12113SetThresholdsEhh
                0x0000000008001c1e       0x3e build/mpr121_daisy.o
                0x0000000008001c1e                Mpr121::SetThresholds(unsigned char, unsigned char)
 .text._ZN6Mpr1214InitERKNS_6ConfigE
                0x0000000008001c5c       0xdc build/mpr121_daisy.o
                0x0000000008001c5c                Mpr121::Init(Mpr121::Config const&)
 .text._ZNK6Mpr1218HasErrorEv
                0x0000000008001d38        0x4 build/mpr121_daisy.o
                0x0000000008001d38                Mpr121::HasError() const
 .text._ZN6Mpr12110ClearErrorEv
                0x0000000008001d3c        0x6 build/mpr121_daisy.o
                0x0000000008001d3c                Mpr121::ClearError()
 *fill*         0x0000000008001d42        0x2 
 .text._ZN10infrasonic13BiquadSection21CalculateCoefficientsENS0_10FilterTypeEfff
                0x0000000008001d44       0xb0 build/BiquadFilters.o
                0x0000000008001d44                infrasonic::BiquadSection::CalculateCoefficients(infrasonic::BiquadSection::FilterType, float, float, float)
 .text._ZN6stmlib16SemitonesToRatioEf
                0x0000000008001df4       0x48 build/voice.o
                0x0000000008001df4                stmlib::SemitonesToRatio(float)
 .text._ZN6plaits11LPGEnvelope9ProcessLPEffff
                0x0000000008001e3c       0x80 build/voice.o
                0x0000000008001e3c                plaits::LPGEnvelope::ProcessLP(float, float, float, float)
 .text._ZN6plaits20ChannelPostProcessor4InitEv
                0x0000000008001ebc       0x28 build/voice.o
                0x0000000008001ebc                plaits::ChannelPostProcessor::Init()
 .text._ZN6plaits20ChannelPostProcessor7ProcessEfbfffPfPsjj
                0x0000000008001ee4      0x180 build/voice.o
                0x0000000008001ee4                plaits::ChannelPostProcessor::Process(float, bool, float, float, float, float*, short*, unsigned int, unsigned int)
 .text._ZN6plaits5Voice6RenderERKNS_5PatchERKNS_11ModulationsEPNS0_5FrameEj
                0x0000000008002064      0x568 build/voice.o
                0x0000000008002064                plaits::Voice::Render(plaits::Patch const&, plaits::Modulations const&, plaits::Voice::Frame*, unsigned int)
 .text._ZN6plaits14EngineRegistryILi16EE16RegisterInstanceEPNS_6EngineEbff
                0x00000000080025cc       0x1a build/voice.o
                0x00000000080025cc                plaits::EngineRegistry<16>::RegisterInstance(plaits::Engine*, bool, float, float)
 *fill*         0x00000000080025e6        0x2 
 .text._ZN6plaits5Voice4InitEPN6stmlib15BufferAllocatorE
                0x00000000080025e8      0x1a0 build/voice.o
                0x00000000080025e8                plaits::Voice::Init(stmlib::BufferAllocator*)
 .text._ZN6plaits14AdditiveEngine5ResetEv
                0x0000000008002788        0x2 build/additive_engine.o
                0x0000000008002788                plaits::AdditiveEngine::Reset()
 .text._ZN6plaits14AdditiveEngine4InitEPN6stmlib15BufferAllocatorE
                0x000000000800278a       0x32 build/additive_engine.o
                0x000000000800278a                plaits::AdditiveEngine::Init(stmlib::BufferAllocator*)
 .text._ZN6stmlib11InterpolateEPKfff
                0x00000000080027bc       0x2a build/additive_engine.o
                0x00000000080027bc                stmlib::Interpolate(float const*, float, float)
 .text._ZN6stmlib15InterpolateWrapEPKfff
                0x00000000080027e6       0x36 build/additive_engine.o
                0x00000000080027e6                stmlib::InterpolateWrap(float const*, float, float)
 .text._ZN6plaits14AdditiveEngine16UpdateAmplitudesEfffPfPKij
                0x000000000800281c       0xf0 build/additive_engine.o
                0x000000000800281c                plaits::AdditiveEngine::UpdateAmplitudes(float, float, float, float*, int const*, unsigned int)
 .text._ZN6plaits18HarmonicOscillatorILi12EE6RenderILi1EEEvfPKfPfj
                0x000000000800290c      0x12c build/additive_engine.o
                0x000000000800290c                void plaits::HarmonicOscillator<12>::Render<1>(float, float const*, float*, unsigned int)
 .text._ZN6plaits18HarmonicOscillatorILi12EE6RenderILi13EEEvfPKfPfj
                0x0000000008002a38      0x15c build/additive_engine.o
                0x0000000008002a38                void plaits::HarmonicOscillator<12>::Render<13>(float, float const*, float*, unsigned int)
 .text._ZN6plaits14AdditiveEngine6RenderERKNS_16EngineParametersEPfS4_jPb
                0x0000000008002b94      0x164 build/additive_engine.o
                0x0000000008002b94                plaits::AdditiveEngine::Render(plaits::EngineParameters const&, float*, float*, unsigned int, bool*)
 .text._ZN6plaits14BassDrumEngine5ResetEv
                0x0000000008002cf8        0x2 build/bass_drum_engine.o
                0x0000000008002cf8                plaits::BassDrumEngine::Reset()
 *fill*         0x0000000008002cfa        0x2 
 .text._ZN6plaits17SyntheticBassDrum13DistortedSineEfff.isra.0
                0x0000000008002cfc       0xa4 build/bass_drum_engine.o
 .text._ZN6stmlib8SoftClipEf
                0x0000000008002da0       0x4a build/bass_drum_engine.o
                0x0000000008002da0                stmlib::SoftClip(float)
 *fill*         0x0000000008002dea        0x2 
 .text._ZN6stmlib3Svf4InitEv
                0x0000000008002dec       0x20 build/bass_drum_engine.o
                0x0000000008002dec                stmlib::Svf::Init()
 .text._ZN6plaits14BassDrumEngine4InitEPN6stmlib15BufferAllocatorE
                0x0000000008002e0c       0x80 build/bass_drum_engine.o
                0x0000000008002e0c                plaits::BassDrumEngine::Init(stmlib::BufferAllocator*)
 .text._ZN6plaits14AnalogBassDrum6RenderEbbffffffPfj
                0x0000000008002e8c      0x35c build/bass_drum_engine.o
                0x0000000008002e8c                plaits::AnalogBassDrum::Render(bool, bool, float, float, float, float, float, float, float*, unsigned int)
 .text._ZN6stmlib6Random8GetFloatEv
                0x00000000080031e8       0x30 build/bass_drum_engine.o
                0x00000000080031e8                stmlib::Random::GetFloat()
 .text._ZN6plaits17SyntheticBassDrum6RenderEbbfffffffPfj
                0x0000000008003218      0x3c0 build/bass_drum_engine.o
                0x0000000008003218                plaits::SyntheticBassDrum::Render(bool, bool, float, float, float, float, float, float, float, float*, unsigned int)
 .text._ZN6plaits9Overdrive7ProcessEfPfj
                0x00000000080035d8       0xac build/bass_drum_engine.o
                0x00000000080035d8                plaits::Overdrive::Process(float, float*, unsigned int)
 .text._ZN6plaits14BassDrumEngine6RenderERKNS_16EngineParametersEPfS4_jPb
                0x0000000008003684      0x1a8 build/bass_drum_engine.o
                0x0000000008003684                plaits::BassDrumEngine::Render(plaits::EngineParameters const&, float*, float*, unsigned int, bool*)
 .text._ZN6plaits8FMEngine4InitEPN6stmlib15BufferAllocatorE
                0x000000000800382c       0x1c build/fm_engine.o
                0x000000000800382c                plaits::FMEngine::Init(stmlib::BufferAllocator*)
 .text._ZN6plaits8FMEngine5ResetEv
                0x0000000008003848        0x2 build/fm_engine.o
                0x0000000008003848                plaits::FMEngine::Reset()
 *fill*         0x000000000800384a        0x2 
 .text._ZN6plaits15NoteToFrequencyEf
                0x000000000800384c       0x88 build/fm_engine.o
                0x000000000800384c                plaits::NoteToFrequency(float)
 .text._ZNK6plaits8FMEngine6SinePMEmf
                0x00000000080038d4       0x54 build/fm_engine.o
                0x00000000080038d4                plaits::FMEngine::SinePM(unsigned long, float) const
 .text._ZN6plaits11Downsampler10AccumulateEif
                0x0000000008003928       0x3c build/fm_engine.o
                0x0000000008003928                plaits::Downsampler::Accumulate(int, float)
 .text._ZN6plaits8FMEngine6RenderERKNS_16EngineParametersEPfS4_jPb
                0x0000000008003964      0x298 build/fm_engine.o
                0x0000000008003964                plaits::FMEngine::Render(plaits::EngineParameters const&, float*, float*, unsigned int, bool*)
 .text._ZN6plaits11GrainEngine5ResetEv
                0x0000000008003bfc        0x2 build/grain_engine.o
                0x0000000008003bfc                plaits::GrainEngine::Reset()
 *fill*         0x0000000008003bfe        0x2 
 .text._ZN6plaits11GrainEngine4InitEPN6stmlib15BufferAllocatorE
                0x0000000008003c00       0x48 build/grain_engine.o
                0x0000000008003c00                plaits::GrainEngine::Init(stmlib::BufferAllocator*)
 .text._ZN6plaits18GrainletOscillator8GrainletEffff.isra.0
                0x0000000008003c48      0x120 build/grain_engine.o
 .text._ZN6plaits11ZOscillator1ZEfffff.isra.0
                0x0000000008003d68      0x124 build/grain_engine.o
 .text._ZN6plaits18GrainletOscillator6RenderEffffPfj
                0x0000000008003e8c      0x168 build/grain_engine.o
                0x0000000008003e8c                plaits::GrainletOscillator::Render(float, float, float, float, float*, unsigned int)
 .text._ZN6plaits11ZOscillator6RenderEffffPfj
                0x0000000008003ff4      0x1e4 build/grain_engine.o
                0x0000000008003ff4                plaits::ZOscillator::Render(float, float, float, float, float*, unsigned int)
 .text._ZN6plaits11GrainEngine6RenderERKNS_16EngineParametersEPfS4_jPb
                0x00000000080041d8      0x1e4 build/grain_engine.o
                0x00000000080041d8                plaits::GrainEngine::Render(plaits::EngineParameters const&, float*, float*, unsigned int, bool*)
 .text._ZN6plaits11HiHatEngine5ResetEv
                0x00000000080043bc        0x2 build/hi_hat_engine.o
                0x00000000080043bc                plaits::HiHatEngine::Reset()
 *fill*         0x00000000080043be        0x2 
 .text._ZN6plaits12RingModNoise10RenderPairEPNS_10OscillatorEffPfS3_S3_j.isra.0
                0x00000000080043c0      0x250 build/hi_hat_engine.o
 .text._ZN6plaits11HiHatEngine4InitEPN6stmlib15BufferAllocatorE
                0x0000000008004610       0xac build/hi_hat_engine.o
                0x0000000008004610                plaits::HiHatEngine::Init(stmlib::BufferAllocator*)
 .text._ZN6stmlib3Svf7set_f_qILNS_22FrequencyApproximationE1EEEvff
                0x00000000080046bc       0x74 build/hi_hat_engine.o
                0x00000000080046bc                void stmlib::Svf::set_f_q<(stmlib::FrequencyApproximation)1>(float, float)
 .text._ZN6stmlib3Svf7ProcessILNS_10FilterModeE1EEEvPKfPfj
                0x0000000008004730       0x50 build/hi_hat_engine.o
                0x0000000008004730                void stmlib::Svf::Process<(stmlib::FilterMode)1>(float const*, float*, unsigned int)
 .text._ZN6stmlib3Svf7ProcessILNS_10FilterModeE3EEEvPKfPfj
                0x0000000008004780       0x50 build/hi_hat_engine.o
                0x0000000008004780                void stmlib::Svf::Process<(stmlib::FilterMode)3>(float const*, float*, unsigned int)
 .text._ZN6plaits5HiHatINS_11SquareNoiseENS_8SwingVCAELb1EE6RenderEbbfffffPfS4_S4_j
                0x00000000080047d0      0x3bc build/hi_hat_engine.o
                0x00000000080047d0                plaits::HiHat<plaits::SquareNoise, plaits::SwingVCA, true>::Render(bool, bool, float, float, float, float, float, float*, float*, float*, unsigned int)
 .text._ZN6plaits5HiHatINS_12RingModNoiseENS_9LinearVCAELb0EE6RenderEbbfffffPfS4_S4_j
                0x0000000008004b8c      0x2ac build/hi_hat_engine.o
                0x0000000008004b8c                plaits::HiHat<plaits::RingModNoise, plaits::LinearVCA, false>::Render(bool, bool, float, float, float, float, float, float*, float*, float*, unsigned int)
 .text._ZN6plaits11HiHatEngine6RenderERKNS_16EngineParametersEPfS4_jPb
                0x0000000008004e38       0xc8 build/hi_hat_engine.o
                0x0000000008004e38                plaits::HiHatEngine::Render(plaits::EngineParameters const&, float*, float*, unsigned int, bool*)
 .text._ZN6plaits11ModalEngine4InitEPN6stmlib15BufferAllocatorE
                0x0000000008004f00       0x2e build/modal_engine.o
                0x0000000008004f00                plaits::ModalEngine::Init(stmlib::BufferAllocator*)
 .text._ZN6plaits11ModalEngine5ResetEv
                0x0000000008004f2e        0x6 build/modal_engine.o
                0x0000000008004f2e                plaits::ModalEngine::Reset()
 .text._ZN6plaits11ModalEngine6RenderERKNS_16EngineParametersEPfS4_jPb
                0x0000000008004f34       0xfc build/modal_engine.o
                0x0000000008004f34                plaits::ModalEngine::Render(plaits::EngineParameters const&, float*, float*, unsigned int, bool*)
 .text._ZN6plaits11NoiseEngine5ResetEv
                0x0000000008005030        0x2 build/noise_engine.o
                0x0000000008005030                plaits::NoiseEngine::Reset()
 *fill*         0x0000000008005032        0x2 
 .text._ZN6plaits11NoiseEngine4InitEPN6stmlib15BufferAllocatorE
                0x0000000008005034       0x68 build/noise_engine.o
                0x0000000008005034                plaits::NoiseEngine::Init(stmlib::BufferAllocator*)
 .text._ZN6plaits12ClockedNoise6RenderEbfPfj
                0x000000000800509c      0x140 build/noise_engine.o
                0x000000000800509c                plaits::ClockedNoise::Render(bool, float, float*, unsigned int)
 .text._ZN6stmlib3Svf7ProcessILNS_10FilterModeE1EEEff
                0x00000000080051dc       0x42 build/noise_engine.o
                0x00000000080051dc                float stmlib::Svf::Process<(stmlib::FilterMode)1>(float)
 *fill*         0x000000000800521e        0x2 
 .text._ZN6plaits11NoiseEngine6RenderERKNS_16EngineParametersEPfS4_jPb
                0x0000000008005220      0x254 build/noise_engine.o
                0x0000000008005220                plaits::NoiseEngine::Render(plaits::EngineParameters const&, float*, float*, unsigned int, bool*)
 .text._ZN6plaits14ParticleEngine5ResetEv
                0x0000000008005474       0x1a build/particle_engine.o
                0x0000000008005474                plaits::ParticleEngine::Reset()
 *fill*         0x000000000800548e        0x2 
 .text._ZN6plaits8Diffuser7ProcessEffPfj
                0x0000000008005490      0x2e8 build/particle_engine.o
                0x0000000008005490                plaits::Diffuser::Process(float, float, float*, unsigned int)
 .text._ZN6stmlib3Svf7set_f_qILNS_22FrequencyApproximationE3EEEvff
                0x0000000008005778       0x44 build/particle_engine.o
                0x0000000008005778                void stmlib::Svf::set_f_q<(stmlib::FrequencyApproximation)3>(float, float)
 .text._ZN6plaits14ParticleEngine6RenderERKNS_16EngineParametersEPfS4_jPb
                0x00000000080057bc      0x28c build/particle_engine.o
                0x00000000080057bc                plaits::ParticleEngine::Render(plaits::EngineParameters const&, float*, float*, unsigned int, bool*)
 .text._ZN6plaits14ParticleEngine4InitEPN6stmlib15BufferAllocatorE
                0x0000000008005a48       0x9c build/particle_engine.o
                0x0000000008005a48                plaits::ParticleEngine::Init(stmlib::BufferAllocator*)
 .text._ZN6plaits15SnareDrumEngine5ResetEv
                0x0000000008005ae4        0x2 build/snare_drum_engine.o
                0x0000000008005ae4                plaits::SnareDrumEngine::Reset()
 *fill*         0x0000000008005ae6        0x2 
 .text._ZN6plaits15SnareDrumEngine4InitEPN6stmlib15BufferAllocatorE
                0x0000000008005ae8       0x90 build/snare_drum_engine.o
                0x0000000008005ae8                plaits::SnareDrumEngine::Init(stmlib::BufferAllocator*)
 .text._ZN6stmlib3Svf7set_f_qILNS_22FrequencyApproximationE2EEEvff
                0x0000000008005b78       0x50 build/snare_drum_engine.o
                0x0000000008005b78                void stmlib::Svf::set_f_q<(stmlib::FrequencyApproximation)2>(float, float)
 .text._ZN6plaits15AnalogSnareDrum6RenderEbbfffffPfj
                0x0000000008005bc8      0x418 build/snare_drum_engine.o
                0x0000000008005bc8                plaits::AnalogSnareDrum::Render(bool, bool, float, float, float, float, float, float*, unsigned int)
 .text._ZN6stmlib7OnePole5set_fILNS_22FrequencyApproximationE2EEEvf
                0x0000000008005fe0       0x40 build/snare_drum_engine.o
                0x0000000008005fe0                void stmlib::OnePole::set_f<(stmlib::FrequencyApproximation)2>(float)
 .text._ZN6plaits18SyntheticSnareDrum6RenderEbbfffffPfj
                0x0000000008006020      0x458 build/snare_drum_engine.o
                0x0000000008006020                plaits::SyntheticSnareDrum::Render(bool, bool, float, float, float, float, float, float*, unsigned int)
 .text._ZN6plaits15SnareDrumEngine6RenderERKNS_16EngineParametersEPfS4_jPb
                0x0000000008006478       0xb8 build/snare_drum_engine.o
                0x0000000008006478                plaits::SnareDrumEngine::Render(plaits::EngineParameters const&, float*, float*, unsigned int, bool*)
 .text._ZN6plaits12StringEngine6RenderERKNS_16EngineParametersEPfS4_jPb
                0x0000000008006530      0x188 build/string_engine.o
                0x0000000008006530                plaits::StringEngine::Render(plaits::EngineParameters const&, float*, float*, unsigned int, bool*)
 .text._ZN6plaits9DelayLineIfLj16EE5ResetEv
                0x00000000080066b8       0x14 build/string_engine.o
                0x00000000080066b8                plaits::DelayLine<float, 16u>::Reset()
 .text._ZN6plaits12StringEngine4InitEPN6stmlib15BufferAllocatorE
                0x00000000080066cc       0x80 build/string_engine.o
                0x00000000080066cc                plaits::StringEngine::Init(stmlib::BufferAllocator*)
 .text._ZN6plaits12StringEngine5ResetEv
                0x000000000800674c       0x28 build/string_engine.o
                0x000000000800674c                plaits::StringEngine::Reset()
 .text._ZN6plaits11SwarmEngine4InitEPN6stmlib15BufferAllocatorE
                0x0000000008006774       0x64 build/swarm_engine.o
                0x0000000008006774                plaits::SwarmEngine::Init(stmlib::BufferAllocator*)
 .text._ZN6plaits11SwarmEngine5ResetEv
                0x00000000080067d8        0x2 build/swarm_engine.o
                0x00000000080067d8                plaits::SwarmEngine::Reset()
 *fill*         0x00000000080067da        0x2 
 .text._ZN6plaits18FastSineOscillator14RenderInternalILb1EEEvffPfj
                0x00000000080067dc      0x100 build/swarm_engine.o
                0x00000000080067dc                void plaits::FastSineOscillator::RenderInternal<true>(float, float, float*, unsigned int)
 .text._ZN6plaits11SwarmEngine6RenderERKNS_16EngineParametersEPfS4_jPb
                0x00000000080068dc      0x380 build/swarm_engine.o
                0x00000000080068dc                plaits::SwarmEngine::Render(plaits::EngineParameters const&, float*, float*, unsigned int, bool*)
 .text._ZN6plaits19VirtualAnalogEngine5ResetEv
                0x0000000008006c5c        0x2 build/virtual_analog_engine.o
                0x0000000008006c5c                plaits::VirtualAnalogEngine::Reset()
 *fill*         0x0000000008006c5e        0x2 
 .text._ZN6plaits19VirtualAnalogEngine4InitEPN6stmlib15BufferAllocatorE
                0x0000000008006c60       0x88 build/virtual_analog_engine.o
                0x0000000008006c60                plaits::VirtualAnalogEngine::Init(stmlib::BufferAllocator*)
 .text._ZN6stmlib24NextIntegratedBlepSampleEf
                0x0000000008006ce8       0x22 build/virtual_analog_engine.o
                0x0000000008006ce8                stmlib::NextIntegratedBlepSample(float)
 *fill*         0x0000000008006d0a        0x2 
 .text._ZN6plaits21VariableSawOscillator6RenderEfffPfj
                0x0000000008006d0c      0x204 build/virtual_analog_engine.o
                0x0000000008006d0c                plaits::VariableSawOscillator::Render(float, float, float, float*, unsigned int)
 .text._ZNK6plaits19VirtualAnalogEngine15ComputeDetuningEf
                0x0000000008006f10       0xb4 build/virtual_analog_engine.o
                0x0000000008006f10                plaits::VirtualAnalogEngine::ComputeDetuning(float) const
 .text._ZN6plaits23VariableShapeOscillator6RenderILb1EEEvffffPfj
                0x0000000008006fc4      0x334 build/virtual_analog_engine.o
                0x0000000008006fc4                void plaits::VariableShapeOscillator::Render<true>(float, float, float, float, float*, unsigned int)
 .text._ZN6plaits19VirtualAnalogEngine6RenderERKNS_16EngineParametersEPfS4_jPb
                0x00000000080072f8      0x340 build/virtual_analog_engine.o
                0x00000000080072f8                plaits::VirtualAnalogEngine::Render(plaits::EngineParameters const&, float*, float*, unsigned int, bool*)
 .text._ZN6plaits17WaveshapingEngine5ResetEv
                0x0000000008007638        0x2 build/waveshaping_engine.o
                0x0000000008007638                plaits::WaveshapingEngine::Reset()
 *fill*         0x000000000800763a        0x2 
 .text._ZN6plaits17WaveshapingEngine4InitEPN6stmlib15BufferAllocatorE
                0x000000000800763c       0x3c build/waveshaping_engine.o
                0x000000000800763c                plaits::WaveshapingEngine::Init(stmlib::BufferAllocator*)
 .text._ZN6stmlib18InterpolateHermiteEPKfff
                0x0000000008007678       0x64 build/waveshaping_engine.o
                0x0000000008007678                stmlib::InterpolateHermite(float const*, float, float)
 .text._ZN6plaits10Oscillator6RenderILNS_15OscillatorShapeE3ELb0ELb0EEEvffPKfPfj.isra.0
                0x00000000080076dc      0x16c build/waveshaping_engine.o
 .text._ZN6plaits4TameEfff
                0x0000000008007848       0x4c build/waveshaping_engine.o
                0x0000000008007848                plaits::Tame(float, float, float)
 .text._ZN6plaits17WaveshapingEngine6RenderERKNS_16EngineParametersEPfS4_jPb
                0x0000000008007894      0x310 build/waveshaping_engine.o
                0x0000000008007894                plaits::WaveshapingEngine::Render(plaits::EngineParameters const&, float*, float*, unsigned int, bool*)
 .text._ZN6plaits10ModalVoice4InitEv
                0x0000000008007ba4       0x18 build/modal_voice.o
                0x0000000008007ba4                plaits::ModalVoice::Init()
 .text._ZN6plaits10ModalVoice6RenderEbbfffffPfS1_S1_j
                0x0000000008007bbc      0x270 build/modal_voice.o
                0x0000000008007bbc                plaits::ModalVoice::Render(bool, bool, float, float, float, float, float, float*, float*, float*, unsigned int)
 .text._ZN6plaits9Resonator4InitEfi
                0x0000000008007e2c       0xa0 build/resonator.o
                0x0000000008007e2c                plaits::Resonator::Init(float, int)
 .text._ZN6plaits12ResonatorSvfILi4EE7ProcessILN6stmlib10FilterModeE1ELb1EEEvPKfS6_S6_S6_Pfj
                0x0000000008007ecc      0x184 build/resonator.o
                0x0000000008007ecc                void plaits::ResonatorSvf<4>::Process<(stmlib::FilterMode)1, true>(float const*, float const*, float const*, float const*, float*, unsigned int)
 .text._ZN6plaits9Resonator7ProcessEffffPKfPfj
                0x0000000008008050      0x1c0 build/resonator.o
                0x0000000008008050                plaits::Resonator::Process(float, float, float, float, float const*, float*, unsigned int)
 .text._ZN6stmlib9DCBlocker7ProcessEPfj
                0x0000000008008210       0x34 build/string.o
                0x0000000008008210                stmlib::DCBlocker::Process(float*, unsigned int)
 .text._ZN6plaits9DelayLineIfLj1024EE5ResetEv
                0x0000000008008244       0x16 build/string.o
                0x0000000008008244                plaits::DelayLine<float, 1024u>::Reset()
 .text._ZN6plaits9DelayLineIfLj256EE5ResetEv
                0x000000000800825a       0x16 build/string.o
                0x000000000800825a                plaits::DelayLine<float, 256u>::Reset()
 .text._ZN6plaits6String5ResetEv
                0x0000000008008270       0x48 build/string.o
                0x0000000008008270                plaits::String::Reset()
 .text._ZN6plaits6String4InitEPN6stmlib15BufferAllocatorE
                0x00000000080082b8       0x5c build/string.o
                0x00000000080082b8                plaits::String::Init(stmlib::BufferAllocator*)
 .text._ZNK6plaits9DelayLineIfLj1024EE11ReadHermiteEf
                0x0000000008008314       0x8a build/string.o
                0x0000000008008314                plaits::DelayLine<float, 1024u>::ReadHermite(float) const
 .text._ZN6stmlib3Svf7ProcessILNS_10FilterModeE0EEEff
                0x000000000800839e       0x4a build/string.o
                0x000000000800839e                float stmlib::Svf::Process<(stmlib::FilterMode)0>(float)
 .text._ZN6plaits6String15ProcessInternalILNS_18StringNonLinearityE0EEEvffffPKfPfj
                0x00000000080083e8      0x254 build/string.o
                0x00000000080083e8                void plaits::String::ProcessInternal<(plaits::StringNonLinearity)0>(float, float, float, float, float const*, float*, unsigned int)
 .text._ZN6plaits6String15ProcessInternalILNS_18StringNonLinearityE1EEEvffffPKfPfj
                0x000000000800863c      0x3bc build/string.o
                0x000000000800863c                void plaits::String::ProcessInternal<(plaits::StringNonLinearity)1>(float, float, float, float, float const*, float*, unsigned int)
 .text._ZN6plaits6String7ProcessEffffPKfPfj
                0x00000000080089f8       0x1c build/string.o
                0x00000000080089f8                plaits::String::Process(float, float, float, float, float const*, float*, unsigned int)
 .text._ZN6plaits11StringVoice4InitEPN6stmlib15BufferAllocatorE
                0x0000000008008a14       0x38 build/string_voice.o
                0x0000000008008a14                plaits::StringVoice::Init(stmlib::BufferAllocator*)
 .text._ZN6plaits11StringVoice5ResetEv
                0x0000000008008a4c        0x6 build/string_voice.o
                0x0000000008008a4c                plaits::StringVoice::Reset()
 *fill*         0x0000000008008a52        0x2 
 .text._ZN6plaits11StringVoice6RenderEbbfffffPfS1_S1_j
                0x0000000008008a54      0x2b8 build/string_voice.o
                0x0000000008008a54                plaits::StringVoice::Render(bool, bool, float, float, float, float, float, float*, float*, float*, unsigned int)
 .text._ZN5daisy9DaisySeed9ConfigureEv
                0x0000000008008d0c        0x4 lib/libdaisy/build/libdaisy.a(daisy_seed.o)
                0x0000000008008d0c                daisy::DaisySeed::Configure()
 .text._ZN5daisy9DaisySeed6GetPinEh
                0x0000000008008d10       0x2c lib/libdaisy/build/libdaisy.a(daisy_seed.o)
                0x0000000008008d10                daisy::DaisySeed::GetPin(unsigned char)
 .text._ZN5daisy9DaisySeed10StartAudioEPFvPKfPfjE
                0x0000000008008d3c        0x8 lib/libdaisy/build/libdaisy.a(daisy_seed.o)
                0x0000000008008d3c                daisy::DaisySeed::StartAudio(void (*)(float const*, float*, unsigned int))
 .text._ZN5daisy9DaisySeed18SetAudioSampleRateENS_9SaiHandle6Config10SampleRateE
                0x0000000008008d44       0x38 lib/libdaisy/build/libdaisy.a(daisy_seed.o)
                0x0000000008008d44                daisy::DaisySeed::SetAudioSampleRate(daisy::SaiHandle::Config::SampleRate)
 .text._ZN5daisy9DaisySeed15AudioSampleRateEv
                0x0000000008008d7c        0x8 lib/libdaisy/build/libdaisy.a(daisy_seed.o)
                0x0000000008008d7c                daisy::DaisySeed::AudioSampleRate()
 .text._ZN5daisy9DaisySeed17SetAudioBlockSizeEj
                0x0000000008008d84       0x38 lib/libdaisy/build/libdaisy.a(daisy_seed.o)
                0x0000000008008d84                daisy::DaisySeed::SetAudioBlockSize(unsigned int)
 .text._ZN5daisy9DaisySeed6SetLedEb
                0x0000000008008dbc        0x8 lib/libdaisy/build/libdaisy.a(daisy_seed.o)
                0x0000000008008dbc                daisy::DaisySeed::SetLed(bool)
 .text._ZN5daisy9DaisySeed14ConfigureAudioEv
                0x0000000008008dc4       0xd0 lib/libdaisy/build/libdaisy.a(daisy_seed.o)
                0x0000000008008dc4                daisy::DaisySeed::ConfigureAudio()
 .text._ZN5daisy9DaisySeed4InitEb
                0x0000000008008e94       0xf0 lib/libdaisy/build/libdaisy.a(daisy_seed.o)
                0x0000000008008e94                daisy::DaisySeed::Init(bool)
 .text._ZN5daisy6Ak45564InitE12dsy_gpio_pin
                0x0000000008008f84       0x44 lib/libdaisy/build/libdaisy.a(codec_ak4556.o)
                0x0000000008008f84                daisy::Ak4556::Init(dsy_gpio_pin)
 .text._ZN5daisy6Wm873120WriteControlRegisterEht
                0x0000000008008fc8       0x3c lib/libdaisy/build/libdaisy.a(codec_wm8731.o)
                0x0000000008008fc8                daisy::Wm8731::WriteControlRegister(unsigned char, unsigned short)
 .text._ZN5daisy6Wm87314InitERKNS0_6ConfigENS_9I2CHandleE
                0x0000000008009004      0x1bc lib/libdaisy/build/libdaisy.a(codec_wm8731.o)
                0x0000000008009004                daisy::Wm8731::Init(daisy::Wm8731::Config const&, daisy::I2CHandle)
 .text._ZN11SdramHandle10DeviceInitEv
                0x00000000080091c0       0x98 lib/libdaisy/build/libdaisy.a(sdram.o)
                0x00000000080091c0                SdramHandle::DeviceInit()
 .text._ZN11SdramHandle4InitEv
                0x0000000008009258       0x7c lib/libdaisy/build/libdaisy.a(sdram.o)
                0x0000000008009258                SdramHandle::Init()
 .text.HAL_SDRAM_MspInit
                0x00000000080092d4      0x1a8 lib/libdaisy/build/libdaisy.a(sdram.o)
                0x00000000080092d4                HAL_SDRAM_MspInit
 .text._ZN5daisy11AudioHandle4Impl16InternalCallbackEPlS2_j
                0x000000000800947c      0xbbc lib/libdaisy/build/libdaisy.a(audio.o)
                0x000000000800947c                daisy::AudioHandle::Impl::InternalCallback(long*, long*, unsigned int)
 .text._ZN5daisy11AudioHandle4InitERKNS0_6ConfigENS_9SaiHandleE
                0x000000000800a038       0x64 lib/libdaisy/build/libdaisy.a(audio.o)
                0x000000000800a038                daisy::AudioHandle::Init(daisy::AudioHandle::Config const&, daisy::SaiHandle)
 .text._ZNK5daisy11AudioHandle9GetConfigEv
                0x000000000800a09c        0x8 lib/libdaisy/build/libdaisy.a(audio.o)
                0x000000000800a09c                daisy::AudioHandle::GetConfig() const
 .text._ZN5daisy11AudioHandle12SetBlockSizeEj
                0x000000000800a0a4       0x1c lib/libdaisy/build/libdaisy.a(audio.o)
                0x000000000800a0a4                daisy::AudioHandle::SetBlockSize(unsigned int)
 .text._ZN5daisy11AudioHandle13GetSampleRateEv
                0x000000000800a0c0        0x8 lib/libdaisy/build/libdaisy.a(audio.o)
                0x000000000800a0c0                daisy::AudioHandle::GetSampleRate()
 .text._ZN5daisy11AudioHandle13SetSampleRateENS_9SaiHandle6Config10SampleRateE
                0x000000000800a0c8       0x88 lib/libdaisy/build/libdaisy.a(audio.o)
                0x000000000800a0c8                daisy::AudioHandle::SetSampleRate(daisy::SaiHandle::Config::SampleRate)
 .text._ZN5daisy11AudioHandle5StartEPFvPKfPfjE
                0x000000000800a150       0x2c lib/libdaisy/build/libdaisy.a(audio.o)
                0x000000000800a150                daisy::AudioHandle::Start(void (*)(float const*, float*, unsigned int))
 .text.startup._GLOBAL__sub_I__ZN5daisy11AudioHandle4Impl4InitENS0_6ConfigENS_9SaiHandleE
                0x000000000800a17c       0x10 lib/libdaisy/build/libdaisy.a(audio.o)
 .text._ZN5daisy13AnalogControl4InitEPtfbbf
                0x000000000800a18c       0x3c lib/libdaisy/build/libdaisy.a(ctrl.o)
                0x000000000800a18c                daisy::AnalogControl::Init(unsigned short*, float, bool, bool, float)
 .text._ZN5daisy13AnalogControl7ProcessEv
                0x000000000800a1c8       0x48 lib/libdaisy/build/libdaisy.a(ctrl.o)
                0x000000000800a1c8                daisy::AnalogControl::Process()
 .text._ZN5daisy9UsbHandleD2Ev
                0x000000000800a210        0x4 lib/libdaisy/build/libdaisy.a(logger.o)
                0x000000000800a210                daisy::UsbHandle::~UsbHandle()
                0x000000000800a210                daisy::UsbHandle::~UsbHandle()
 .text._ZN5daisy6LoggerILNS_17LoggerDestinationE1EE11TransmitBufEv
                0x000000000800a214       0x60 lib/libdaisy/build/libdaisy.a(logger.o)
                0x000000000800a214                daisy::Logger<(daisy::LoggerDestination)1>::TransmitBuf()
 .text._ZN5daisy6LoggerILNS_17LoggerDestinationE1EE13AppendNewLineEv
                0x000000000800a274       0x60 lib/libdaisy/build/libdaisy.a(logger.o)
                0x000000000800a274                daisy::Logger<(daisy::LoggerDestination)1>::AppendNewLine()
 .text._ZN5daisy6LoggerILNS_17LoggerDestinationE1EE10PrintLineVEPKcSt9__va_list
                0x000000000800a2d4       0x30 lib/libdaisy/build/libdaisy.a(logger.o)
                0x000000000800a2d4                daisy::Logger<(daisy::LoggerDestination)1>::PrintLineV(char const*, std::__va_list)
 .text._ZN5daisy6LoggerILNS_17LoggerDestinationE1EE9PrintLineEPKcz
                0x000000000800a304       0x1c lib/libdaisy/build/libdaisy.a(logger.o)
                0x000000000800a304                daisy::Logger<(daisy::LoggerDestination)1>::PrintLine(char const*, ...)
 .text._ZN5daisy6LoggerILNS_17LoggerDestinationE1EE8StartLogEb
                0x000000000800a320       0x38 lib/libdaisy/build/libdaisy.a(logger.o)
                0x000000000800a320                daisy::Logger<(daisy::LoggerDestination)1>::StartLog(bool)
 .text.startup._GLOBAL__sub_I__ZN5daisy10LoggerImplILNS_17LoggerDestinationE1EE11usb_handle_E
                0x000000000800a358       0x2c lib/libdaisy/build/libdaisy.a(logger.o)
 .text._ZN5daisy6Switch4InitE12dsy_gpio_pinf
                0x000000000800a384       0x28 lib/libdaisy/build/libdaisy.a(switch.o)
                0x000000000800a384                daisy::Switch::Init(dsy_gpio_pin, float)
 .text._ZN5daisy6Switch8DebounceEv
                0x000000000800a3ac       0x48 lib/libdaisy/build/libdaisy.a(switch.o)
                0x000000000800a3ac                daisy::Switch::Debounce()
 .text.DummyRxCallback
                0x000000000800a3f4        0x4 lib/libdaisy/build/libdaisy.a(usb.o)
                0x000000000800a3f4                DummyRxCallback
 .text._ZN5daisy9UsbHandle4InitENS0_9UsbPeriphE
                0x000000000800a3f8      0x10c lib/libdaisy/build/libdaisy.a(usb.o)
                0x000000000800a3f8                daisy::UsbHandle::Init(daisy::UsbHandle::UsbPeriph)
 .text._ZN5daisy9UsbHandle16TransmitInternalEPhj
                0x000000000800a504       0x14 lib/libdaisy/build/libdaisy.a(usb.o)
                0x000000000800a504                daisy::UsbHandle::TransmitInternal(unsigned char*, unsigned int)
 .text.OTG_FS_EP1_OUT_IRQHandler
                0x000000000800a518        0xc lib/libdaisy/build/libdaisy.a(usb.o)
                0x000000000800a518                OTG_FS_EP1_OUT_IRQHandler
 .text.OTG_FS_EP1_IN_IRQHandler
                0x000000000800a524        0xc lib/libdaisy/build/libdaisy.a(usb.o)
                0x000000000800a524                OTG_FS_EP1_IN_IRQHandler
 .text.OTG_FS_IRQHandler
                0x000000000800a530        0xc lib/libdaisy/build/libdaisy.a(usb.o)
                0x000000000800a530                OTG_FS_IRQHandler
 .text._ZN5daisy16AdcChannelConfig10InitSingleE12dsy_gpio_pin
                0x000000000800a53c       0x1c lib/libdaisy/build/libdaisy.a(adc.o)
                0x000000000800a53c                daisy::AdcChannelConfig::InitSingle(dsy_gpio_pin)
 .text._ZN5daisy9AdcHandle4InitEPNS_16AdcChannelConfigEjNS0_12OverSamplingE
                0x000000000800a558      0x3c8 lib/libdaisy/build/libdaisy.a(adc.o)
                0x000000000800a558                daisy::AdcHandle::Init(daisy::AdcChannelConfig*, unsigned int, daisy::AdcHandle::OverSampling)
 .text._ZN5daisy9AdcHandle5StartEv
                0x000000000800a920       0x2c lib/libdaisy/build/libdaisy.a(adc.o)
                0x000000000800a920                daisy::AdcHandle::Start()
 .text._ZNK5daisy9AdcHandle6GetPtrEh
                0x000000000800a94c       0x14 lib/libdaisy/build/libdaisy.a(adc.o)
                0x000000000800a94c                daisy::AdcHandle::GetPtr(unsigned char) const
 .text.HAL_ADC_MspInit
                0x000000000800a960       0x98 lib/libdaisy/build/libdaisy.a(adc.o)
                0x000000000800a960                HAL_ADC_MspInit
 .text.DMA1_Stream2_IRQHandler
                0x000000000800a9f8        0xc lib/libdaisy/build/libdaisy.a(adc.o)
                0x000000000800a9f8                DMA1_Stream2_IRQHandler
 .text.HAL_ADC_ConvCpltCallback
                0x000000000800aa04      0x148 lib/libdaisy/build/libdaisy.a(adc.o)
                0x000000000800aa04                HAL_ADC_ConvCpltCallback
 .text.HAL_ADC_ErrorCallback
                0x000000000800ab4c        0x4 lib/libdaisy/build/libdaisy.a(adc.o)
                0x000000000800ab4c                HAL_ADC_ErrorCallback
 .text.dsy_gpio_init
                0x000000000800ab50      0x1b8 lib/libdaisy/build/libdaisy.a(gpio.o)
                0x000000000800ab50                dsy_gpio_init
 .text.dsy_gpio_read
                0x000000000800ad08       0x1c lib/libdaisy/build/libdaisy.a(gpio.o)
                0x000000000800ad08                dsy_gpio_read
 .text.dsy_gpio_write
                0x000000000800ad24       0x24 lib/libdaisy/build/libdaisy.a(gpio.o)
                0x000000000800ad24                dsy_gpio_write
 .text._ZN5daisy9I2CHandle4Impl8InitPinsEv
                0x000000000800ad48       0x58 lib/libdaisy/build/libdaisy.a(i2c.o)
                0x000000000800ad48                daisy::I2CHandle::Impl::InitPins()
 .text.HAL_I2C_MspInit
                0x000000000800ada0      0x1b4 lib/libdaisy/build/libdaisy.a(i2c.o)
                0x000000000800ada0                HAL_I2C_MspInit
 .text.dsy_i2c_global_init
                0x000000000800af54       0x78 lib/libdaisy/build/libdaisy.a(i2c.o)
                0x000000000800af54                dsy_i2c_global_init
 .text.DMA1_Stream6_IRQHandler
                0x000000000800afcc       0x34 lib/libdaisy/build/libdaisy.a(i2c.o)
                0x000000000800afcc                DMA1_Stream6_IRQHandler
 .text.I2C1_EV_IRQHandler
                0x000000000800b000        0xc lib/libdaisy/build/libdaisy.a(i2c.o)
                0x000000000800b000                I2C1_EV_IRQHandler
 .text.I2C2_EV_IRQHandler
                0x000000000800b00c        0xc lib/libdaisy/build/libdaisy.a(i2c.o)
                0x000000000800b00c                I2C2_EV_IRQHandler
 .text.I2C3_EV_IRQHandler
                0x000000000800b018        0xc lib/libdaisy/build/libdaisy.a(i2c.o)
                0x000000000800b018                I2C3_EV_IRQHandler
 .text._ZN5daisy9I2CHandle4InitERKNS0_6ConfigE
                0x000000000800b024      0x12c lib/libdaisy/build/libdaisy.a(i2c.o)
                0x000000000800b024                daisy::I2CHandle::Init(daisy::I2CHandle::Config const&)
 .text._ZN5daisy9I2CHandle16TransmitBlockingEtPhtm
                0x000000000800b150       0x50 lib/libdaisy/build/libdaisy.a(i2c.o)
                0x000000000800b150                daisy::I2CHandle::TransmitBlocking(unsigned short, unsigned char*, unsigned short, unsigned long)
 .text._ZN5daisy9I2CHandle17ReadDataAtAddressEtttPhtm
                0x000000000800b1a0       0x4c lib/libdaisy/build/libdaisy.a(i2c.o)
                0x000000000800b1a0                daisy::I2CHandle::ReadDataAtAddress(unsigned short, unsigned short, unsigned short, unsigned char*, unsigned short, unsigned long)
 .text._ZN5daisy9I2CHandle18WriteDataAtAddressEtttPhtm
                0x000000000800b1ec       0x4c lib/libdaisy/build/libdaisy.a(i2c.o)
                0x000000000800b1ec                daisy::I2CHandle::WriteDataAtAddress(unsigned short, unsigned short, unsigned short, unsigned char*, unsigned short, unsigned long)
 .text.startup._GLOBAL__sub_I__ZN5daisy9I2CHandle4Impl10GlobalInitEv
                0x000000000800b238       0x18 lib/libdaisy/build/libdaisy.a(i2c.o)
 .text._ZN5daisy10QSPIHandle4Impl11WriteEnableEv
                0x000000000800b250       0x8c lib/libdaisy/build/libdaisy.a(qspi.o)
                0x000000000800b250                daisy::QSPIHandle::Impl::WriteEnable()
 *fill*         0x000000000800b2dc        0x4 
 .text._ZN5daisy10QSPIHandle4Impl17DummyCyclesConfigENS0_6Config6DeviceE
                0x000000000800b2e0      0x118 lib/libdaisy/build/libdaisy.a(qspi.o)
                0x000000000800b2e0                daisy::QSPIHandle::Impl::DummyCyclesConfig(daisy::QSPIHandle::Config::Device)
 .text._ZN5daisy10QSPIHandle4Impl10QuadEnableEv
                0x000000000800b3f8      0x158 lib/libdaisy/build/libdaisy.a(qspi.o)
                0x000000000800b3f8                daisy::QSPIHandle::Impl::QuadEnable()
 .text._ZN5daisy10QSPIHandle4InitERKNS0_6ConfigE
                0x000000000800b550      0x198 lib/libdaisy/build/libdaisy.a(qspi.o)
                0x000000000800b550                daisy::QSPIHandle::Init(daisy::QSPIHandle::Config const&)
 .text.HAL_QSPI_MspInit
                0x000000000800b6e8      0x11c lib/libdaisy/build/libdaisy.a(qspi.o)
                0x000000000800b6e8                HAL_QSPI_MspInit
 .text.HAL_QSPI_MspDeInit
                0x000000000800b804       0x54 lib/libdaisy/build/libdaisy.a(qspi.o)
                0x000000000800b804                HAL_QSPI_MspDeInit
 .text.QUADSPI_IRQHandler
                0x000000000800b858        0xc lib/libdaisy/build/libdaisy.a(qspi.o)
                0x000000000800b858                QUADSPI_IRQHandler
 .text.startup._GLOBAL__sub_I__ZN5daisy10QSPIHandle4Impl4InitERKNS0_6ConfigE
                0x000000000800b864       0x28 lib/libdaisy/build/libdaisy.a(qspi.o)
 .text._ZN5daisy9SaiHandle4Impl7InitDmaENS1_15PeripheralBlockE
                0x000000000800b88c       0xa0 lib/libdaisy/build/libdaisy.a(sai.o)
                0x000000000800b88c                daisy::SaiHandle::Impl::InitDma(daisy::SaiHandle::Impl::PeripheralBlock)
 .text._ZN5daisy9SaiHandle4Impl8InitPinsEv
                0x000000000800b92c       0xa8 lib/libdaisy/build/libdaisy.a(sai.o)
                0x000000000800b92c                daisy::SaiHandle::Impl::InitPins()
 .text.HAL_SAI_MspInit
                0x000000000800b9d4      0x164 lib/libdaisy/build/libdaisy.a(sai.o)
                0x000000000800b9d4                HAL_SAI_MspInit
 .text.DMA1_Stream0_IRQHandler
                0x000000000800bb38        0xc lib/libdaisy/build/libdaisy.a(sai.o)
                0x000000000800bb38                DMA1_Stream0_IRQHandler
 .text.DMA1_Stream1_IRQHandler
                0x000000000800bb44        0xc lib/libdaisy/build/libdaisy.a(sai.o)
                0x000000000800bb44                DMA1_Stream1_IRQHandler
 .text.DMA1_Stream3_IRQHandler
                0x000000000800bb50        0xc lib/libdaisy/build/libdaisy.a(sai.o)
                0x000000000800bb50                DMA1_Stream3_IRQHandler
 .text.DMA1_Stream4_IRQHandler
                0x000000000800bb5c        0xc lib/libdaisy/build/libdaisy.a(sai.o)
                0x000000000800bb5c                DMA1_Stream4_IRQHandler
 .text.HAL_SAI_RxHalfCpltCallback
                0x000000000800bb68       0x78 lib/libdaisy/build/libdaisy.a(sai.o)
                0x000000000800bb68                HAL_SAI_RxHalfCpltCallback
 .text.HAL_SAI_RxCpltCallback
                0x000000000800bbe0       0x70 lib/libdaisy/build/libdaisy.a(sai.o)
                0x000000000800bbe0                HAL_SAI_RxCpltCallback
 .text._ZN5daisy9SaiHandle4InitERKNS0_6ConfigE
                0x000000000800bc50      0x1f0 lib/libdaisy/build/libdaisy.a(sai.o)
                0x000000000800bc50                daisy::SaiHandle::Init(daisy::SaiHandle::Config const&)
 .text._ZNK5daisy9SaiHandle9GetConfigEv
                0x000000000800be40        0x4 lib/libdaisy/build/libdaisy.a(sai.o)
                0x000000000800be40                daisy::SaiHandle::GetConfig() const
 .text._ZN5daisy9SaiHandle8StartDmaEPlS1_jPFvS1_S1_jE
                0x000000000800be44       0xbc lib/libdaisy/build/libdaisy.a(sai.o)
                0x000000000800be44                daisy::SaiHandle::StartDma(long*, long*, unsigned int, void (*)(long*, long*, unsigned int))
 .text._ZN5daisy9SaiHandle13GetSampleRateEv
                0x000000000800bf00       0x24 lib/libdaisy/build/libdaisy.a(sai.o)
                0x000000000800bf00                daisy::SaiHandle::GetSampleRate()
 .text._ZNK5daisy9SaiHandle9GetOffsetEv
                0x000000000800bf24        0x8 lib/libdaisy/build/libdaisy.a(sai.o)
                0x000000000800bf24                daisy::SaiHandle::GetOffset() const
 .text._ZN5daisy11TimerHandleD2Ev
                0x000000000800bf2c        0x4 lib/libdaisy/build/libdaisy.a(system.o)
                0x000000000800bf2c                daisy::TimerHandle::~TimerHandle()
                0x000000000800bf2c                daisy::TimerHandle::~TimerHandle()
 .text.SysTick_Handler
                0x000000000800bf30       0x10 lib/libdaisy/build/libdaisy.a(system.o)
                0x000000000800bf30                SysTick_Handler
 .text.OTG_HS_EP1_OUT_IRQHandler
                0x000000000800bf40       0x24 lib/libdaisy/build/libdaisy.a(system.o)
                0x000000000800bf40                OTG_HS_EP1_OUT_IRQHandler
 .text.OTG_HS_EP1_IN_IRQHandler
                0x000000000800bf64       0x24 lib/libdaisy/build/libdaisy.a(system.o)
                0x000000000800bf64                OTG_HS_EP1_IN_IRQHandler
 .text.OTG_HS_IRQHandler
                0x000000000800bf88       0x24 lib/libdaisy/build/libdaisy.a(system.o)
                0x000000000800bf88                OTG_HS_IRQHandler
 .text.HardFault_Handler
                0x000000000800bfac        0x4 lib/libdaisy/build/libdaisy.a(system.o)
                0x000000000800bfac                HardFault_Handler
 .text._ZN5daisy6System6GetNowEv
                0x000000000800bfb0        0x4 lib/libdaisy/build/libdaisy.a(system.o)
                0x000000000800bfb0                daisy::System::GetNow()
 .text._ZN5daisy6System7GetTickEv
                0x000000000800bfb4        0xc lib/libdaisy/build/libdaisy.a(system.o)
                0x000000000800bfb4                daisy::System::GetTick()
 .text._ZN5daisy6System5DelayEm
                0x000000000800bfc0        0x4 lib/libdaisy/build/libdaisy.a(system.o)
                0x000000000800bfc0                daisy::System::Delay(unsigned long)
 .text._ZN5daisy6System17ResetToBootloaderEv
                0x000000000800bfc4       0x38 lib/libdaisy/build/libdaisy.a(system.o)
                0x000000000800bfc4                daisy::System::ResetToBootloader()
 .text._ZN5daisy6System15ConfigureClocksEv
                0x000000000800bffc      0x194 lib/libdaisy/build/libdaisy.a(system.o)
                0x000000000800bffc                daisy::System::ConfigureClocks()
 .text._ZN5daisy6System4InitERKNS0_6ConfigE
                0x000000000800c190      0x12c lib/libdaisy/build/libdaisy.a(system.o)
                0x000000000800c190                daisy::System::Init(daisy::System::Config const&)
 .text._ZN5daisy6System12GetPClk1FreqEv
                0x000000000800c2bc        0x4 lib/libdaisy/build/libdaisy.a(system.o)
                0x000000000800c2bc                daisy::System::GetPClk1Freq()
 .text._ZN5daisy6System11GetTickFreqEv
                0x000000000800c2c0        0xc lib/libdaisy/build/libdaisy.a(system.o)
                0x000000000800c2c0                daisy::System::GetTickFreq()
 .text._ZN5daisy6System22GetProgramMemoryRegionEv
                0x000000000800c2cc       0x78 lib/libdaisy/build/libdaisy.a(system.o)
                0x000000000800c2cc                daisy::System::GetProgramMemoryRegion()
 .text.startup._GLOBAL__sub_I_SysTick_Handler
                0x000000000800c344       0x1c lib/libdaisy/build/libdaisy.a(system.o)
 .text.SystemInit
                0x000000000800c360       0x9c lib/libdaisy/build/libdaisy.a(system_stm32h7xx.o)
                0x000000000800c360                SystemInit
 .text.dummy_rx_callback
                0x000000000800c3fc        0x4 lib/libdaisy/build/libdaisy.a(usbd_cdc_if.o)
                0x000000000800c3fc                dummy_rx_callback
 .text.CDC_DeInit_FS
                0x000000000800c400        0x4 lib/libdaisy/build/libdaisy.a(usbd_cdc_if.o)
 .text.CDC_Receive_FS
                0x000000000800c404       0x2c lib/libdaisy/build/libdaisy.a(usbd_cdc_if.o)
 .text.CDC_Receive_HS
                0x000000000800c430       0x2c lib/libdaisy/build/libdaisy.a(usbd_cdc_if.o)
 .text.CDC_Init_FS
                0x000000000800c45c       0x3c lib/libdaisy/build/libdaisy.a(usbd_cdc_if.o)
 .text.CDC_Init_HS
                0x000000000800c498       0x3c lib/libdaisy/build/libdaisy.a(usbd_cdc_if.o)
 .text.CDC_Control_FS
                0x000000000800c4d4       0x34 lib/libdaisy/build/libdaisy.a(usbd_cdc_if.o)
 .text.CDC_Control_HS
                0x000000000800c508       0x34 lib/libdaisy/build/libdaisy.a(usbd_cdc_if.o)
 .text.CDC_DeInit_HS
                0x000000000800c53c        0x4 lib/libdaisy/build/libdaisy.a(usbd_cdc_if.o)
 .text.CDC_Transmit_FS
                0x000000000800c540       0x2c lib/libdaisy/build/libdaisy.a(usbd_cdc_if.o)
                0x000000000800c540                CDC_Transmit_FS
 .text.HAL_PCD_MspInit
                0x000000000800c56c      0x144 lib/libdaisy/build/libdaisy.a(usbd_conf.o)
                0x000000000800c56c                HAL_PCD_MspInit
 .text.HAL_PCD_SetupStageCallback
                0x000000000800c6b0        0xc lib/libdaisy/build/libdaisy.a(usbd_conf.o)
                0x000000000800c6b0                HAL_PCD_SetupStageCallback
 .text.HAL_PCD_DataOutStageCallback
                0x000000000800c6bc       0x14 lib/libdaisy/build/libdaisy.a(usbd_conf.o)
                0x000000000800c6bc                HAL_PCD_DataOutStageCallback
 .text.HAL_PCD_DataInStageCallback
                0x000000000800c6d0       0x14 lib/libdaisy/build/libdaisy.a(usbd_conf.o)
                0x000000000800c6d0                HAL_PCD_DataInStageCallback
 .text.HAL_PCD_SOFCallback
                0x000000000800c6e4        0x8 lib/libdaisy/build/libdaisy.a(usbd_conf.o)
                0x000000000800c6e4                HAL_PCD_SOFCallback
 .text.HAL_PCD_ResetCallback
                0x000000000800c6ec       0x24 lib/libdaisy/build/libdaisy.a(usbd_conf.o)
                0x000000000800c6ec                HAL_PCD_ResetCallback
 .text.HAL_PCD_SuspendCallback
                0x000000000800c710       0x30 lib/libdaisy/build/libdaisy.a(usbd_conf.o)
                0x000000000800c710                HAL_PCD_SuspendCallback
 .text.HAL_PCD_ResumeCallback
                0x000000000800c740        0x8 lib/libdaisy/build/libdaisy.a(usbd_conf.o)
                0x000000000800c740                HAL_PCD_ResumeCallback
 .text.HAL_PCD_ISOOUTIncompleteCallback
                0x000000000800c748        0x8 lib/libdaisy/build/libdaisy.a(usbd_conf.o)
                0x000000000800c748                HAL_PCD_ISOOUTIncompleteCallback
 .text.HAL_PCD_ISOINIncompleteCallback
                0x000000000800c750        0x8 lib/libdaisy/build/libdaisy.a(usbd_conf.o)
                0x000000000800c750                HAL_PCD_ISOINIncompleteCallback
 .text.HAL_PCD_ConnectCallback
                0x000000000800c758        0x8 lib/libdaisy/build/libdaisy.a(usbd_conf.o)
                0x000000000800c758                HAL_PCD_ConnectCallback
 .text.HAL_PCD_DisconnectCallback
                0x000000000800c760        0x8 lib/libdaisy/build/libdaisy.a(usbd_conf.o)
                0x000000000800c760                HAL_PCD_DisconnectCallback
 .text.USBD_LL_Init
                0x000000000800c768       0xe4 lib/libdaisy/build/libdaisy.a(usbd_conf.o)
                0x000000000800c768                USBD_LL_Init
 .text.USBD_LL_Start
                0x000000000800c84c       0x1c lib/libdaisy/build/libdaisy.a(usbd_conf.o)
                0x000000000800c84c                USBD_LL_Start
 .text.USBD_LL_OpenEP
                0x000000000800c868       0x24 lib/libdaisy/build/libdaisy.a(usbd_conf.o)
                0x000000000800c868                USBD_LL_OpenEP
 .text.USBD_LL_CloseEP
                0x000000000800c88c       0x1c lib/libdaisy/build/libdaisy.a(usbd_conf.o)
                0x000000000800c88c                USBD_LL_CloseEP
 .text.USBD_LL_StallEP
                0x000000000800c8a8       0x1c lib/libdaisy/build/libdaisy.a(usbd_conf.o)
                0x000000000800c8a8                USBD_LL_StallEP
 .text.USBD_LL_ClearStallEP
                0x000000000800c8c4       0x1c lib/libdaisy/build/libdaisy.a(usbd_conf.o)
                0x000000000800c8c4                USBD_LL_ClearStallEP
 .text.USBD_LL_IsStallEP
                0x000000000800c8e0       0x28 lib/libdaisy/build/libdaisy.a(usbd_conf.o)
                0x000000000800c8e0                USBD_LL_IsStallEP
 .text.USBD_LL_SetUSBAddress
                0x000000000800c908       0x1c lib/libdaisy/build/libdaisy.a(usbd_conf.o)
                0x000000000800c908                USBD_LL_SetUSBAddress
 .text.USBD_LL_Transmit
                0x000000000800c924       0x1c lib/libdaisy/build/libdaisy.a(usbd_conf.o)
                0x000000000800c924                USBD_LL_Transmit
 .text.USBD_LL_PrepareReceive
                0x000000000800c940       0x1c lib/libdaisy/build/libdaisy.a(usbd_conf.o)
                0x000000000800c940                USBD_LL_PrepareReceive
 .text.USBD_LL_GetRxDataSize
                0x000000000800c95c        0x8 lib/libdaisy/build/libdaisy.a(usbd_conf.o)
                0x000000000800c95c                USBD_LL_GetRxDataSize
 .text.USBD_HS_DeviceDescriptor
                0x000000000800c964        0xc lib/libdaisy/build/libdaisy.a(usbd_desc.o)
                0x000000000800c964                USBD_HS_DeviceDescriptor
 .text.USBD_FS_DeviceDescriptor
                0x000000000800c970        0xc lib/libdaisy/build/libdaisy.a(usbd_desc.o)
                0x000000000800c970                USBD_FS_DeviceDescriptor
 .text.USBD_FS_LangIDStrDescriptor
                0x000000000800c97c        0xc lib/libdaisy/build/libdaisy.a(usbd_desc.o)
                0x000000000800c97c                USBD_FS_LangIDStrDescriptor
 .text.USBD_FS_ManufacturerStrDescriptor
                0x000000000800c988       0x1c lib/libdaisy/build/libdaisy.a(usbd_desc.o)
                0x000000000800c988                USBD_FS_ManufacturerStrDescriptor
 .text.USBD_HS_ProductStrDescriptor
                0x000000000800c9a4       0x1c lib/libdaisy/build/libdaisy.a(usbd_desc.o)
                0x000000000800c9a4                USBD_HS_ProductStrDescriptor
 .text.USBD_FS_ConfigStrDescriptor
                0x000000000800c9c0       0x1c lib/libdaisy/build/libdaisy.a(usbd_desc.o)
                0x000000000800c9c0                USBD_FS_ConfigStrDescriptor
 .text.USBD_FS_InterfaceStrDescriptor
                0x000000000800c9dc       0x1c lib/libdaisy/build/libdaisy.a(usbd_desc.o)
                0x000000000800c9dc                USBD_FS_InterfaceStrDescriptor
 .text.USBD_FS_ProductStrDescriptor
                0x000000000800c9f8       0x1c lib/libdaisy/build/libdaisy.a(usbd_desc.o)
                0x000000000800c9f8                USBD_FS_ProductStrDescriptor
 .text.USBD_HS_LangIDStrDescriptor
                0x000000000800ca14        0xc lib/libdaisy/build/libdaisy.a(usbd_desc.o)
                0x000000000800ca14                USBD_HS_LangIDStrDescriptor
 .text.USBD_HS_ManufacturerStrDescriptor
                0x000000000800ca20       0x1c lib/libdaisy/build/libdaisy.a(usbd_desc.o)
                0x000000000800ca20                USBD_HS_ManufacturerStrDescriptor
 .text.USBD_FS_SerialStrDescriptor
                0x000000000800ca3c      0x124 lib/libdaisy/build/libdaisy.a(usbd_desc.o)
                0x000000000800ca3c                USBD_FS_SerialStrDescriptor
 .text.USBD_HS_SerialStrDescriptor
                0x000000000800cb60      0x124 lib/libdaisy/build/libdaisy.a(usbd_desc.o)
                0x000000000800cb60                USBD_HS_SerialStrDescriptor
 .text.USBD_HS_InterfaceStrDescriptor
                0x000000000800cc84       0x1c lib/libdaisy/build/libdaisy.a(usbd_desc.o)
                0x000000000800cc84                USBD_HS_InterfaceStrDescriptor
 .text.USBD_HS_ConfigStrDescriptor
                0x000000000800cca0       0x1c lib/libdaisy/build/libdaisy.a(usbd_desc.o)
                0x000000000800cca0                USBD_HS_ConfigStrDescriptor
 .text.HAL_HCD_SOF_Callback
                0x000000000800ccbc        0x8 lib/libdaisy/build/libdaisy.a(usbh_conf.o)
                0x000000000800ccbc                HAL_HCD_SOF_Callback
 .text.HAL_HCD_Connect_Callback
                0x000000000800ccc4        0x8 lib/libdaisy/build/libdaisy.a(usbh_conf.o)
                0x000000000800ccc4                HAL_HCD_Connect_Callback
 .text.HAL_HCD_Disconnect_Callback
                0x000000000800cccc        0x8 lib/libdaisy/build/libdaisy.a(usbh_conf.o)
                0x000000000800cccc                HAL_HCD_Disconnect_Callback
 .text.HAL_HCD_HC_NotifyURBChange_Callback
                0x000000000800ccd4        0x4 lib/libdaisy/build/libdaisy.a(usbh_conf.o)
                0x000000000800ccd4                HAL_HCD_HC_NotifyURBChange_Callback
 .text.HAL_HCD_PortEnabled_Callback
                0x000000000800ccd8        0x8 lib/libdaisy/build/libdaisy.a(usbh_conf.o)
                0x000000000800ccd8                HAL_HCD_PortEnabled_Callback
 .text.HAL_HCD_PortDisabled_Callback
                0x000000000800cce0        0x8 lib/libdaisy/build/libdaisy.a(usbh_conf.o)
                0x000000000800cce0                HAL_HCD_PortDisabled_Callback
 .text.USBH_LL_Stop
                0x000000000800cce8       0x1c lib/libdaisy/build/libdaisy.a(usbh_conf.o)
                0x000000000800cce8                USBH_LL_Stop
 .text.dsy_hal_map_get_port
                0x000000000800cd04       0x10 lib/libdaisy/build/libdaisy.a(hal_map.o)
                0x000000000800cd04                dsy_hal_map_get_port
 .text.dsy_hal_map_get_pin
                0x000000000800cd14       0x10 lib/libdaisy/build/libdaisy.a(hal_map.o)
                0x000000000800cd14                dsy_hal_map_get_pin
 .text.dsy_hal_map_gpio_clk_enable
                0x000000000800cd24      0x150 lib/libdaisy/build/libdaisy.a(hal_map.o)
                0x000000000800cd24                dsy_hal_map_gpio_clk_enable
 .text.HAL_MspInit
                0x000000000800ce74        0x4 lib/libdaisy/build/libdaisy.a(stm32h7xx_hal.o)
                0x000000000800ce74                HAL_MspInit
 .text.HAL_InitTick
                0x000000000800ce78       0x4c lib/libdaisy/build/libdaisy.a(stm32h7xx_hal.o)
                0x000000000800ce78                HAL_InitTick
 .text.HAL_Init
                0x000000000800cec4       0x60 lib/libdaisy/build/libdaisy.a(stm32h7xx_hal.o)
                0x000000000800cec4                HAL_Init
 .text.HAL_IncTick
                0x000000000800cf24       0x18 lib/libdaisy/build/libdaisy.a(stm32h7xx_hal.o)
                0x000000000800cf24                HAL_IncTick
 .text.HAL_GetTick
                0x000000000800cf3c        0xc lib/libdaisy/build/libdaisy.a(stm32h7xx_hal.o)
                0x000000000800cf3c                HAL_GetTick
 .text.HAL_Delay
                0x000000000800cf48       0x24 lib/libdaisy/build/libdaisy.a(stm32h7xx_hal.o)
                0x000000000800cf48                HAL_Delay
 .text.HAL_GetREVID
                0x000000000800cf6c        0xc lib/libdaisy/build/libdaisy.a(stm32h7xx_hal.o)
                0x000000000800cf6c                HAL_GetREVID
 .text.HAL_ADC_ConvHalfCpltCallback
                0x000000000800cf78        0x4 lib/libdaisy/build/libdaisy.a(stm32h7xx_hal_adc.o)
                0x000000000800cf78                HAL_ADC_ConvHalfCpltCallback
 .text.ADC_DMAHalfConvCplt
                0x000000000800cf7c        0xc lib/libdaisy/build/libdaisy.a(stm32h7xx_hal_adc.o)
                0x000000000800cf7c                ADC_DMAHalfConvCplt
 .text.ADC_DMAConvCplt
                0x000000000800cf88       0x6c lib/libdaisy/build/libdaisy.a(stm32h7xx_hal_adc.o)
                0x000000000800cf88                ADC_DMAConvCplt
 .text.ADC_DMAError
                0x000000000800cff4       0x1c lib/libdaisy/build/libdaisy.a(stm32h7xx_hal_adc.o)
                0x000000000800cff4                ADC_DMAError
 .text.HAL_ADC_ConfigChannel
                0x000000000800d010      0x3fc lib/libdaisy/build/libdaisy.a(stm32h7xx_hal_adc.o)
                0x000000000800d010                HAL_ADC_ConfigChannel
 .text.ADC_Enable
                0x000000000800d40c       0xac lib/libdaisy/build/libdaisy.a(stm32h7xx_hal_adc.o)
                0x000000000800d40c                ADC_Enable
 .text.HAL_ADC_Start_DMA
                0x000000000800d4b8      0x114 lib/libdaisy/build/libdaisy.a(stm32h7xx_hal_adc.o)
                0x000000000800d4b8                HAL_ADC_Start_DMA
 .text.ADC_Disable
                0x000000000800d5cc       0x68 lib/libdaisy/build/libdaisy.a(stm32h7xx_hal_adc.o)
                0x000000000800d5cc                ADC_Disable
 .text.ADC_ConfigureBoostMode
                0x000000000800d634      0x184 lib/libdaisy/build/libdaisy.a(stm32h7xx_hal_adc.o)
                0x000000000800d634                ADC_ConfigureBoostMode
 .text.HAL_ADC_Init
                0x000000000800d7b8      0x218 lib/libdaisy/build/libdaisy.a(stm32h7xx_hal_adc.o)
                0x000000000800d7b8                HAL_ADC_Init
 .text.HAL_ADCEx_Calibration_Start
                0x000000000800d9d0       0xa4 lib/libdaisy/build/libdaisy.a(stm32h7xx_hal_adc_ex.o)
                0x000000000800d9d0                HAL_ADCEx_Calibration_Start
 .text.HAL_ADCEx_MultiModeConfigChannel
                0x000000000800da74       0xc4 lib/libdaisy/build/libdaisy.a(stm32h7xx_hal_adc_ex.o)
                0x000000000800da74                HAL_ADCEx_MultiModeConfigChannel
 .text.HAL_NVIC_SetPriorityGrouping
                0x000000000800db38       0x24 lib/libdaisy/build/libdaisy.a(stm32h7xx_hal_cortex.o)
                0x000000000800db38                HAL_NVIC_SetPriorityGrouping
 .text.HAL_NVIC_SetPriority
                0x000000000800db5c       0x7c lib/libdaisy/build/libdaisy.a(stm32h7xx_hal_cortex.o)
                0x000000000800db5c                HAL_NVIC_SetPriority
 .text.HAL_NVIC_EnableIRQ
                0x000000000800dbd8       0x1c lib/libdaisy/build/libdaisy.a(stm32h7xx_hal_cortex.o)
                0x000000000800dbd8                HAL_NVIC_EnableIRQ
 .text.HAL_NVIC_DisableIRQ
                0x000000000800dbf4       0x28 lib/libdaisy/build/libdaisy.a(stm32h7xx_hal_cortex.o)
                0x000000000800dbf4                HAL_NVIC_DisableIRQ
 .text.HAL_NVIC_SystemReset
                0x000000000800dc1c       0x24 lib/libdaisy/build/libdaisy.a(stm32h7xx_hal_cortex.o)
                0x000000000800dc1c                HAL_NVIC_SystemReset
 .text.HAL_SYSTICK_Config
                0x000000000800dc40       0x2c lib/libdaisy/build/libdaisy.a(stm32h7xx_hal_cortex.o)
                0x000000000800dc40                HAL_SYSTICK_Config
 .text.HAL_MPU_Disable
                0x000000000800dc6c       0x1c lib/libdaisy/build/libdaisy.a(stm32h7xx_hal_cortex.o)
                0x000000000800dc6c                HAL_MPU_Disable
 .text.HAL_MPU_Enable
                0x000000000800dc88       0x20 lib/libdaisy/build/libdaisy.a(stm32h7xx_hal_cortex.o)
                0x000000000800dc88                HAL_MPU_Enable
 .text.HAL_MPU_ConfigRegion
                0x000000000800dca8       0x64 lib/libdaisy/build/libdaisy.a(stm32h7xx_hal_cortex.o)
                0x000000000800dca8                HAL_MPU_ConfigRegion
 .text.HAL_SYSTICK_Callback
                0x000000000800dd0c        0x4 lib/libdaisy/build/libdaisy.a(stm32h7xx_hal_cortex.o)
                0x000000000800dd0c                HAL_SYSTICK_Callback
 .text.HAL_SYSTICK_IRQHandler
                0x000000000800dd10        0x8 lib/libdaisy/build/libdaisy.a(stm32h7xx_hal_cortex.o)
                0x000000000800dd10                HAL_SYSTICK_IRQHandler
 .text.DMA_CalcBaseAndBitshift
                0x000000000800dd18       0xf4 lib/libdaisy/build/libdaisy.a(stm32h7xx_hal_dma.o)
 .text.DMA_CalcDMAMUXChannelBaseAndMask
                0x000000000800de0c       0xd8 lib/libdaisy/build/libdaisy.a(stm32h7xx_hal_dma.o)
 .text.HAL_DMA_Init
                0x000000000800dee4      0x37c lib/libdaisy/build/libdaisy.a(stm32h7xx_hal_dma.o)
                0x000000000800dee4                HAL_DMA_Init
 .text.HAL_DMA_Start_IT
                0x000000000800e260      0x240 lib/libdaisy/build/libdaisy.a(stm32h7xx_hal_dma.o)
                0x000000000800e260                HAL_DMA_Start_IT
 .text.HAL_DMA_Abort_IT
                0x000000000800e4a0      0x134 lib/libdaisy/build/libdaisy.a(stm32h7xx_hal_dma.o)
                0x000000000800e4a0                HAL_DMA_Abort_IT
 .text.HAL_DMA_IRQHandler
                0x000000000800e5d4      0x6a0 lib/libdaisy/build/libdaisy.a(stm32h7xx_hal_dma.o)
                0x000000000800e5d4                HAL_DMA_IRQHandler
 .text.HAL_DMA_GetError
                0x000000000800ec74        0x4 lib/libdaisy/build/libdaisy.a(stm32h7xx_hal_dma.o)
                0x000000000800ec74                HAL_DMA_GetError
 .text.HAL_GPIO_Init
                0x000000000800ec78      0x280 lib/libdaisy/build/libdaisy.a(stm32h7xx_hal_gpio.o)
                0x000000000800ec78                HAL_GPIO_Init
 .text.HAL_GPIO_DeInit
                0x000000000800eef8      0x190 lib/libdaisy/build/libdaisy.a(stm32h7xx_hal_gpio.o)
                0x000000000800eef8                HAL_GPIO_DeInit
 .text.HAL_GPIO_ReadPin
                0x000000000800f088        0xc lib/libdaisy/build/libdaisy.a(stm32h7xx_hal_gpio.o)
                0x000000000800f088                HAL_GPIO_ReadPin
 .text.HAL_GPIO_WritePin
                0x000000000800f094        0x8 lib/libdaisy/build/libdaisy.a(stm32h7xx_hal_gpio.o)
                0x000000000800f094                HAL_GPIO_WritePin
 .text.HAL_HCD_IRQHandler
                0x000000000800f09c      0x780 lib/libdaisy/build/libdaisy.a(stm32h7xx_hal_hcd.o)
                0x000000000800f09c                HAL_HCD_IRQHandler
 .text.HAL_HCD_Stop
                0x000000000800f81c       0x28 lib/libdaisy/build/libdaisy.a(stm32h7xx_hal_hcd.o)
                0x000000000800f81c                HAL_HCD_Stop
 .text.I2C_WaitOnTXISFlagUntilTimeout
                0x000000000800f844       0xb8 lib/libdaisy/build/libdaisy.a(stm32h7xx_hal_i2c.o)
 .text.I2C_WaitOnSTOPFlagUntilTimeout
                0x000000000800f8fc       0xac lib/libdaisy/build/libdaisy.a(stm32h7xx_hal_i2c.o)
 .text.HAL_I2C_Init
                0x000000000800f9a8       0xac lib/libdaisy/build/libdaisy.a(stm32h7xx_hal_i2c.o)
                0x000000000800f9a8                HAL_I2C_Init
 .text.HAL_I2C_Master_Transmit
                0x000000000800fa54      0x1a8 lib/libdaisy/build/libdaisy.a(stm32h7xx_hal_i2c.o)
                0x000000000800fa54                HAL_I2C_Master_Transmit
 .text.HAL_I2C_Slave_Transmit
                0x000000000800fbfc      0x1c8 lib/libdaisy/build/libdaisy.a(stm32h7xx_hal_i2c.o)
                0x000000000800fbfc                HAL_I2C_Slave_Transmit
 .text.HAL_I2C_Mem_Write
                0x000000000800fdc4      0x254 lib/libdaisy/build/libdaisy.a(stm32h7xx_hal_i2c.o)
                0x000000000800fdc4                HAL_I2C_Mem_Write
 .text.HAL_I2C_Mem_Read
                0x0000000008010018      0x29c lib/libdaisy/build/libdaisy.a(stm32h7xx_hal_i2c.o)
                0x0000000008010018                HAL_I2C_Mem_Read
 .text.HAL_I2C_EV_IRQHandler
                0x00000000080102b4       0x10 lib/libdaisy/build/libdaisy.a(stm32h7xx_hal_i2c.o)
                0x00000000080102b4                HAL_I2C_EV_IRQHandler
 .text.HAL_I2C_GetState
                0x00000000080102c4        0x8 lib/libdaisy/build/libdaisy.a(stm32h7xx_hal_i2c.o)
                0x00000000080102c4                HAL_I2C_GetState
 .text.HAL_I2CEx_ConfigAnalogFilter
                0x00000000080102cc       0x54 lib/libdaisy/build/libdaisy.a(stm32h7xx_hal_i2c_ex.o)
                0x00000000080102cc                HAL_I2CEx_ConfigAnalogFilter
 .text.HAL_I2CEx_ConfigDigitalFilter
                0x0000000008010320       0x58 lib/libdaisy/build/libdaisy.a(stm32h7xx_hal_i2c_ex.o)
                0x0000000008010320                HAL_I2CEx_ConfigDigitalFilter
 .text.HAL_PCD_Init
                0x0000000008010378      0x12c lib/libdaisy/build/libdaisy.a(stm32h7xx_hal_pcd.o)
                0x0000000008010378                HAL_PCD_Init
 .text.HAL_PCD_Start
                0x00000000080104a4       0x44 lib/libdaisy/build/libdaisy.a(stm32h7xx_hal_pcd.o)
                0x00000000080104a4                HAL_PCD_Start
 .text.HAL_PCD_IRQHandler
                0x00000000080104e8      0x69c lib/libdaisy/build/libdaisy.a(stm32h7xx_hal_pcd.o)
                0x00000000080104e8                HAL_PCD_IRQHandler
 .text.HAL_PCD_SetAddress
                0x0000000008010b84       0x2c lib/libdaisy/build/libdaisy.a(stm32h7xx_hal_pcd.o)
                0x0000000008010b84                HAL_PCD_SetAddress
 .text.HAL_PCD_EP_Open
                0x0000000008010bb0       0x7c lib/libdaisy/build/libdaisy.a(stm32h7xx_hal_pcd.o)
                0x0000000008010bb0                HAL_PCD_EP_Open
 .text.HAL_PCD_EP_Close
                0x0000000008010c2c       0x6c lib/libdaisy/build/libdaisy.a(stm32h7xx_hal_pcd.o)
                0x0000000008010c2c                HAL_PCD_EP_Close
 .text.HAL_PCD_EP_Receive
                0x0000000008010c98       0x50 lib/libdaisy/build/libdaisy.a(stm32h7xx_hal_pcd.o)
                0x0000000008010c98                HAL_PCD_EP_Receive
 .text.HAL_PCD_EP_GetRxCount
                0x0000000008010ce8       0x14 lib/libdaisy/build/libdaisy.a(stm32h7xx_hal_pcd.o)
                0x0000000008010ce8                HAL_PCD_EP_GetRxCount
 .text.HAL_PCD_EP_Transmit
                0x0000000008010cfc       0x50 lib/libdaisy/build/libdaisy.a(stm32h7xx_hal_pcd.o)
                0x0000000008010cfc                HAL_PCD_EP_Transmit
 .text.HAL_PCD_EP_SetStall
                0x0000000008010d4c       0x88 lib/libdaisy/build/libdaisy.a(stm32h7xx_hal_pcd.o)
                0x0000000008010d4c                HAL_PCD_EP_SetStall
 .text.HAL_PCD_EP_ClrStall
                0x0000000008010dd4       0x78 lib/libdaisy/build/libdaisy.a(stm32h7xx_hal_pcd.o)
                0x0000000008010dd4                HAL_PCD_EP_ClrStall
 .text.HAL_PCDEx_SetTxFiFo
                0x0000000008010e4c       0x54 lib/libdaisy/build/libdaisy.a(stm32h7xx_hal_pcd_ex.o)
                0x0000000008010e4c                HAL_PCDEx_SetTxFiFo
 .text.HAL_PCDEx_SetRxFiFo
                0x0000000008010ea0        0xc lib/libdaisy/build/libdaisy.a(stm32h7xx_hal_pcd_ex.o)
                0x0000000008010ea0                HAL_PCDEx_SetRxFiFo
 .text.HAL_PCDEx_ActivateLPM
                0x0000000008010eac       0x30 lib/libdaisy/build/libdaisy.a(stm32h7xx_hal_pcd_ex.o)