Archive member included to satisfy reference by file (symbol)

lib/libdaisy/build/libdaisy.a(daisy_seed.o)
                              build/Interface.o (daisy::DaisySeed::Configure())
lib/libdaisy/build/libdaisy.a(codec_ak4556.o)
                              lib/libdaisy/build/libdaisy.a(daisy_seed.o) (daisy::Ak4556::Init(dsy_gpio_pin))
lib/libdaisy/build/libdaisy.a(codec_wm8731.o)
                              lib/libdaisy/build/libdaisy.a(daisy_seed.o) (daisy::Wm8731::Init(daisy::Wm8731::Config const&, daisy::I2CHandle))
lib/libdaisy/build/libdaisy.a(sdram.o)
                              lib/libdaisy/build/libdaisy.a(daisy_seed.o) (SdramHandle::Init())
lib/libdaisy/build/libdaisy.a(audio.o)
                              lib/libdaisy/build/libdaisy.a(daisy_seed.o) (daisy::AudioHandle::Init(daisy::AudioHandle::Config const&, daisy::SaiHandle))
lib/libdaisy/build/libdaisy.a(ctrl.o)
                              build/Interface.o (daisy::AnalogControl::Init(unsigned short*, float, bool, bool, float))
lib/libdaisy/build/libdaisy.a(logger.o)
                              build/Thaumazein.o (daisy::Logger<(daisy::LoggerDestination)1>::PrintLine(char const*, ...))
lib/libdaisy/build/libdaisy.a(switch.o)
                              build/Interface.o (daisy::Switch::Init(dsy_gpio_pin, float))
lib/libdaisy/build/libdaisy.a(usb.o)
                              lib/libdaisy/build/libdaisy.a(logger.o) (daisy::UsbHandle::Init(daisy::UsbHandle::UsbPeriph))
lib/libdaisy/build/libdaisy.a(adc.o)
                              build/Interface.o (daisy::AdcChannelConfig::InitSingle(dsy_gpio_pin))
lib/libdaisy/build/libdaisy.a(gpio.o)
                              lib/libdaisy/build/libdaisy.a(daisy_seed.o) (dsy_gpio_init)
lib/libdaisy/build/libdaisy.a(i2c.o)
                              build/mpr121_daisy.o (daisy::I2CHandle::Init(daisy::I2CHandle::Config const&))
lib/libdaisy/build/libdaisy.a(qspi.o)
                              lib/libdaisy/build/libdaisy.a(daisy_seed.o) (daisy::QSPIHandle::Init(daisy::QSPIHandle::Config const&))
lib/libdaisy/build/libdaisy.a(sai.o)
                              lib/libdaisy/build/libdaisy.a(daisy_seed.o) (daisy::SaiHandle::Init(daisy::SaiHandle::Config const&))
lib/libdaisy/build/libdaisy.a(system.o)
                              lib/libdaisy/build/libdaisy.a(daisy_seed.o) (daisy::System::DeInit())
lib/libdaisy/build/libdaisy.a(system_stm32h7xx.o)
                              build/startup_stm32h750xx.o (SystemInit)
lib/libdaisy/build/libdaisy.a(usbd_cdc_if.o)
                              lib/libdaisy/build/libdaisy.a(usb.o) (CDC_Transmit_FS)
lib/libdaisy/build/libdaisy.a(usbd_conf.o)
                              lib/libdaisy/build/libdaisy.a(system.o) (hpcd_USB_OTG_HS)
lib/libdaisy/build/libdaisy.a(usbd_desc.o)
                              lib/libdaisy/build/libdaisy.a(usb.o) (HS_Desc)
lib/libdaisy/build/libdaisy.a(usbh_conf.o)
                              lib/libdaisy/build/libdaisy.a(system.o) (hhcd_USB_OTG_HS)
lib/libdaisy/build/libdaisy.a(hal_map.o)
                              lib/libdaisy/build/libdaisy.a(gpio.o) (dsy_hal_map_get_port)
lib/libdaisy/build/libdaisy.a(stm32h7xx_hal.o)
                              lib/libdaisy/build/libdaisy.a(system.o) (HAL_Init)
lib/libdaisy/build/libdaisy.a(stm32h7xx_hal_adc.o)
                              lib/libdaisy/build/libdaisy.a(adc.o) (HAL_ADC_ConfigChannel)
lib/libdaisy/build/libdaisy.a(stm32h7xx_hal_adc_ex.o)
                              lib/libdaisy/build/libdaisy.a(adc.o) (HAL_ADCEx_Calibration_Start)
lib/libdaisy/build/libdaisy.a(stm32h7xx_hal_cortex.o)
                              lib/libdaisy/build/libdaisy.a(stm32h7xx_hal.o) (HAL_NVIC_SetPriorityGrouping)
lib/libdaisy/build/libdaisy.a(stm32h7xx_hal_dma.o)
                              lib/libdaisy/build/libdaisy.a(adc.o) (HAL_DMA_Init)
lib/libdaisy/build/libdaisy.a(stm32h7xx_hal_gpio.o)
                              lib/libdaisy/build/libdaisy.a(sdram.o) (HAL_GPIO_Init)
lib/libdaisy/build/libdaisy.a(stm32h7xx_hal_hcd.o)
                              lib/libdaisy/build/libdaisy.a(usbh_conf.o) (HAL_HCD_HC_Init)
lib/libdaisy/build/libdaisy.a(stm32h7xx_hal_i2c.o)
                              lib/libdaisy/build/libdaisy.a(i2c.o) (HAL_I2C_Init)
lib/libdaisy/build/libdaisy.a(stm32h7xx_hal_i2c_ex.o)
                              lib/libdaisy/build/libdaisy.a(i2c.o) (HAL_I2CEx_ConfigAnalogFilter)
lib/libdaisy/build/libdaisy.a(stm32h7xx_hal_pcd.o)
                              lib/libdaisy/build/libdaisy.a(usbd_conf.o) (HAL_PCD_Init)
lib/libdaisy/build/libdaisy.a(stm32h7xx_hal_pcd_ex.o)
                              lib/libdaisy/build/libdaisy.a(usbd_conf.o) (HAL_PCDEx_SetTxFiFo)
lib/libdaisy/build/libdaisy.a(stm32h7xx_hal_pwr_ex.o)
                              lib/libdaisy/build/libdaisy.a(system.o) (HAL_PWREx_ConfigSupply)
lib/libdaisy/build/libdaisy.a(stm32h7xx_hal_qspi.o)
                              lib/libdaisy/build/libdaisy.a(qspi.o) (HAL_QSPI_Init)
[...]
Memory Configuration

Name             Origin             Length             Attributes
FLASH            0x0000000008000000 0x0000000000020000 xr
DTCMRAM          0x0000000020000000 0x0000000000020000 xrw
SRAM             0x0000000024000000 0x0000000000080000 xrw
RAM_D2           0x0000000030000000 0x0000000000048000 xrw
RAM_D3           0x0000000038000000 0x0000000000010000 xrw
ITCMRAM          0x0000000000000000 0x0000000000010000 xrw
SDRAM            0x00000000c0000000 0x0000000004000000 xrw
QSPIFLASH        0x0000000090000000 0x0000000000800000 xr
*default*        0x0000000000000000 0xffffffffffffffff

Linker script and memory map

LOAD /Library/DaisyToolchain/0.2.0/arm/bin/../lib/gcc/arm-none-eabi/10.3.1/thumb/v7e-m+dp/hard/crti.o
LOAD /Library/DaisyToolchain/0.2.0/arm/bin/../lib/gcc/arm-none-eabi/10.3.1/thumb/v7e-m+dp/hard/crtbegin.o
LOAD /Library/DaisyToolchain/0.2.0/arm/bin/../lib/gcc/arm-none-eabi/10.3.1/../../../../arm-none-eabi/lib/thumb/v7e-m+dp/hard/crt0.o
LOAD build/startup_stm32h750xx.o
LOAD build/Thaumazein.o
LOAD build/Interface.o
LOAD build/Polyphony.o
LOAD build/AudioProcessor.o
LOAD build/VoiceEnvelope.o
LOAD build/mpr121_daisy.o
LOAD build/reverbsc.o
LOAD build/BiquadFilters.o
LOAD build/voice.o
LOAD build/additive_engine.o
LOAD build/bass_drum_engine.o
LOAD build/chord_engine.o
LOAD build/fm_engine.o
LOAD build/grain_engine.o
LOAD build/hi_hat_engine.o
LOAD build/modal_engine.o
LOAD build/noise_engine.o
LOAD build/particle_engine.o
LOAD build/snare_drum_engine.o
LOAD build/speech_engine.o
LOAD build/string_engine.o
LOAD build/swarm_engine.o
LOAD build/virtual_analog_engine.o
LOAD build/waveshaping_engine.o
LOAD build/wavetable_engine.o
LOAD build/lpc_speech_synth.o
LOAD build/lpc_speech_synth_controller.o
LOAD build/lpc_speech_synth_phonemes.o
LOAD build/lpc_speech_synth_words.o
LOAD build/naive_speech_synth.o
LOAD build/sam_speech_synth.o
LOAD build/modal_voice.o
LOAD build/resonator.o
LOAD build/string.o
LOAD build/string_voice.o
LOAD build/resources.o
LOAD build/units.o
LOAD build/random.o
LOAD lib/libdaisy/build/libdaisy.a
LOAD /Library/DaisyToolchain/0.2.0/arm/bin/../lib/gcc/arm-none-eabi/10.3.1/../../../../arm-none-eabi/lib/thumb/v7e-m+dp/hard/libnosys.a
LOAD lib/DaisySP/build/libdaisysp.a
LOAD /Library/DaisyToolchain/0.2.0/arm/bin/../lib/gcc/arm-none-eabi/10.3.1/../../../../arm-none-eabi/lib/thumb/v7e-m+dp/hard/libstdc++_nano.a
LOAD /Library/DaisyToolchain/0.2.0/arm/bin/../lib/gcc/arm-none-eabi/10.3.1/../../../../arm-none-eabi/lib/thumb/v7e-m+dp/hard/libm.a
LOAD /Library/DaisyToolchain/0.2.0/arm/bin/../lib/gcc/arm-none-eabi/10.3.1/../../../../arm-none-eabi/lib/thumb/v7e-m+dp/hard/libc_nano.a
START GROUP
LOAD /Library/DaisyToolchain/0.2.0/arm/bin/../lib/gcc/arm-none-eabi/10.3.1/thumb/v7e-m+dp/hard/libgcc.a
LOAD /Library/DaisyToolchain/0.2.0/arm/bin/../lib/gcc/arm-none-eabi/10.3.1/../../../../arm-none-eabi/lib/thumb/v7e-m+dp/hard/libc_nano.a
END GROUP
START GROUP
LOAD /Library/DaisyToolchain/0.2.0/arm/bin/../lib/gcc/arm-none-eabi/10.3.1/thumb/v7e-m+dp/hard/libgcc.a
LOAD /Library/DaisyToolchain/0.2.0/arm/bin/../lib/gcc/arm-none-eabi/10.3.1/../../../../arm-none-eabi/lib/thumb/v7e-m+dp/hard/libc_nano.a
LOAD /Library/DaisyToolchain/0.2.0/arm/bin/../lib/gcc/arm-none-eabi/10.3.1/../../../../arm-none-eabi/lib/thumb/v7e-m+dp/hard/libnosys.a
END GROUP
START GROUP
LOAD /Library/DaisyToolchain/0.2.0/arm/bin/../lib/gcc/arm-none-eabi/10.3.1/thumb/v7e-m+dp/hard/libgcc.a
LOAD /Library/DaisyToolchain/0.2.0/arm/bin/../lib/gcc/arm-none-eabi/10.3.1/../../../../arm-none-eabi/lib/thumb/v7e-m+dp/hard/libc_nano.a
LOAD /Library/DaisyToolchain/0.2.0/arm/bin/../lib/gcc/arm-none-eabi/10.3.1/../../../../arm-none-eabi/lib/thumb/v7e-m+dp/hard/libnosys.a
END GROUP
LOAD /Library/DaisyToolchain/0.2.0/arm/bin/../lib/gcc/arm-none-eabi/10.3.1/thumb/v7e-m+dp/hard/crtend.o
LOAD /Library/DaisyToolchain/0.2.0/arm/bin/../lib/gcc/arm-none-eabi/10.3.1/thumb/v7e-m+dp/hard/crtn.o
                0x0000000020020000                _estack = 0x20020000

.isr_vector     0x0000000008000000      0x298
                0x0000000008000000                . = ALIGN (0x4)
 *(.isr_vector)
 .isr_vector    0x0000000008000000      0x298 build/startup_stm32h750xx.o
                0x0000000008000000                g_pfnVectors
                0x0000000008000298                . = ALIGN (0x4)

.text           0x00000000080002a0    0x1e110
                0x00000000080002a0                . = ALIGN (0x4)
                0x00000000080002a0                _stext = .
 *(.text)
 .text          0x00000000080002a0       0x40 /Library/DaisyToolchain/0.2.0/arm/bin/../lib/gcc/arm-none-eabi/10.3.1/thumb/v7e-m+dp/hard/crtbegin.o
 .text          0x00000000080002e0       0x14 /Library/DaisyToolchain/0.2.0/arm/bin/../lib/gcc/arm-none-eabi/10.3.1/../../../../arm-none-eabi/lib/thumb/v7e-m+dp/hard/libc_nano.a(lib_a-strcmp.o)
                0x00000000080002e0                strcmp
 *fill*         0x00000000080002f4        0xc 
 .text          0x0000000008000300       0xa0 /Library/DaisyToolchain/0.2.0/arm/bin/../lib/gcc/arm-none-eabi/10.3.1/../../../../arm-none-eabi/lib/thumb/v7e-m+dp/hard/libc_nano.a(lib_a-memchr.o)
                0x0000000008000300                memchr
 *(.text*)
 .text.Default_Handler
                0x00000000080003a0        0x2 build/startup_stm32h750xx.o
                0x00000000080003a0                SAI1_IRQHandler
                0x00000000080003a0                HASH_RNG_IRQHandler
                0x00000000080003a0                EXTI2_IRQHandler
                0x00000000080003a0                TIM8_CC_IRQHandler
                0x00000000080003a0                HRTIM1_Master_IRQHandler
                0x00000000080003a0                DebugMon_Handler
                0x00000000080003a0                UART8_IRQHandler
                0x00000000080003a0                SPI4_IRQHandler
                0x00000000080003a0                TIM1_CC_IRQHandler
                0x00000000080003a0                BDMA_Channel6_IRQHandler
                0x00000000080003a0                DMA2_Stream5_IRQHandler
                0x00000000080003a0                HRTIM1_FLT_IRQHandler
                0x00000000080003a0                JPEG_IRQHandler
                0x00000000080003a0                DMA1_Stream5_IRQHandler
                0x00000000080003a0                BDMA_Channel1_IRQHandler
                0x00000000080003a0                HRTIM1_TIMD_IRQHandler
                0x00000000080003a0                TAMP_STAMP_IRQHandler
                0x00000000080003a0                PendSV_Handler
                0x00000000080003a0                NMI_Handler
                0x00000000080003a0                EXTI3_IRQHandler
                0x00000000080003a0                LPTIM4_IRQHandler
                0x00000000080003a0                TIM8_TRG_COM_TIM14_IRQHandler
                0x00000000080003a0                LPTIM2_IRQHandler
                0x00000000080003a0                DFSDM1_FLT1_IRQHandler
                0x00000000080003a0                DMAMUX2_OVR_IRQHandler
                0x00000000080003a0                TIM8_UP_TIM13_IRQHandler
                0x00000000080003a0                I2C3_ER_IRQHandler
                0x00000000080003a0                DFSDM1_FLT2_IRQHandler
                0x00000000080003a0                MDMA_IRQHandler
                0x00000000080003a0                LPTIM3_IRQHandler
                0x00000000080003a0                HSEM1_IRQHandler
                0x00000000080003a0                EXTI0_IRQHandler
                0x00000000080003a0                FPU_IRQHandler
                0x00000000080003a0                OTG_HS_WKUP_IRQHandler
                0x00000000080003a0                FDCAN1_IT1_IRQHandler
                0x00000000080003a0                UsageFault_Handler
                0x00000000080003a0                LTDC_ER_IRQHandler
                0x00000000080003a0                DMA2_Stream2_IRQHandler
                0x00000000080003a0                HRTIM1_TIME_IRQHandler
                0x00000000080003a0                TIM6_DAC_IRQHandler
                0x00000000080003a0                DCMI_IRQHandler
                0x00000000080003a0                HRTIM1_TIMC_IRQHandler
                0x00000000080003a0                DMA2_Stream3_IRQHandler
                0x00000000080003a0                SAI2_IRQHandler
                0x00000000080003a0                DFSDM1_FLT3_IRQHandler
                0x00000000080003a0                USART6_IRQHandler
                0x00000000080003a0                TIM17_IRQHandler
                0x00000000080003a0                USART3_IRQHandler
                0x00000000080003a0                CRYP_IRQHandler
                0x00000000080003a0                BDMA_Channel7_IRQHandler
                0x00000000080003a0                LPTIM5_IRQHandler
                0x00000000080003a0                UART5_IRQHandler
                0x00000000080003a0                ADC3_IRQHandler
                0x00000000080003a0                DMA2_Stream0_IRQHandler
                0x00000000080003a0                TIM4_IRQHandler
                0x00000000080003a0                BDMA_Channel2_IRQHandler
                0x00000000080003a0                DMAMUX1_OVR_IRQHandler
                0x00000000080003a0                TIM16_IRQHandler
                0x00000000080003a0                UART4_IRQHandler
                0x00000000080003a0                BDMA_Channel5_IRQHandler
                0x00000000080003a0                TIM3_IRQHandler
                0x00000000080003a0                RCC_IRQHandler
                0x00000000080003a0                TIM8_BRK_TIM12_IRQHandler
                0x00000000080003a0                TIM1_TRG_COM_IRQHandler
                0x00000000080003a0                Default_Handler
                0x00000000080003a0                ECC_IRQHandler
                0x00000000080003a0                CEC_IRQHandler
                0x00000000080003a0                EXTI15_10_IRQHandler
                0x00000000080003a0                BDMA_Channel0_IRQHandler
                0x00000000080003a0                ADC_IRQHandler
                0x00000000080003a0                HRTIM1_TIMA_IRQHandler
                0x00000000080003a0                SPI5_IRQHandler
                0x00000000080003a0                TIM7_IRQHandler
                0x00000000080003a0                SDMMC1_IRQHandler
                0x00000000080003a0                TIM5_IRQHandler
                0x00000000080003a0                DMA2_Stream7_IRQHandler
                0x00000000080003a0                TIM15_IRQHandler
                0x00000000080003a0                PVD_AVD_IRQHandler
                0x00000000080003a0                EXTI9_5_IRQHandler
                0x00000000080003a0                RTC_WKUP_IRQHandler
                0x00000000080003a0                LTDC_IRQHandler
                0x00000000080003a0                SAI3_IRQHandler
                0x00000000080003a0                ETH_WKUP_IRQHandler
                0x00000000080003a0                SPDIF_RX_IRQHandler
                0x00000000080003a0                SPI2_IRQHandler
                0x00000000080003a0                MemManage_Handler
                0x00000000080003a0                SVC_Handler
                0x00000000080003a0                CRS_IRQHandler
                0x00000000080003a0                EXTI4_IRQHandler
                0x00000000080003a0                HRTIM1_TIMB_IRQHandler
                0x00000000080003a0                FDCAN2_IT1_IRQHandler
                0x00000000080003a0                ETH_IRQHandler
                0x00000000080003a0                TIM1_UP_IRQHandler
                0x00000000080003a0                BDMA_Channel4_IRQHandler
                0x00000000080003a0                WWDG_IRQHandler
                0x00000000080003a0                SPI6_IRQHandler
                0x00000000080003a0                I2C4_EV_IRQHandler
                0x00000000080003a0                MDIOS_IRQHandler
                0x00000000080003a0                FDCAN2_IT0_IRQHandler
                0x00000000080003a0                LPUART1_IRQHandler
                0x00000000080003a0                FDCAN1_IT0_IRQHandler
                0x00000000080003a0                TIM2_IRQHandler
                0x00000000080003a0                OTG_FS_WKUP_IRQHandler
                0x00000000080003a0                DMA2D_IRQHandler
                0x00000000080003a0                TIM1_BRK_IRQHandler
                0x00000000080003a0                EXTI1_IRQHandler
                0x00000000080003a0                SDMMC2_IRQHandler
                0x00000000080003a0                BDMA_Channel3_IRQHandler
                0x00000000080003a0                UART7_IRQHandler
                0x00000000080003a0                MDIOS_WKUP_IRQHandler
                0x00000000080003a0                USART2_IRQHandler
                0x00000000080003a0                DFSDM1_FLT0_IRQHandler
                0x00000000080003a0                SAI4_IRQHandler
                0x00000000080003a0                I2C2_ER_IRQHandler
                0x00000000080003a0                DMA2_Stream1_IRQHandler
                0x00000000080003a0                FLASH_IRQHandler
                0x00000000080003a0                DMA2_Stream4_IRQHandler
                0x00000000080003a0                BusFault_Handler
                0x00000000080003a0                USART1_IRQHandler
                0x00000000080003a0                SPI3_IRQHandler
                0x00000000080003a0                WAKEUP_PIN_IRQHandler
                0x00000000080003a0                I2C1_ER_IRQHandler
                0x00000000080003a0                FMC_IRQHandler
                0x00000000080003a0                FDCAN_CAL_IRQHandler
                0x00000000080003a0                SWPMI1_IRQHandler
                0x00000000080003a0                COMP1_IRQHandler
                0x00000000080003a0                LPTIM1_IRQHandler
                0x00000000080003a0                I2C4_ER_IRQHandler
                0x00000000080003a0                DMA2_Stream6_IRQHandler
                0x00000000080003a0                RTC_Alarm_IRQHandler
 *fill*         0x00000000080003a2        0x2 
 .text.Reset_Handler
                0x00000000080003a4       0x3c build/startup_stm32h750xx.o
                0x00000000080003a4                Reset_Handler
 .text._Z13UpdateDisplayv
                0x00000000080003e0      0x100 build/Thaumazein.o
                0x00000000080003e0                UpdateDisplay()
 .text._Z15PollTouchSensorv
                0x00000000080004e0      0x120 build/Thaumazein.o
                0x00000000080004e0                PollTouchSensor()
 .text.startup.main
                0x0000000008000600       0x5c build/Thaumazein.o
                0x0000000008000600                main
 .text._ZN5daisy6SwitchD2Ev
                0x000000000800065c        0x2 build/Interface.o
                0x000000000800065c                daisy::Switch::~Switch()
                0x000000000800065c                daisy::Switch::~Switch()
 .text._ZN5daisy13AnalogControlD2Ev
                0x000000000800065e        0x2 build/Interface.o
                0x000000000800065e                daisy::AnalogControl::~AnalogControl()
                0x000000000800065e                daisy::AnalogControl::~AnalogControl()
 .text._ZN5daisy9DaisySeedD2Ev
                0x0000000008000660        0x2 build/Interface.o
                0x0000000008000660                daisy::DaisySeed::~DaisySeed()
                0x0000000008000660                daisy::DaisySeed::~DaisySeed()
 .text._ZN6Mpr121D2Ev
                0x0000000008000662        0x2 build/Interface.o
                0x0000000008000662                Mpr121::~Mpr121()
                0x0000000008000662                Mpr121::~Mpr121()
 .text._ZN10infrasonic9EchoDelayILj48000EED2Ev
                0x0000000008000664        0x2 build/Interface.o
                0x0000000008000664                infrasonic::EchoDelay<48000u>::~EchoDelay()
                0x0000000008000664                infrasonic::EchoDelay<48000u>::~EchoDelay()
 *fill*         0x0000000008000666        0x2 
 .text._Z18InitializeHardwarev
                0x0000000008000668       0x40 build/Interface.o
                0x0000000008000668                InitializeHardware()
 .text._Z18InitializeControlsv
                0x00000000080006a8      0x2c8 build/Interface.o
                0x00000000080006a8                InitializeControls()
 .text._Z21InitializeTouchSensorv
                0x0000000008000970       0x6c build/Interface.o
                0x0000000008000970                InitializeTouchSensor()
 .text._Z8Bootloadv
                0x00000000080009dc       0x88 build/Interface.o
                0x00000000080009dc                Bootload()
 .text._Z9UpdateLEDv
                0x0000000008000a64       0x40 build/Interface.o
                0x0000000008000a64                UpdateLED()
 .text._ZN10infrasonic13BiquadCascadeILj1ELNS_13BiquadSection10FilterTypeE2EE18updateCoefficientsEv
                0x0000000008000aa4       0x32 build/Interface.o
                0x0000000008000aa4                infrasonic::BiquadCascade<1u, (infrasonic::BiquadSection::FilterType)2>::updateCoefficients()
 *fill*         0x0000000008000ad6        0x2 
 .text._Z15InitializeDelayv
                0x0000000008000ad8       0xd4 build/Interface.o
                0x0000000008000ad8                InitializeDelay()
 .text._Z15InitializeSynthv
                0x0000000008000bac      0x118 build/Interface.o
                0x0000000008000bac                InitializeSynth()
 .text.startup._GLOBAL__sub_I_hw
                0x0000000008000cc4      0x13c build/Interface.o
 .text.__tcf_0  0x0000000008000e00        0x2 build/Polyphony.o
 *fill*         0x0000000008000e02        0x2 
 .text._Z9FindVoicefi
                0x0000000008000e04       0x48 build/Polyphony.o
                0x0000000008000e04                FindVoice(float, int)
 .text._Z18FindAvailableVoicei
                0x0000000008000e4c       0x20 build/Polyphony.o
                0x0000000008000e4c                FindAvailableVoice(int)
 .text._Z14AssignMonoNotef
                0x0000000008000e6c       0x24 build/Polyphony.o
                0x0000000008000e6c                AssignMonoNote(float)
 .text._Z16InitializeVoicesv
                0x0000000008000e90       0xe4 build/Polyphony.o
                0x0000000008000e90                InitializeVoices()
 .text.startup._GLOBAL__sub_I_voices
                0x0000000008000f74       0xd8 build/Polyphony.o
 .text._ZN13VoiceEnvelope13SetAttackTimeEf
                0x000000000800104c       0xbc build/AudioProcessor.o
                0x000000000800104c                VoiceEnvelope::SetAttackTime(float)
 .text._ZN13VoiceEnvelope14SetReleaseTimeEf
                0x0000000008001108       0x32 build/AudioProcessor.o
                0x0000000008001108                VoiceEnvelope::SetReleaseTime(float)
 .text._ZN13VoiceEnvelope7TriggerEv
                0x000000000800113a       0x50 build/AudioProcessor.o
                0x000000000800113a                VoiceEnvelope::Trigger()
 .text._ZN13VoiceEnvelope7ReleaseEv
                0x000000000800118a       0x3e build/AudioProcessor.o
                0x000000000800118a                VoiceEnvelope::Release()
 .text._ZN13VoiceEnvelope7ProcessEv
                0x00000000080011c8      0x102 build/AudioProcessor.o
                0x00000000080011c8                VoiceEnvelope::Process()
 .text._ZN13VoiceEnvelope5ResetEv
                0x00000000080012ca       0x12 build/AudioProcessor.o
                0x00000000080012ca                VoiceEnvelope::Reset()
 .text._Z15ProcessControlsv
                0x00000000080012dc      0x1d0 build/AudioProcessor.o
                0x00000000080012dc                ProcessControls()
 .text._Z14ReadKnobValuesv
                0x00000000080014ac       0x94 build/AudioProcessor.o
                0x00000000080014ac                ReadKnobValues()
 .text._Z16ResetVoiceStatesv
                0x0000000008001540       0x3c build/AudioProcessor.o
                0x0000000008001540                ResetVoiceStates()
 .text._Z16HandleTouchInputibi
                0x000000000800157c      0x100 build/AudioProcessor.o
                0x000000000800157c                HandleTouchInput(int, bool, int)
 .text._Z22ConfigureDelaySettingsv
                0x000000000800167c       0x44 build/AudioProcessor.o
                0x000000000800167c                ConfigureDelaySettings()
 .text._Z22PrepareVoiceParametersibi
                0x00000000080016c0      0x160 build/AudioProcessor.o
                0x00000000080016c0                PrepareVoiceParameters(int, bool, int)
 .text._Z21ProcessVoiceEnvelopesb
                0x0000000008001820       0xe4 build/AudioProcessor.o
                0x0000000008001820                ProcessVoiceEnvelopes(bool)
 .text._Z18ProcessAudioOutputPfjf
                0x0000000008001904      0x18c build/AudioProcessor.o
                0x0000000008001904                ProcessAudioOutput(float*, unsigned int, float)
 .text._Z25UpdatePerformanceMonitorsjPf
                0x0000000008001a90       0x54 build/AudioProcessor.o
                0x0000000008001a90                UpdatePerformanceMonitors(unsigned int, float*)
 .text._Z13AudioCallbackPKfPfj
                0x0000000008001ae4      0x174 build/AudioProcessor.o
                0x0000000008001ae4                AudioCallback(float const*, float*, unsigned int)
 .text._ZN6Mpr12113ReadRegister8Eh
                0x0000000008001c58       0x36 build/mpr121_daisy.o
                0x0000000008001c58                Mpr121::ReadRegister8(unsigned char)
 .text._ZN6Mpr12112BaselineDataEh
                0x0000000008001c8e       0x18 build/mpr121_daisy.o
                0x0000000008001c8e                Mpr121::BaselineData(unsigned char)
 .text._ZN6Mpr12114ReadRegister16Eh
                0x0000000008001ca6       0x36 build/mpr121_daisy.o
                0x0000000008001ca6                Mpr121::ReadRegister16(unsigned char)
 .text._ZN6Mpr1217TouchedEv
                0x0000000008001cdc        0x6 build/mpr121_daisy.o
                0x0000000008001cdc                Mpr121::Touched()
 .text._ZN6Mpr12112FilteredDataEh
                0x0000000008001ce2       0x14 build/mpr121_daisy.o
                0x0000000008001ce2                Mpr121::FilteredData(unsigned char)
 .text._ZN6Mpr12120GetBaselineDeviationEh
                0x0000000008001cf6       0x22 build/mpr121_daisy.o
                0x0000000008001cf6                Mpr121::GetBaselineDeviation(unsigned char)
 .text._ZN6Mpr12113WriteRegisterEhh
                0x0000000008001d18       0x2e build/mpr121_daisy.o
                0x0000000008001d18                Mpr121::WriteRegister(unsigned char, unsigned char)
 .text._ZN6Mpr12113SetThresholdsEhh
                0x0000000008001d46       0x3e build/mpr121_daisy.o
                0x0000000008001d46                Mpr121::SetThresholds(unsigned char, unsigned char)
 .text._ZN6Mpr1214InitERKNS_6ConfigE
                0x0000000008001d84       0xdc build/mpr121_daisy.o
                0x0000000008001d84                Mpr121::Init(Mpr121::Config const&)
 .text._ZNK6Mpr1218HasErrorEv
                0x0000000008001e60        0x4 build/mpr121_daisy.o
                0x0000000008001e60                Mpr121::HasError() const
 .text._ZN6Mpr12110ClearErrorEv
                0x0000000008001e64        0x6 build/mpr121_daisy.o
                0x0000000008001e64                Mpr121::ClearError()
 *fill*         0x0000000008001e6a        0x2 
 .text._ZN10infrasonic13BiquadSection21CalculateCoefficientsENS0_10FilterTypeEfff
                0x0000000008001e6c       0xb0 build/BiquadFilters.o
                0x0000000008001e6c                infrasonic::BiquadSection::CalculateCoefficients(infrasonic::BiquadSection::FilterType, float, float, float)
 .text._ZN6stmlib16SemitonesToRatioEf
                0x0000000008001f1c       0x48 build/voice.o
                0x0000000008001f1c                stmlib::SemitonesToRatio(float)
 .text._ZN6plaits11LPGEnvelope9ProcessLPEffff
                0x0000000008001f64       0x80 build/voice.o
                0x0000000008001f64                plaits::LPGEnvelope::ProcessLP(float, float, float, float)
 .text._ZN6plaits20ChannelPostProcessor4InitEv
                0x0000000008001fe4       0x28 build/voice.o
                0x0000000008001fe4                plaits::ChannelPostProcessor::Init()
 .text._ZN6plaits20ChannelPostProcessor7ProcessEfbfffPfPsjj
                0x000000000800200c      0x180 build/voice.o
                0x000000000800200c                plaits::ChannelPostProcessor::Process(float, bool, float, float, float, float*, short*, unsigned int, unsigned int)
 .text._ZN6plaits5Voice6RenderERKNS_5PatchERKNS_11ModulationsEPNS0_5FrameEj
                0x000000000800218c      0x568 build/voice.o
                0x000000000800218c                plaits::Voice::Render(plaits::Patch const&, plaits::Modulations const&, plaits::Voice::Frame*, unsigned int)
 .text._ZN6plaits14EngineRegistryILi16EE16RegisterInstanceEPNS_6EngineEbff
                0x00000000080026f4       0x1a build/voice.o
                0x00000000080026f4                plaits::EngineRegistry<16>::RegisterInstance(plaits::Engine*, bool, float, float)
 *fill*         0x000000000800270e        0x2 
 .text._ZN6plaits5Voice4InitEPN6stmlib15BufferAllocatorE
                0x0000000008002710      0x1a0 build/voice.o
                0x0000000008002710                plaits::Voice::Init(stmlib::BufferAllocator*)
 .text._ZN6plaits14AdditiveEngine5ResetEv
                0x00000000080028b0        0x2 build/additive_engine.o
                0x00000000080028b0                plaits::AdditiveEngine::Reset()
 .text._ZN6plaits14AdditiveEngine4InitEPN6stmlib15BufferAllocatorE
                0x00000000080028b2       0x32 build/additive_engine.o
                0x00000000080028b2                plaits::AdditiveEngine::Init(stmlib::BufferAllocator*)
 .text._ZN6stmlib11InterpolateEPKfff
                0x00000000080028e4       0x2a build/additive_engine.o
                0x00000000080028e4                stmlib::Interpolate(float const*, float, float)
 .text._ZN6stmlib15InterpolateWrapEPKfff
                0x000000000800290e       0x36 build/additive_engine.o
                0x000000000800290e                stmlib::InterpolateWrap(float const*, float, float)
 .text._ZN6plaits14AdditiveEngine16UpdateAmplitudesEfffPfPKij
                0x0000000008002944       0xf0 build/additive_engine.o
                0x0000000008002944                plaits::AdditiveEngine::UpdateAmplitudes(float, float, float, float*, int const*, unsigned int)
 .text._ZN6plaits18HarmonicOscillatorILi12EE6RenderILi1EEEvfPKfPfj
                0x0000000008002a34      0x12c build/additive_engine.o
                0x0000000008002a34                void plaits::HarmonicOscillator<12>::Render<1>(float, float const*, float*, unsigned int)
 .text._ZN6plaits18HarmonicOscillatorILi12EE6RenderILi13EEEvfPKfPfj
                0x0000000008002b60      0x15c build/additive_engine.o
                0x0000000008002b60                void plaits::HarmonicOscillator<12>::Render<13>(float, float const*, float*, unsigned int)
 .text._ZN6plaits14AdditiveEngine6RenderERKNS_16EngineParametersEPfS4_jPb
                0x0000000008002cbc      0x164 build/additive_engine.o
                0x0000000008002cbc                plaits::AdditiveEngine::Render(plaits::EngineParameters const&, float*, float*, unsigned int, bool*)
 .text._ZN6plaits14BassDrumEngine5ResetEv
                0x0000000008002e20        0x2 build/bass_drum_engine.o
                0x0000000008002e20                plaits::BassDrumEngine::Reset()
 *fill*         0x0000000008002e22        0x2 
 .text._ZN6plaits17SyntheticBassDrum13DistortedSineEfff.isra.0
                0x0000000008002e24       0xa4 build/bass_drum_engine.o
 .text._ZN6stmlib8SoftClipEf
                0x0000000008002ec8       0x4a build/bass_drum_engine.o
                0x0000000008002ec8                stmlib::SoftClip(float)
 *fill*         0x0000000008002f12        0x2 
 .text._ZN6stmlib3Svf4InitEv
                0x0000000008002f14       0x20 build/bass_drum_engine.o
                0x0000000008002f14                stmlib::Svf::Init()
 .text._ZN6plaits14BassDrumEngine4InitEPN6stmlib15BufferAllocatorE
                0x0000000008002f34       0x80 build/bass_drum_engine.o
                0x0000000008002f34                plaits::BassDrumEngine::Init(stmlib::BufferAllocator*)
 .text._ZN6plaits14AnalogBassDrum6RenderEbbffffffPfj
                0x0000000008002fb4      0x35c build/bass_drum_engine.o
                0x0000000008002fb4                plaits::AnalogBassDrum::Render(bool, bool, float, float, float, float, float, float, float*, unsigned int)
 .text._ZN6stmlib6Random8GetFloatEv
                0x0000000008003310       0x30 build/bass_drum_engine.o
                0x0000000008003310                stmlib::Random::GetFloat()
 .text._ZN6plaits17SyntheticBassDrum6RenderEbbfffffffPfj
                0x0000000008003340      0x3c0 build/bass_drum_engine.o
                0x0000000008003340                plaits::SyntheticBassDrum::Render(bool, bool, float, float, float, float, float, float, float, float*, unsigned int)
 .text._ZN6plaits9Overdrive7ProcessEfPfj
                0x0000000008003700       0xac build/bass_drum_engine.o
                0x0000000008003700                plaits::Overdrive::Process(float, float*, unsigned int)
 .text._ZN6plaits14BassDrumEngine6RenderERKNS_16EngineParametersEPfS4_jPb
                0x00000000080037ac      0x1a8 build/bass_drum_engine.o
                0x00000000080037ac                plaits::BassDrumEngine::Render(plaits::EngineParameters const&, float*, float*, unsigned int, bool*)
 .text._ZN6plaits8FMEngine4InitEPN6stmlib15BufferAllocatorE
                0x0000000008003954       0x1c build/fm_engine.o
                0x0000000008003954                plaits::FMEngine::Init(stmlib::BufferAllocator*)
 .text._ZN6plaits8FMEngine5ResetEv
                0x0000000008003970        0x2 build/fm_engine.o
                0x0000000008003970                plaits::FMEngine::Reset()
 *fill*         0x0000000008003972        0x2 
 .text._ZN6plaits15NoteToFrequencyEf
                0x0000000008003974       0x88 build/fm_engine.o
                0x0000000008003974                plaits::NoteToFrequency(float)
 .text._ZNK6plaits8FMEngine6SinePMEmf
                0x00000000080039fc       0x54 build/fm_engine.o
                0x00000000080039fc                plaits::FMEngine::SinePM(unsigned long, float) const
 .text._ZN6plaits11Downsampler10AccumulateEif
                0x0000000008003a50       0x3c build/fm_engine.o
                0x0000000008003a50                plaits::Downsampler::Accumulate(int, float)
 .text._ZN6plaits8FMEngine6RenderERKNS_16EngineParametersEPfS4_jPb
                0x0000000008003a8c      0x298 build/fm_engine.o
                0x0000000008003a8c                plaits::FMEngine::Render(plaits::EngineParameters const&, float*, float*, unsigned int, bool*)
 .text._ZN6plaits11GrainEngine5ResetEv
                0x0000000008003d24        0x2 build/grain_engine.o
                0x0000000008003d24                plaits::GrainEngine::Reset()
 *fill*         0x0000000008003d26        0x2 
 .text._ZN6plaits11GrainEngine4InitEPN6stmlib15BufferAllocatorE
                0x0000000008003d28       0x48 build/grain_engine.o
                0x0000000008003d28                plaits::GrainEngine::Init(stmlib::BufferAllocator*)
 .text._ZN6plaits18GrainletOscillator8GrainletEffff.isra.0
                0x0000000008003d70      0x120 build/grain_engine.o
 .text._ZN6plaits11ZOscillator1ZEfffff.isra.0
                0x0000000008003e90      0x124 build/grain_engine.o
 .text._ZN6plaits18GrainletOscillator6RenderEffffPfj
                0x0000000008003fb4      0x168 build/grain_engine.o
                0x0000000008003fb4                plaits::GrainletOscillator::Render(float, float, float, float, float*, unsigned int)
 .text._ZN6plaits11ZOscillator6RenderEffffPfj
                0x000000000800411c      0x1e4 build/grain_engine.o
                0x000000000800411c                plaits::ZOscillator::Render(float, float, float, float, float*, unsigned int)
 .text._ZN6plaits11GrainEngine6RenderERKNS_16EngineParametersEPfS4_jPb
                0x0000000008004300      0x1e4 build/grain_engine.o
                0x0000000008004300                plaits::GrainEngine::Render(plaits::EngineParameters const&, float*, float*, unsigned int, bool*)
 .text._ZN6plaits11HiHatEngine5ResetEv
                0x00000000080044e4        0x2 build/hi_hat_engine.o
                0x00000000080044e4                plaits::HiHatEngine::Reset()
 *fill*         0x00000000080044e6        0x2 
 .text._ZN6plaits12RingModNoise10RenderPairEPNS_10OscillatorEffPfS3_S3_j.isra.0
                0x00000000080044e8      0x250 build/hi_hat_engine.o
 .text._ZN6plaits11HiHatEngine4InitEPN6stmlib15BufferAllocatorE
                0x0000000008004738       0xac build/hi_hat_engine.o
                0x0000000008004738                plaits::HiHatEngine::Init(stmlib::BufferAllocator*)
 .text._ZN6stmlib3Svf7set_f_qILNS_22FrequencyApproximationE1EEEvff
                0x00000000080047e4       0x74 build/hi_hat_engine.o
                0x00000000080047e4                void stmlib::Svf::set_f_q<(stmlib::FrequencyApproximation)1>(float, float)
 .text._ZN6stmlib3Svf7ProcessILNS_10FilterModeE1EEEvPKfPfj
                0x0000000008004858       0x50 build/hi_hat_engine.o
                0x0000000008004858                void stmlib::Svf::Process<(stmlib::FilterMode)1>(float const*, float*, unsigned int)
 .text._ZN6stmlib3Svf7ProcessILNS_10FilterModeE3EEEvPKfPfj
                0x00000000080048a8       0x50 build/hi_hat_engine.o
                0x00000000080048a8                void stmlib::Svf::Process<(stmlib::FilterMode)3>(float const*, float*, unsigned int)
 .text._ZN6plaits5HiHatINS_11SquareNoiseENS_8SwingVCAELb1EE6RenderEbbfffffPfS4_S4_j
                0x00000000080048f8      0x3bc build/hi_hat_engine.o
                0x00000000080048f8                plaits::HiHat<plaits::SquareNoise, plaits::SwingVCA, true>::Render(bool, bool, float, float, float, float, float, float*, float*, float*, unsigned int)
 .text._ZN6plaits5HiHatINS_12RingModNoiseENS_9LinearVCAELb0EE6RenderEbbfffffPfS4_S4_j
                0x0000000008004cb4      0x2ac build/hi_hat_engine.o
                0x0000000008004cb4                plaits::HiHat<plaits::RingModNoise, plaits::LinearVCA, false>::Render(bool, bool, float, float, float, float, float, float*, float*, float*, unsigned int)
 .text._ZN6plaits11HiHatEngine6RenderERKNS_16EngineParametersEPfS4_jPb
                0x0000000008004f60       0xc8 build/hi_hat_engine.o
                0x0000000008004f60                plaits::HiHatEngine::Render(plaits::EngineParameters const&, float*, float*, unsigned int, bool*)
 .text._ZN6plaits11ModalEngine4InitEPN6stmlib15BufferAllocatorE
                0x0000000008005028       0x2e build/modal_engine.o
                0x0000000008005028                plaits::ModalEngine::Init(stmlib::BufferAllocator*)
 .text._ZN6plaits11ModalEngine5ResetEv
                0x0000000008005056        0x6 build/modal_engine.o
                0x0000000008005056                plaits::ModalEngine::Reset()
 .text._ZN6plaits11ModalEngine6RenderERKNS_16EngineParametersEPfS4_jPb
                0x000000000800505c       0xfc build/modal_engine.o
                0x000000000800505c                plaits::ModalEngine::Render(plaits::EngineParameters const&, float*, float*, unsigned int, bool*)
 .text._ZN6plaits11NoiseEngine5ResetEv
                0x0000000008005158        0x2 build/noise_engine.o
                0x0000000008005158                plaits::NoiseEngine::Reset()
 *fill*         0x000000000800515a        0x2 
 .text._ZN6plaits11NoiseEngine4InitEPN6stmlib15BufferAllocatorE
                0x000000000800515c       0x68 build/noise_engine.o
                0x000000000800515c                plaits::NoiseEngine::Init(stmlib::BufferAllocator*)
 .text._ZN6plaits12ClockedNoise6RenderEbfPfj
                0x00000000080051c4      0x140 build/noise_engine.o
                0x00000000080051c4                plaits::ClockedNoise::Render(bool, float, float*, unsigned int)
 .text._ZN6stmlib3Svf7ProcessILNS_10FilterModeE1EEEff
                0x0000000008005304       0x42 build/noise_engine.o
                0x0000000008005304                float stmlib::Svf::Process<(stmlib::FilterMode)1>(float)
 *fill*         0x0000000008005346        0x2 
 .text._ZN6plaits11NoiseEngine6RenderERKNS_16EngineParametersEPfS4_jPb
                0x0000000008005348      0x254 build/noise_engine.o
                0x0000000008005348                plaits::NoiseEngine::Render(plaits::EngineParameters const&, float*, float*, unsigned int, bool*)
 .text._ZN6plaits14ParticleEngine5ResetEv
                0x000000000800559c       0x1a build/particle_engine.o
                0x000000000800559c                plaits::ParticleEngine::Reset()
 *fill*         0x00000000080055b6        0x2 
 .text._ZN6plaits8Diffuser7ProcessEffPfj
                0x00000000080055b8      0x2e8 build/particle_engine.o
                0x00000000080055b8                plaits::Diffuser::Process(float, float, float*, unsigned int)
 .text._ZN6stmlib3Svf7set_f_qILNS_22FrequencyApproximationE3EEEvff
                0x00000000080058a0       0x44 build/particle_engine.o
                0x00000000080058a0                void stmlib::Svf::set_f_q<(stmlib::FrequencyApproximation)3>(float, float)
 .text._ZN6plaits14ParticleEngine6RenderERKNS_16EngineParametersEPfS4_jPb
                0x00000000080058e4      0x28c build/particle_engine.o
                0x00000000080058e4                plaits::ParticleEngine::Render(plaits::EngineParameters const&, float*, float*, unsigned int, bool*)
 .text._ZN6plaits14ParticleEngine4InitEPN6stmlib15BufferAllocatorE
                0x0000000008005b70       0x9c build/particle_engine.o
                0x0000000008005b70                plaits::ParticleEngine::Init(stmlib::BufferAllocator*)
 .text._ZN6plaits15SnareDrumEngine5ResetEv
                0x0000000008005c0c        0x2 build/snare_drum_engine.o
                0x0000000008005c0c                plaits::SnareDrumEngine::Reset()
 *fill*         0x0000000008005c0e        0x2 
 .text._ZN6plaits15SnareDrumEngine4InitEPN6stmlib15BufferAllocatorE
                0x0000000008005c10       0x90 build/snare_drum_engine.o
                0x0000000008005c10                plaits::SnareDrumEngine::Init(stmlib::BufferAllocator*)
 .text._ZN6stmlib3Svf7set_f_qILNS_22FrequencyApproximationE2EEEvff
                0x0000000008005ca0       0x50 build/snare_drum_engine.o
                0x0000000008005ca0                void stmlib::Svf::set_f_q<(stmlib::FrequencyApproximation)2>(float, float)
 .text._ZN6plaits15AnalogSnareDrum6RenderEbbfffffPfj
                0x0000000008005cf0      0x418 build/snare_drum_engine.o
                0x0000000008005cf0                plaits::AnalogSnareDrum::Render(bool, bool, float, float, float, float, float, float*, unsigned int)
 .text._ZN6stmlib7OnePole5set_fILNS_22FrequencyApproximationE2EEEvf
                0x0000000008006108       0x40 build/snare_drum_engine.o
                0x0000000008006108                void stmlib::OnePole::set_f<(stmlib::FrequencyApproximation)2>(float)
 .text._ZN6plaits18SyntheticSnareDrum6RenderEbbfffffPfj
                0x0000000008006148      0x458 build/snare_drum_engine.o
                0x0000000008006148                plaits::SyntheticSnareDrum::Render(bool, bool, float, float, float, float, float, float*, unsigned int)
 .text._ZN6plaits15SnareDrumEngine6RenderERKNS_16EngineParametersEPfS4_jPb
                0x00000000080065a0       0xb8 build/snare_drum_engine.o
                0x00000000080065a0                plaits::SnareDrumEngine::Render(plaits::EngineParameters const&, float*, float*, unsigned int, bool*)
 .text._ZN6plaits12StringEngine6RenderERKNS_16EngineParametersEPfS4_jPb
                0x0000000008006658      0x188 build/string_engine.o
                0x0000000008006658                plaits::StringEngine::Render(plaits::EngineParameters const&, float*, float*, unsigned int, bool*)
 .text._ZN6plaits9DelayLineIfLj16EE5ResetEv
                0x00000000080067e0       0x14 build/string_engine.o
                0x00000000080067e0                plaits::DelayLine<float, 16u>::Reset()
 .text._ZN6plaits12StringEngine4InitEPN6stmlib15BufferAllocatorE
                0x00000000080067f4       0x80 build/string_engine.o
                0x00000000080067f4                plaits::StringEngine::Init(stmlib::BufferAllocator*)
 .text._ZN6plaits12StringEngine5ResetEv
                0x0000000008006874       0x28 build/string_engine.o
                0x0000000008006874                plaits::StringEngine::Reset()
 .text._ZN6plaits11SwarmEngine4InitEPN6stmlib15BufferAllocatorE
                0x000000000800689c       0x64 build/swarm_engine.o
                0x000000000800689c                plaits::SwarmEngine::Init(stmlib::BufferAllocator*)
 .text._ZN6plaits11SwarmEngine5ResetEv
                0x0000000008006900        0x2 build/swarm_engine.o
                0x0000000008006900                plaits::SwarmEngine::Reset()
 *fill*         0x0000000008006902        0x2 
 .text._ZN6plaits18FastSineOscillator14RenderInternalILb1EEEvffPfj
                0x0000000008006904      0x100 build/swarm_engine.o
                0x0000000008006904                void plaits::FastSineOscillator::RenderInternal<true>(float, float, float*, unsigned int)
 .text._ZN6plaits11SwarmEngine6RenderERKNS_16EngineParametersEPfS4_jPb
                0x0000000008006a04      0x380 build/swarm_engine.o
                0x0000000008006a04                plaits::SwarmEngine::Render(plaits::EngineParameters const&, float*, float*, unsigned int, bool*)
 .text._ZN6plaits19VirtualAnalogEngine5ResetEv
                0x0000000008006d84        0x2 build/virtual_analog_engine.o
                0x0000000008006d84                plaits::VirtualAnalogEngine::Reset()
 *fill*         0x0000000008006d86        0x2 
 .text._ZN6plaits19VirtualAnalogEngine4InitEPN6stmlib15BufferAllocatorE
                0x0000000008006d88       0x88 build/virtual_analog_engine.o
                0x0000000008006d88                plaits::VirtualAnalogEngine::Init(stmlib::BufferAllocator*)
 .text._ZN6stmlib24NextIntegratedBlepSampleEf
                0x0000000008006e10       0x22 build/virtual_analog_engine.o
                0x0000000008006e10                stmlib::NextIntegratedBlepSample(float)
 *fill*         0x0000000008006e32        0x2 
 .text._ZN6plaits21VariableSawOscillator6RenderEfffPfj
                0x0000000008006e34      0x204 build/virtual_analog_engine.o
                0x0000000008006e34                plaits::VariableSawOscillator::Render(float, float, float, float*, unsigned int)
 .text._ZNK6plaits19VirtualAnalogEngine15ComputeDetuningEf
                0x0000000008007038       0xb4 build/virtual_analog_engine.o
                0x0000000008007038                plaits::VirtualAnalogEngine::ComputeDetuning(float) const
 .text._ZN6plaits23VariableShapeOscillator6RenderILb1EEEvffffPfj
                0x00000000080070ec      0x334 build/virtual_analog_engine.o
                0x00000000080070ec                void plaits::VariableShapeOscillator::Render<true>(float, float, float, float, float*, unsigned int)
 .text._ZN6plaits19VirtualAnalogEngine6RenderERKNS_16EngineParametersEPfS4_jPb
                0x0000000008007420      0x340 build/virtual_analog_engine.o
                0x0000000008007420                plaits::VirtualAnalogEngine::Render(plaits::EngineParameters const&, float*, float*, unsigned int, bool*)
 .text._ZN6plaits17WaveshapingEngine5ResetEv
                0x0000000008007760        0x2 build/waveshaping_engine.o
                0x0000000008007760                plaits::WaveshapingEngine::Reset()
 *fill*         0x0000000008007762        0x2 
 .text._ZN6plaits17WaveshapingEngine4InitEPN6stmlib15BufferAllocatorE
                0x0000000008007764       0x3c build/waveshaping_engine.o
                0x0000000008007764                plaits::WaveshapingEngine::Init(stmlib::BufferAllocator*)
 .text._ZN6stmlib18InterpolateHermiteEPKfff
                0x00000000080077a0       0x64 build/waveshaping_engine.o
                0x00000000080077a0                stmlib::InterpolateHermite(float const*, float, float)
 .text._ZN6plaits10Oscillator6RenderILNS_15OscillatorShapeE3ELb0ELb0EEEvffPKfPfj.isra.0
                0x0000000008007804      0x16c build/waveshaping_engine.o
 .text._ZN6plaits4TameEfff
                0x0000000008007970       0x4c build/waveshaping_engine.o
                0x0000000008007970                plaits::Tame(float, float, float)
 .text._ZN6plaits17WaveshapingEngine6RenderERKNS_16EngineParametersEPfS4_jPb
                0x00000000080079bc      0x310 build/waveshaping_engine.o
                0x00000000080079bc                plaits::WaveshapingEngine::Render(plaits::EngineParameters const&, float*, float*, unsigned int, bool*)
 .text._ZN6plaits10ModalVoice4InitEv
                0x0000000008007ccc       0x18 build/modal_voice.o
                0x0000000008007ccc                plaits::ModalVoice::Init()
 .text._ZN6plaits10ModalVoice6RenderEbbfffffPfS1_S1_j
                0x0000000008007ce4      0x270 build/modal_voice.o
                0x0000000008007ce4                plaits::ModalVoice::Render(bool, bool, float, float, float, float, float, float*, float*, float*, unsigned int)
 .text._ZN6plaits9Resonator4InitEfi
                0x0000000008007f54       0xa0 build/resonator.o
                0x0000000008007f54                plaits::Resonator::Init(float, int)
 .text._ZN6plaits12ResonatorSvfILi4EE7ProcessILN6stmlib10FilterModeE1ELb1EEEvPKfS6_S6_S6_Pfj
                0x0000000008007ff4      0x184 build/resonator.o
                0x0000000008007ff4                void plaits::ResonatorSvf<4>::Process<(stmlib::FilterMode)1, true>(float const*, float const*, float const*, float const*, float*, unsigned int)
 .text._ZN6plaits9Resonator7ProcessEffffPKfPfj
                0x0000000008008178      0x1c0 build/resonator.o
                0x0000000008008178                plaits::Resonator::Process(float, float, float, float, float const*, float*, unsigned int)
 .text._ZN6stmlib9DCBlocker7ProcessEPfj
                0x0000000008008338       0x34 build/string.o
                0x0000000008008338                stmlib::DCBlocker::Process(float*, unsigned int)
 .text._ZN6plaits9DelayLineIfLj1024EE5ResetEv
                0x000000000800836c       0x16 build/string.o
                0x000000000800836c                plaits::DelayLine<float, 1024u>::Reset()
 .text._ZN6plaits9DelayLineIfLj256EE5ResetEv
                0x0000000008008382       0x16 build/string.o
                0x0000000008008382                plaits::DelayLine<float, 256u>::Reset()
 .text._ZN6plaits6String5ResetEv
                0x0000000008008398       0x48 build/string.o
                0x0000000008008398                plaits::String::Reset()
 .text._ZN6plaits6String4InitEPN6stmlib15BufferAllocatorE
                0x00000000080083e0       0x5c build/string.o
                0x00000000080083e0                plaits::String::Init(stmlib::BufferAllocator*)
 .text._ZNK6plaits9DelayLineIfLj1024EE11ReadHermiteEf
                0x000000000800843c       0x8a build/string.o
                0x000000000800843c                plaits::DelayLine<float, 1024u>::ReadHermite(float) const
 .text._ZN6stmlib3Svf7ProcessILNS_10FilterModeE0EEEff
                0x00000000080084c6       0x4a build/string.o
                0x00000000080084c6                float stmlib::Svf::Process<(stmlib::FilterMode)0>(float)
 .text._ZN6plaits6String15ProcessInternalILNS_18StringNonLinearityE0EEEvffffPKfPfj
                0x0000000008008510      0x254 build/string.o
                0x0000000008008510                void plaits::String::ProcessInternal<(plaits::StringNonLinearity)0>(float, float, float, float, float const*, float*, unsigned int)
 .text._ZN6plaits6String15ProcessInternalILNS_18StringNonLinearityE1EEEvffffPKfPfj
                0x0000000008008764      0x3bc build/string.o
                0x0000000008008764                void plaits::String::ProcessInternal<(plaits::StringNonLinearity)1>(float, float, float, float, float const*, float*, unsigned int)
 .text._ZN6plaits6String7ProcessEffffPKfPfj
                0x0000000008008b20       0x1c build/string.o
                0x0000000008008b20                plaits::String::Process(float, float, float, float, float const*, float*, unsigned int)
 .text._ZN6plaits11StringVoice4InitEPN6stmlib15BufferAllocatorE
                0x0000000008008b3c       0x38 build/string_voice.o
                0x0000000008008b3c                plaits::StringVoice::Init(stmlib::BufferAllocator*)
 .text._ZN6plaits11StringVoice5ResetEv
                0x0000000008008b74        0x6 build/string_voice.o
                0x0000000008008b74                plaits::StringVoice::Reset()
 *fill*         0x0000000008008b7a        0x2 
 .text._ZN6plaits11StringVoice6RenderEbbfffffPfS1_S1_j
                0x0000000008008b7c      0x2b8 build/string_voice.o
                0x0000000008008b7c                plaits::StringVoice::Render(bool, bool, float, float, float, float, float, float*, float*, float*, unsigned int)
 .text._ZN5daisy9DaisySeed9ConfigureEv
                0x0000000008008e34        0x4 lib/libdaisy/build/libdaisy.a(daisy_seed.o)
                0x0000000008008e34                daisy::DaisySeed::Configure()
 .text._ZN5daisy9DaisySeed6GetPinEh
                0x0000000008008e38       0x2c lib/libdaisy/build/libdaisy.a(daisy_seed.o)
                0x0000000008008e38                daisy::DaisySeed::GetPin(unsigned char)
 .text._ZN5daisy9DaisySeed10StartAudioEPFvPKfPfjE
                0x0000000008008e64        0x8 lib/libdaisy/build/libdaisy.a(daisy_seed.o)
                0x0000000008008e64                daisy::DaisySeed::StartAudio(void (*)(float const*, float*, unsigned int))
 .text._ZN5daisy9DaisySeed18SetAudioSampleRateENS_9SaiHandle6Config10SampleRateE
                0x0000000008008e6c       0x38 lib/libdaisy/build/libdaisy.a(daisy_seed.o)
                0x0000000008008e6c                daisy::DaisySeed::SetAudioSampleRate(daisy::SaiHandle::Config::SampleRate)
 .text._ZN5daisy9DaisySeed15AudioSampleRateEv
                0x0000000008008ea4        0x8 lib/libdaisy/build/libdaisy.a(daisy_seed.o)
                0x0000000008008ea4                daisy::DaisySeed::AudioSampleRate()
 .text._ZN5daisy9DaisySeed17SetAudioBlockSizeEj
                0x0000000008008eac       0x38 lib/libdaisy/build/libdaisy.a(daisy_seed.o)
                0x0000000008008eac                daisy::DaisySeed::SetAudioBlockSize(unsigned int)
 .text._ZN5daisy9DaisySeed6SetLedEb
                0x0000000008008ee4        0x8 lib/libdaisy/build/libdaisy.a(daisy_seed.o)
                0x0000000008008ee4                daisy::DaisySeed::SetLed(bool)
 .text._ZN5daisy9DaisySeed14ConfigureAudioEv
                0x0000000008008eec       0xd0 lib/libdaisy/build/libdaisy.a(daisy_seed.o)
                0x0000000008008eec                daisy::DaisySeed::ConfigureAudio()
 .text._ZN5daisy9DaisySeed4InitEb
                0x0000000008008fbc       0xf0 lib/libdaisy/build/libdaisy.a(daisy_seed.o)
                0x0000000008008fbc                daisy::DaisySeed::Init(bool)
 .text._ZN5daisy6Ak45564InitE12dsy_gpio_pin
                0x00000000080090ac       0x44 lib/libdaisy/build/libdaisy.a(codec_ak4556.o)
                0x00000000080090ac                daisy::Ak4556::Init(dsy_gpio_pin)
 .text._ZN5daisy6Wm873120WriteControlRegisterEht
                0x00000000080090f0       0x3c lib/libdaisy/build/libdaisy.a(codec_wm8731.o)
                0x00000000080090f0                daisy::Wm8731::WriteControlRegister(unsigned char, unsigned short)
 .text._ZN5daisy6Wm87314InitERKNS0_6ConfigENS_9I2CHandleE
                0x000000000800912c      0x1bc lib/libdaisy/build/libdaisy.a(codec_wm8731.o)
                0x000000000800912c                daisy::Wm8731::Init(daisy::Wm8731::Config const&, daisy::I2CHandle)
 .text._ZN11SdramHandle10DeviceInitEv
                0x00000000080092e8       0x98 lib/libdaisy/build/libdaisy.a(sdram.o)
                0x00000000080092e8                SdramHandle::DeviceInit()
 .text._ZN11SdramHandle4InitEv
                0x0000000008009380       0x7c lib/libdaisy/build/libdaisy.a(sdram.o)
                0x0000000008009380                SdramHandle::Init()
 .text.HAL_SDRAM_MspInit
                0x00000000080093fc      0x1a8 lib/libdaisy/build/libdaisy.a(sdram.o)
                0x00000000080093fc                HAL_SDRAM_MspInit
 .text._ZN5daisy11AudioHandle4Impl16InternalCallbackEPlS2_j
                0x00000000080095a4      0xbbc lib/libdaisy/build/libdaisy.a(audio.o)
                0x00000000080095a4                daisy::AudioHandle::Impl::InternalCallback(long*, long*, unsigned int)
 .text._ZN5daisy11AudioHandle4InitERKNS0_6ConfigENS_9SaiHandleE
                0x000000000800a160       0x64 lib/libdaisy/build/libdaisy.a(audio.o)
                0x000000000800a160                daisy::AudioHandle::Init(daisy::AudioHandle::Config const&, daisy::SaiHandle)
 .text._ZNK5daisy11AudioHandle9GetConfigEv
                0x000000000800a1c4        0x8 lib/libdaisy/build/libdaisy.a(audio.o)
                0x000000000800a1c4                daisy::AudioHandle::GetConfig() const
 .text._ZN5daisy11AudioHandle12SetBlockSizeEj
                0x000000000800a1cc       0x1c lib/libdaisy/build/libdaisy.a(audio.o)
                0x000000000800a1cc                daisy::AudioHandle::SetBlockSize(unsigned int)
 .text._ZN5daisy11AudioHandle13GetSampleRateEv
                0x000000000800a1e8        0x8 lib/libdaisy/build/libdaisy.a(audio.o)
                0x000000000800a1e8                daisy::AudioHandle::GetSampleRate()
 .text._ZN5daisy11AudioHandle13SetSampleRateENS_9SaiHandle6Config10SampleRateE
                0x000000000800a1f0       0x88 lib/libdaisy/build/libdaisy.a(audio.o)
                0x000000000800a1f0                daisy::AudioHandle::SetSampleRate(daisy::SaiHandle::Config::SampleRate)
 .text._ZN5daisy11AudioHandle5StartEPFvPKfPfjE
                0x000000000800a278       0x2c lib/libdaisy/build/libdaisy.a(audio.o)
                0x000000000800a278                daisy::AudioHandle::Start(void (*)(float const*, float*, unsigned int))
 .text.startup._GLOBAL__sub_I__ZN5daisy11AudioHandle4Impl4InitENS0_6ConfigENS_9SaiHandleE
                0x000000000800a2a4       0x10 lib/libdaisy/build/libdaisy.a(audio.o)
 .text._ZN5daisy13AnalogControl4InitEPtfbbf
                0x000000000800a2b4       0x3c lib/libdaisy/build/libdaisy.a(ctrl.o)
                0x000000000800a2b4                daisy::AnalogControl::Init(unsigned short*, float, bool, bool, float)
 .text._ZN5daisy13AnalogControl7ProcessEv
                0x000000000800a2f0       0x48 lib/libdaisy/build/libdaisy.a(ctrl.o)
                0x000000000800a2f0                daisy::AnalogControl::Process()
 .text._ZN5daisy9UsbHandleD2Ev
                0x000000000800a338        0x4 lib/libdaisy/build/libdaisy.a(logger.o)
                0x000000000800a338                daisy::UsbHandle::~UsbHandle()
                0x000000000800a338                daisy::UsbHandle::~UsbHandle()
 .text._ZN5daisy6LoggerILNS_17LoggerDestinationE1EE11TransmitBufEv
                0x000000000800a33c       0x60 lib/libdaisy/build/libdaisy.a(logger.o)
                0x000000000800a33c                daisy::Logger<(daisy::LoggerDestination)1>::TransmitBuf()
 .text._ZN5daisy6LoggerILNS_17LoggerDestinationE1EE13AppendNewLineEv
                0x000000000800a39c       0x60 lib/libdaisy/build/libdaisy.a(logger.o)
                0x000000000800a39c                daisy::Logger<(daisy::LoggerDestination)1>::AppendNewLine()
 .text._ZN5daisy6LoggerILNS_17LoggerDestinationE1EE10PrintLineVEPKcSt9__va_list
                0x000000000800a3fc       0x30 lib/libdaisy/build/libdaisy.a(logger.o)
                0x000000000800a3fc                daisy::Logger<(daisy::LoggerDestination)1>::PrintLineV(char const*, std::__va_list)
 .text._ZN5daisy6LoggerILNS_17LoggerDestinationE1EE9PrintLineEPKcz
                0x000000000800a42c       0x1c lib/libdaisy/build/libdaisy.a(logger.o)
                0x000000000800a42c                daisy::Logger<(daisy::LoggerDestination)1>::PrintLine(char const*, ...)
 .text._ZN5daisy6LoggerILNS_17LoggerDestinationE1EE8StartLogEb
                0x000000000800a448       0x38 lib/libdaisy/build/libdaisy.a(logger.o)
                0x000000000800a448                daisy::Logger<(daisy::LoggerDestination)1>::StartLog(bool)
 .text.startup._GLOBAL__sub_I__ZN5daisy10LoggerImplILNS_17LoggerDestinationE1EE11usb_handle_E
                0x000000000800a480       0x2c lib/libdaisy/build/libdaisy.a(logger.o)
 .text._ZN5daisy6Switch4InitE12dsy_gpio_pinf
                0x000000000800a4ac       0x28 lib/libdaisy/build/libdaisy.a(switch.o)
                0x000000000800a4ac                daisy::Switch::Init(dsy_gpio_pin, float)
 .text._ZN5daisy6Switch8DebounceEv
                0x000000000800a4d4       0x48 lib/libdaisy/build/libdaisy.a(switch.o)
                0x000000000800a4d4                daisy::Switch::Debounce()
 .text.DummyRxCallback
                0x000000000800a51c        0x4 lib/libdaisy/build/libdaisy.a(usb.o)
                0x000000000800a51c                DummyRxCallback
 .text._ZN5daisy9UsbHandle4InitENS0_9UsbPeriphE
                0x000000000800a520      0x10c lib/libdaisy/build/libdaisy.a(usb.o)
                0x000000000800a520                daisy::UsbHandle::Init(daisy::UsbHandle::UsbPeriph)
 .text._ZN5daisy9UsbHandle16TransmitInternalEPhj
                0x000000000800a62c       0x14 lib/libdaisy/build/libdaisy.a(usb.o)
                0x000000000800a62c                daisy::UsbHandle::TransmitInternal(unsigned char*, unsigned int)
 .text.OTG_FS_EP1_OUT_IRQHandler
                0x000000000800a640        0xc lib/libdaisy/build/libdaisy.a(usb.o)
                0x000000000800a640                OTG_FS_EP1_OUT_IRQHandler
 .text.OTG_FS_EP1_IN_IRQHandler
                0x000000000800a64c        0xc lib/libdaisy/build/libdaisy.a(usb.o)
                0x000000000800a64c                OTG_FS_EP1_IN_IRQHandler
 .text.OTG_FS_IRQHandler
                0x000000000800a658        0xc lib/libdaisy/build/libdaisy.a(usb.o)
                0x000000000800a658                OTG_FS_IRQHandler
 .text._ZN5daisy16AdcChannelConfig10InitSingleE12dsy_gpio_pin
                0x000000000800a664       0x1c lib/libdaisy/build/libdaisy.a(adc.o)
                0x000000000800a664                daisy::AdcChannelConfig::InitSingle(dsy_gpio_pin)
 .text._ZN5daisy9AdcHandle4InitEPNS_16AdcChannelConfigEjNS0_12OverSamplingE
                0x000000000800a680      0x3c8 lib/libdaisy/build/libdaisy.a(adc.o)
                0x000000000800a680                daisy::AdcHandle::Init(daisy::AdcChannelConfig*, unsigned int, daisy::AdcHandle::OverSampling)
 .text._ZN5daisy9AdcHandle5StartEv
                0x000000000800aa48       0x2c lib/libdaisy/build/libdaisy.a(adc.o)
                0x000000000800aa48                daisy::AdcHandle::Start()
 .text._ZNK5daisy9AdcHandle6GetPtrEh
                0x000000000800aa74       0x14 lib/libdaisy/build/libdaisy.a(adc.o)
                0x000000000800aa74                daisy::AdcHandle::GetPtr(unsigned char) const
 .text._ZNK5daisy9AdcHandle8GetFloatEh
                0x000000000800aa88       0x20 lib/libdaisy/build/libdaisy.a(adc.o)
                0x000000000800aa88                daisy::AdcHandle::GetFloat(unsigned char) const
 .text.HAL_ADC_MspInit
                0x000000000800aaa8       0x98 lib/libdaisy/build/libdaisy.a(adc.o)
                0x000000000800aaa8                HAL_ADC_MspInit
 .text.DMA1_Stream2_IRQHandler
                0x000000000800ab40        0xc lib/libdaisy/build/libdaisy.a(adc.o)
                0x000000000800ab40                DMA1_Stream2_IRQHandler
 .text.HAL_ADC_ConvCpltCallback
                0x000000000800ab4c      0x148 lib/libdaisy/build/libdaisy.a(adc.o)
                0x000000000800ab4c                HAL_ADC_ConvCpltCallback
 .text.HAL_ADC_ErrorCallback
                0x000000000800ac94        0x4 lib/libdaisy/build/libdaisy.a(adc.o)
                0x000000000800ac94                HAL_ADC_ErrorCallback
 .text.dsy_gpio_init
                0x000000000800ac98      0x1b8 lib/libdaisy/build/libdaisy.a(gpio.o)
                0x000000000800ac98                dsy_gpio_init
 .text.dsy_gpio_read
                0x000000000800ae50       0x1c lib/libdaisy/build/libdaisy.a(gpio.o)
                0x000000000800ae50                dsy_gpio_read
 .text.dsy_gpio_write
                0x000000000800ae6c       0x24 lib/libdaisy/build/libdaisy.a(gpio.o)
                0x000000000800ae6c                dsy_gpio_write
 .text._ZN5daisy9I2CHandle4Impl8InitPinsEv
                0x000000000800ae90       0x58 lib/libdaisy/build/libdaisy.a(i2c.o)
                0x000000000800ae90                daisy::I2CHandle::Impl::InitPins()
 .text.HAL_I2C_MspInit
                0x000000000800aee8      0x1b4 lib/libdaisy/build/libdaisy.a(i2c.o)
                0x000000000800aee8                HAL_I2C_MspInit
 .text.dsy_i2c_global_init
                0x000000000800b09c       0x78 lib/libdaisy/build/libdaisy.a(i2c.o)
                0x000000000800b09c                dsy_i2c_global_init
 .text.DMA1_Stream6_IRQHandler
                0x000000000800b114       0x34 lib/libdaisy/build/libdaisy.a(i2c.o)
                0x000000000800b114                DMA1_Stream6_IRQHandler
 .text.I2C1_EV_IRQHandler
                0x000000000800b148        0xc lib/libdaisy/build/libdaisy.a(i2c.o)
                0x000000000800b148                I2C1_EV_IRQHandler
 .text.I2C2_EV_IRQHandler
                0x000000000800b154        0xc lib/libdaisy/build/libdaisy.a(i2c.o)
                0x000000000800b154                I2C2_EV_IRQHandler
 .text.I2C3_EV_IRQHandler
                0x000000000800b160        0xc lib/libdaisy/build/libdaisy.a(i2c.o)
                0x000000000800b160                I2C3_EV_IRQHandler
 .text._ZN5daisy9I2CHandle4InitERKNS0_6ConfigE
                0x000000000800b16c      0x12c lib/libdaisy/build/libdaisy.a(i2c.o)
                0x000000000800b16c                daisy::I2CHandle::Init(daisy::I2CHandle::Config const&)
 .text._ZN5daisy9I2CHandle16TransmitBlockingEtPhtm
                0x000000000800b298       0x50 lib/libdaisy/build/libdaisy.a(i2c.o)
                0x000000000800b298                daisy::I2CHandle::TransmitBlocking(unsigned short, unsigned char*, unsigned short, unsigned long)
 .text._ZN5daisy9I2CHandle17ReadDataAtAddressEtttPhtm
                0x000000000800b2e8       0x4c lib/libdaisy/build/libdaisy.a(i2c.o)
                0x000000000800b2e8                daisy::I2CHandle::ReadDataAtAddress(unsigned short, unsigned short, unsigned short, unsigned char*, unsigned short, unsigned long)
 .text._ZN5daisy9I2CHandle18WriteDataAtAddressEtttPhtm
                0x000000000800b334       0x4c lib/libdaisy/build/libdaisy.a(i2c.o)
                0x000000000800b334                daisy::I2CHandle::WriteDataAtAddress(unsigned short, unsigned short, unsigned short, unsigned char*, unsigned short, unsigned long)
 .text.startup._GLOBAL__sub_I__ZN5daisy9I2CHandle4Impl10GlobalInitEv
                0x000000000800b380       0x18 lib/libdaisy/build/libdaisy.a(i2c.o)
 .text._ZN5daisy10QSPIHandle4Impl11WriteEnableEv
                0x000000000800b398       0x8c lib/libdaisy/build/libdaisy.a(qspi.o)
                0x000000000800b398                daisy::QSPIHandle::Impl::WriteEnable()
 *fill*         0x000000000800b424        0x4 
 .text._ZN5daisy10QSPIHandle4Impl17DummyCyclesConfigENS0_6Config6DeviceE
                0x000000000800b428      0x118 lib/libdaisy/build/libdaisy.a(qspi.o)
                0x000000000800b428                daisy::QSPIHandle::Impl::DummyCyclesConfig(daisy::QSPIHandle::Config::Device)
 .text._ZN5daisy10QSPIHandle4Impl10QuadEnableEv
                0x000000000800b540      0x158 lib/libdaisy/build/libdaisy.a(qspi.o)
                0x000000000800b540                daisy::QSPIHandle::Impl::QuadEnable()
 .text._ZN5daisy10QSPIHandle4InitERKNS0_6ConfigE
                0x000000000800b698      0x198 lib/libdaisy/build/libdaisy.a(qspi.o)
                0x000000000800b698                daisy::QSPIHandle::Init(daisy::QSPIHandle::Config const&)
 .text.HAL_QSPI_MspInit
                0x000000000800b830      0x11c lib/libdaisy/build/libdaisy.a(qspi.o)
                0x000000000800b830                HAL_QSPI_MspInit
 .text.HAL_QSPI_MspDeInit
                0x000000000800b94c       0x54 lib/libdaisy/build/libdaisy.a(qspi.o)
                0x000000000800b94c                HAL_QSPI_MspDeInit
 .text.QUADSPI_IRQHandler
                0x000000000800b9a0        0xc lib/libdaisy/build/libdaisy.a(qspi.o)
                0x000000000800b9a0                QUADSPI_IRQHandler
 .text.startup._GLOBAL__sub_I__ZN5daisy10QSPIHandle4Impl4InitERKNS0_6ConfigE
                0x000000000800b9ac       0x28 lib/libdaisy/build/libdaisy.a(qspi.o)
 .text._ZN5daisy9SaiHandle4Impl7InitDmaENS1_15PeripheralBlockE
                0x000000000800b9d4       0xa0 lib/libdaisy/build/libdaisy.a(sai.o)
                0x000000000800b9d4                daisy::SaiHandle::Impl::InitDma(daisy::SaiHandle::Impl::PeripheralBlock)
 .text._ZN5daisy9SaiHandle4Impl8InitPinsEv
                0x000000000800ba74       0xa8 lib/libdaisy/build/libdaisy.a(sai.o)
                0x000000000800ba74                daisy::SaiHandle::Impl::InitPins()
 .text.HAL_SAI_MspInit
                0x000000000800bb1c      0x164 lib/libdaisy/build/libdaisy.a(sai.o)
                0x000000000800bb1c                HAL_SAI_MspInit
 .text.DMA1_Stream0_IRQHandler
                0x000000000800bc80        0xc lib/libdaisy/build/libdaisy.a(sai.o)
                0x000000000800bc80                DMA1_Stream0_IRQHandler
 .text.DMA1_Stream1_IRQHandler
                0x000000000800bc8c        0xc lib/libdaisy/build/libdaisy.a(sai.o)
                0x000000000800bc8c                DMA1_Stream1_IRQHandler
 .text.DMA1_Stream3_IRQHandler
                0x000000000800bc98        0xc lib/libdaisy/build/libdaisy.a(sai.o)
                0x000000000800bc98                DMA1_Stream3_IRQHandler
 .text.DMA1_Stream4_IRQHandler
                0x000000000800bca4        0xc lib/libdaisy/build/libdaisy.a(sai.o)
                0x000000000800bca4                DMA1_Stream4_IRQHandler
 .text.HAL_SAI_RxHalfCpltCallback
                0x000000000800bcb0       0x78 lib/libdaisy/build/libdaisy.a(sai.o)
                0x000000000800bcb0                HAL_SAI_RxHalfCpltCallback
 .text.HAL_SAI_RxCpltCallback
                0x000000000800bd28       0x70 lib/libdaisy/build/libdaisy.a(sai.o)
                0x000000000800bd28                HAL_SAI_RxCpltCallback
 .text._ZN5daisy9SaiHandle4InitERKNS0_6ConfigE
                0x000000000800bd98      0x1f0 lib/libdaisy/build/libdaisy.a(sai.o)
                0x000000000800bd98                daisy::SaiHandle::Init(daisy::SaiHandle::Config const&)
 .text._ZNK5daisy9SaiHandle9GetConfigEv
                0x000000000800bf88        0x4 lib/libdaisy/build/libdaisy.a(sai.o)
                0x000000000800bf88                daisy::SaiHandle::GetConfig() const
 .text._ZN5daisy9SaiHandle8StartDmaEPlS1_jPFvS1_S1_jE
                0x000000000800bf8c       0xbc lib/libdaisy/build/libdaisy.a(sai.o)
                0x000000000800bf8c                daisy::SaiHandle::StartDma(long*, long*, unsigned int, void (*)(long*, long*, unsigned int))
 .text._ZN5daisy9SaiHandle13GetSampleRateEv
                0x000000000800c048       0x24 lib/libdaisy/build/libdaisy.a(sai.o)
                0x000000000800c048                daisy::SaiHandle::GetSampleRate()
 .text._ZNK5daisy9SaiHandle9GetOffsetEv
                0x000000000800c06c        0x8 lib/libdaisy/build/libdaisy.a(sai.o)
                0x000000000800c06c                daisy::SaiHandle::GetOffset() const
 .text._ZN5daisy11TimerHandleD2Ev
                0x000000000800c074        0x4 lib/libdaisy/build/libdaisy.a(system.o)
                0x000000000800c074                daisy::TimerHandle::~TimerHandle()
                0x000000000800c074                daisy::TimerHandle::~TimerHandle()
 .text.SysTick_Handler
                0x000000000800c078       0x10 lib/libdaisy/build/libdaisy.a(system.o)
                0x000000000800c078                SysTick_Handler
 .text.OTG_HS_EP1_OUT_IRQHandler
                0x000000000800c088       0x24 lib/libdaisy/build/libdaisy.a(system.o)
                0x000000000800c088                OTG_HS_EP1_OUT_IRQHandler
 .text.OTG_HS_EP1_IN_IRQHandler
                0x000000000800c0ac       0x24 lib/libdaisy/build/libdaisy.a(system.o)
                0x000000000800c0ac                OTG_HS_EP1_IN_IRQHandler
 .text.OTG_HS_IRQHandler
                0x000000000800c0d0       0x24 lib/libdaisy/build/libdaisy.a(system.o)
                0x000000000800c0d0                OTG_HS_IRQHandler
 .text.HardFault_Handler
                0x000000000800c0f4        0x4 lib/libdaisy/build/libdaisy.a(system.o)
                0x000000000800c0f4                HardFault_Handler
 .text._ZN5daisy6System6GetNowEv
                0x000000000800c0f8        0x4 lib/libdaisy/build/libdaisy.a(system.o)
                0x000000000800c0f8                daisy::System::GetNow()
 .text._ZN5daisy6System7GetTickEv
                0x000000000800c0fc        0xc lib/libdaisy/build/libdaisy.a(system.o)
                0x000000000800c0fc                daisy::System::GetTick()
 .text._ZN5daisy6System5DelayEm
                0x000000000800c108        0x4 lib/libdaisy/build/libdaisy.a(system.o)
                0x000000000800c108                daisy::System::Delay(unsigned long)
 .text._ZN5daisy6System17ResetToBootloaderEv
                0x000000000800c10c       0x38 lib/libdaisy/build/libdaisy.a(system.o)
                0x000000000800c10c                daisy::System::ResetToBootloader()
 .text._ZN5daisy6System15ConfigureClocksEv
                0x000000000800c144      0x194 lib/libdaisy/build/libdaisy.a(system.o)
                0x000000000800c144                daisy::System::ConfigureClocks()
 .text._ZN5daisy6System4InitERKNS0_6ConfigE
                0x000000000800c2d8      0x12c lib/libdaisy/build/libdaisy.a(system.o)
                0x000000000800c2d8                daisy::System::Init(daisy::System::Config const&)
 .text._ZN5daisy6System12GetPClk1FreqEv
                0x000000000800c404        0x4 lib/libdaisy/build/libdaisy.a(system.o)
                0x000000000800c404                daisy::System::GetPClk1Freq()
 .text._ZN5daisy6System11GetTickFreqEv
                0x000000000800c408        0xc lib/libdaisy/build/libdaisy.a(system.o)
                0x000000000800c408                daisy::System::GetTickFreq()
 .text._ZN5daisy6System22GetProgramMemoryRegionEv
                0x000000000800c414       0x78 lib/libdaisy/build/libdaisy.a(system.o)
                0x000000000800c414                daisy::System::GetProgramMemoryRegion()
 .text.startup._GLOBAL__sub_I_SysTick_Handler
                0x000000000800c48c       0x1c lib/libdaisy/build/libdaisy.a(system.o)
 .text.SystemInit
                0x000000000800c4a8       0x9c lib/libdaisy/build/libdaisy.a(system_stm32h7xx.o)
                0x000000000800c4a8                SystemInit
 .text.dummy_rx_callback
                0x000000000800c544        0x4 lib/libdaisy/build/libdaisy.a(usbd_cdc_if.o)
                0x000000000800c544                dummy_rx_callback
 .text.CDC_DeInit_FS
                0x000000000800c548        0x4 lib/libdaisy/build/libdaisy.a(usbd_cdc_if.o)
 .text.CDC_Receive_FS
                0x000000000800c54c       0x2c lib/libdaisy/build/libdaisy.a(usbd_cdc_if.o)
 .text.CDC_Receive_HS
                0x000000000800c578       0x2c lib/libdaisy/build/libdaisy.a(usbd_cdc_if.o)
 .text.CDC_Init_FS
                0x000000000800c5a4       0x3c lib/libdaisy/build/libdaisy.a(usbd_cdc_if.o)
 .text.CDC_Init_HS
                0x000000000800c5e0       0x3c lib/libdaisy/build/libdaisy.a(usbd_cdc_if.o)
 .text.CDC_Control_FS
                0x000000000800c61c       0x34 lib/libdaisy/build/libdaisy.a(usbd_cdc_if.o)
 .text.CDC_Control_HS
                0x000000000800c650       0x34 lib/libdaisy/build/libdaisy.a(usbd_cdc_if.o)
 .text.CDC_DeInit_HS
                0x000000000800c684        0x4 lib/libdaisy/build/libdaisy.a(usbd_cdc_if.o)
 .text.CDC_Transmit_FS
                0x000000000800c688       0x2c lib/libdaisy/build/libdaisy.a(usbd_cdc_if.o)
                0x000000000800c688                CDC_Transmit_FS
 .text.HAL_PCD_MspInit
                0x000000000800c6b4      0x144 lib/libdaisy/build/libdaisy.a(usbd_conf.o)
                0x000000000800c6b4                HAL_PCD_MspInit
 .text.HAL_PCD_SetupStageCallback
                0x000000000800c7f8        0xc lib/libdaisy/build/libdaisy.a(usbd_conf.o)
                0x000000000800c7f8                HAL_PCD_SetupStageCallback
 .text.HAL_PCD_DataOutStageCallback
                0x000000000800c804       0x14 lib/libdaisy/build/libdaisy.a(usbd_conf.o)
                0x000000000800c804                HAL_PCD_DataOutStageCallback
 .text.HAL_PCD_DataInStageCallback
                0x000000000800c818       0x14 lib/libdaisy/build/libdaisy.a(usbd_conf.o)
                0x000000000800c818                HAL_PCD_DataInStageCallback
 .text.HAL_PCD_SOFCallback
                0x000000000800c82c        0x8 lib/libdaisy/build/libdaisy.a(usbd_conf.o)
                0x000000000800c82c                HAL_PCD_SOFCallback
 .text.HAL_PCD_ResetCallback
                0x000000000800c834       0x24 lib/libdaisy/build/libdaisy.a(usbd_conf.o)
                0x000000000800c834                HAL_PCD_ResetCallback
 .text.HAL_PCD_SuspendCallback
                0x000000000800c858       0x30 lib/libdaisy/build/libdaisy.a(usbd_conf.o)
                0x000000000800c858                HAL_PCD_SuspendCallback
 .text.HAL_PCD_ResumeCallback
                0x000000000800c888        0x8 lib/libdaisy/build/libdaisy.a(usbd_conf.o)
                0x000000000800c888                HAL_PCD_ResumeCallback
 .text.HAL_PCD_ISOOUTIncompleteCallback
                0x000000000800c890        0x8 lib/libdaisy/build/libdaisy.a(usbd_conf.o)
                0x000000000800c890                HAL_PCD_ISOOUTIncompleteCallback
 .text.HAL_PCD_ISOINIncompleteCallback
                0x000000000800c898        0x8 lib/libdaisy/build/libdaisy.a(usbd_conf.o)
                0x000000000800c898                HAL_PCD_ISOINIncompleteCallback
 .text.HAL_PCD_ConnectCallback
                0x000000000800c8a0        0x8 lib/libdaisy/build/libdaisy.a(usbd_conf.o)
                0x000000000800c8a0                HAL_PCD_ConnectCallback
 .text.HAL_PCD_DisconnectCallback
                0x000000000800c8a8        0x8 lib/libdaisy/build/libdaisy.a(usbd_conf.o)
                0x000000000800c8a8                HAL_PCD_DisconnectCallback
 .text.USBD_LL_Init
                0x000000000800c8b0       0xe4 lib/libdaisy/build/libdaisy.a(usbd_conf.o)
                0x000000000800c8b0                USBD_LL_Init
 .text.USBD_LL_Start
                0x000000000800c994       0x1c lib/libdaisy/build/libdaisy.a(usbd_conf.o)
                0x000000000800c994                USBD_LL_Start
 .text.USBD_LL_OpenEP
                0x000000000800c9b0       0x24 lib/libdaisy/build/libdaisy.a(usbd_conf.o)
                0x000000000800c9b0                USBD_LL_OpenEP
 .text.USBD_LL_CloseEP
                0x000000000800c9d4       0x1c lib/libdaisy/build/libdaisy.a(usbd_conf.o)
                0x000000000800c9d4                USBD_LL_CloseEP
 .text.USBD_LL_StallEP
                0x000000000800c9f0       0x1c lib/libdaisy/build/libdaisy.a(usbd_conf.o)
                0x000000000800c9f0                USBD_LL_StallEP
 .text.USBD_LL_ClearStallEP
                0x000000000800ca0c       0x1c lib/libdaisy/build/libdaisy.a(usbd_conf.o)
                0x000000000800ca0c                USBD_LL_ClearStallEP
 .text.USBD_LL_IsStallEP
                0x000000000800ca28       0x28 lib/libdaisy/build/libdaisy.a(usbd_conf.o)
                0x000000000800ca28                USBD_LL_IsStallEP
 .text.USBD_LL_SetUSBAddress
                0x000000000800ca50       0x1c lib/libdaisy/build/libdaisy.a(usbd_conf.o)
                0x000000000800ca50                USBD_LL_SetUSBAddress
 .text.USBD_LL_Transmit
                0x000000000800ca6c       0x1c lib/libdaisy/build/libdaisy.a(usbd_conf.o)
                0x000000000800ca6c                USBD_LL_Transmit
 .text.USBD_LL_PrepareReceive
                0x000000000800ca88       0x1c lib/libdaisy/build/libdaisy.a(usbd_conf.o)
                0x000000000800ca88                USBD_LL_PrepareReceive
 .text.USBD_LL_GetRxDataSize
                0x000000000800caa4        0x8 lib/libdaisy/build/libdaisy.a(usbd_conf.o)
                0x000000000800caa4                USBD_LL_GetRxDataSize
 .text.USBD_HS_DeviceDescriptor
                0x000000000800caac        0xc lib/libdaisy/build/libdaisy.a(usbd_desc.o)
                0x000000000800caac                USBD_HS_DeviceDescriptor
 .text.USBD_FS_DeviceDescriptor
                0x000000000800cab8        0xc lib/libdaisy/build/libdaisy.a(usbd_desc.o)
                0x000000000800cab8                USBD_FS_DeviceDescriptor
 .text.USBD_FS_LangIDStrDescriptor
                0x000000000800cac4        0xc lib/libdaisy/build/libdaisy.a(usbd_desc.o)
                0x000000000800cac4                USBD_FS_LangIDStrDescriptor
 .text.USBD_FS_ManufacturerStrDescriptor
                0x000000000800cad0       0x1c lib/libdaisy/build/libdaisy.a(usbd_desc.o)
                0x000000000800cad0                USBD_FS_ManufacturerStrDescriptor
 .text.USBD_HS_ProductStrDescriptor
                0x000000000800caec       0x1c lib/libdaisy/build/libdaisy.a(usbd_desc.o)
                0x000000000800caec                USBD_HS_ProductStrDescriptor
 .text.USBD_FS_ConfigStrDescriptor
                0x000000000800cb08       0x1c lib/libdaisy/build/libdaisy.a(usbd_desc.o)
                0x000000000800cb08                USBD_FS_ConfigStrDescriptor
 .text.USBD_FS_InterfaceStrDescriptor
                0x000000000800cb24       0x1c lib/libdaisy/build/libdaisy.a(usbd_desc.o)
                0x000000000800cb24                USBD_FS_InterfaceStrDescriptor
 .text.USBD_FS_ProductStrDescriptor
                0x000000000800cb40       0x1c lib/libdaisy/build/libdaisy.a(usbd_desc.o)
                0x000000000800cb40                USBD_FS_ProductStrDescriptor
 .text.USBD_HS_LangIDStrDescriptor
                0x000000000800cb5c        0xc lib/libdaisy/build/libdaisy.a(usbd_desc.o)
                0x000000000800cb5c                USBD_HS_LangIDStrDescriptor
 .text.USBD_HS_ManufacturerStrDescriptor
                0x000000000800cb68       0x1c lib/libdaisy/build/libdaisy.a(usbd_desc.o)
                0x000000000800cb68                USBD_HS_ManufacturerStrDescriptor
 .text.USBD_FS_SerialStrDescriptor
                0x000000000800cb84      0x124 lib/libdaisy/build/libdaisy.a(usbd_desc.o)
                0x000000000800cb84                USBD_FS_SerialStrDescriptor
 .text.USBD_HS_SerialStrDescriptor
                0x000000000800cca8      0x124 lib/libdaisy/build/libdaisy.a(usbd_desc.o)
                0x000000000800cca8                USBD_HS_SerialStrDescriptor
 .text.USBD_HS_InterfaceStrDescriptor
                0x000000000800cdcc       0x1c lib/libdaisy/build/libdaisy.a(usbd_desc.o)
                0x000000000800cdcc                USBD_HS_InterfaceStrDescriptor
 .text.USBD_HS_ConfigStrDescriptor
                0x000000000800cde8       0x1c lib/libdaisy/build/libdaisy.a(usbd_desc.o)
                0x000000000800cde8                USBD_HS_ConfigStrDescriptor
 .text.HAL_HCD_SOF_Callback
                0x000000000800ce04        0x8 lib/libdaisy/build/libdaisy.a(usbh_conf.o)
                0x000000000800ce04                HAL_HCD_SOF_Callback
 .text.HAL_HCD_Connect_Callback
                0x000000000800ce0c        0x8 lib/libdaisy/build/libdaisy.a(usbh_conf.o)
                0x000000000800ce0c                HAL_HCD_Connect_Callback
 .text.HAL_HCD_Disconnect_Callback
                0x000000000800ce14        0x8 lib/libdaisy/build/libdaisy.a(usbh_conf.o)
                0x000000000800ce14                HAL_HCD_Disconnect_Callback
 .text.HAL_HCD_HC_NotifyURBChange_Callback
                0x000000000800ce1c        0x4 lib/libdaisy/build/libdaisy.a(usbh_conf.o)
                0x000000000800ce1c                HAL_HCD_HC_NotifyURBChange_Callback
 .text.HAL_HCD_PortEnabled_Callback
                0x000000000800ce20        0x8 lib/libdaisy/build/libdaisy.a(usbh_conf.o)
                0x000000000800ce20                HAL_HCD_PortEnabled_Callback
 .text.HAL_HCD_PortDisabled_Callback
                0x000000000800ce28        0x8 lib/libdaisy/build/libdaisy.a(usbh_conf.o)
                0x000000000800ce28                HAL_HCD_PortDisabled_Callback
 .text.USBH_LL_Stop
                0x000000000800ce30       0x1c lib/libdaisy/build/libdaisy.a(usbh_conf.o)
                0x000000000800ce30                USBH_LL_Stop
 .text.dsy_hal_map_get_port
                0x000000000800ce4c       0x10 lib/libdaisy/build/libdaisy.a(hal_map.o)
                0x000000000800ce4c                dsy_hal_map_get_port
 .text.dsy_hal_map_get_pin
                0x000000000800ce5c       0x10 lib/libdaisy/build/libdaisy.a(hal_map.o)
                0x000000000800ce5c                dsy_hal_map_get_pin
 .text.dsy_hal_map_gpio_clk_enable
                0x000000000800ce6c      0x150 lib/libdaisy/build/libdaisy.a(hal_map.o)
                0x000000000800ce6c                dsy_hal_map_gpio_clk_enable
 .text.HAL_MspInit
                0x000000000800cfbc        0x4 lib/libdaisy/build/libdaisy.a(stm32h7xx_hal.o)
                0x000000000800cfbc                HAL_MspInit
 .text.HAL_InitTick
                0x000000000800cfc0       0x4c lib/libdaisy/build/libdaisy.a(stm32h7xx_hal.o)
                0x000000000800cfc0                HAL_InitTick
 .text.HAL_Init
                0x000000000800d00c       0x60 lib/libdaisy/build/libdaisy.a(stm32h7xx_hal.o)
                0x000000000800d00c                HAL_Init
 .text.HAL_IncTick
                0x000000000800d06c       0x18 lib/libdaisy/build/libdaisy.a(stm32h7xx_hal.o)
                0x000000000800d06c                HAL_IncTick
 .text.HAL_GetTick
                0x000000000800d084        0xc lib/libdaisy/build/libdaisy.a(stm32h7xx_hal.o)
                0x000000000800d084                HAL_GetTick
 .text.HAL_Delay
                0x000000000800d090       0x24 lib/libdaisy/build/libdaisy.a(stm32h7xx_hal.o)
                0x000000000800d090                HAL_Delay
 .text.HAL_GetREVID
                0x000000000800d0b4        0xc lib/libdaisy/build/libdaisy.a(stm32h7xx_hal.o)
                0x000000000800d0b4                HAL_GetREVID
 .text.HAL_ADC_ConvHalfCpltCallback
                0x000000000800d0c0        0x4 lib/libdaisy/build/libdaisy.a(stm32h7xx_hal_adc.o)
                0x000000000800d0c0                HAL_ADC_ConvHalfCpltCallback
 .text.ADC_DMAHalfConvCplt
                0x000000000800d0c4        0xc lib/libdaisy/build/libdaisy.a(stm32h7xx_hal_adc.o)
                0x000000000800d0c4                ADC_DMAHalfConvCplt
 .text.ADC_DMAConvCplt
                0x000000000800d0d0       0x6c lib/libdaisy/build/libdaisy.a(stm32h7xx_hal_adc.o)
                0x000000000800d0d0                ADC_DMAConvCplt
 .text.ADC_DMAError
                0x000000000800d13c       0x1c lib/libdaisy/build/libdaisy.a(stm32h7xx_hal_adc.o)
                0x000000000800d13c                ADC_DMAError
 .text.HAL_ADC_ConfigChannel
                0x000000000800d158      0x3fc lib/libdaisy/build/libdaisy.a(stm32h7xx_hal_adc.o)
                0x000000000800d158                HAL_ADC_ConfigChannel
 .text.ADC_Enable
                0x000000000800d554       0xac lib/libdaisy/build/libdaisy.a(stm32h7xx_hal_adc.o)
                0x000000000800d554                ADC_Enable
 .text.HAL_ADC_Start_DMA
                0x000000000800d600      0x114 lib/libdaisy/build/libdaisy.a(stm32h7xx_hal_adc.o)
                0x000000000800d600                HAL_ADC_Start_DMA
 .text.ADC_Disable
                0x000000000800d714       0x68 lib/libdaisy/build/libdaisy.a(stm32h7xx_hal_adc.o)
                0x000000000800d714                ADC_Disable
 .text.ADC_ConfigureBoostMode
                0x000000000800d77c      0x184 lib/libdaisy/build/libdaisy.a(stm32h7xx_hal_adc.o)
                0x000000000800d77c                ADC_ConfigureBoostMode
 .text.HAL_ADC_Init
                0x000000000800d900      0x218 lib/libdaisy/build/libdaisy.a(stm32h7xx_hal_adc.o)
                0x000000000800d900                HAL_ADC_Init
 .text.HAL_ADCEx_Calibration_Start
                0x000000000800db18       0xa4 lib/libdaisy/build/libdaisy.a(stm32h7xx_hal_adc_ex.o)
                0x000000000800db18                HAL_ADCEx_Calibration_Start
 .text.HAL_ADCEx_MultiModeConfigChannel
                0x000000000800dbbc       0xc4 lib/libdaisy/build/libdaisy.a(stm32h7xx_hal_adc_ex.o)
                0x000000000800dbbc                HAL_ADCEx_MultiModeConfigChannel
 .text.HAL_NVIC_SetPriorityGrouping
                0x000000000800dc80       0x24 lib/libdaisy/build/libdaisy.a(stm32h7xx_hal_cortex.o)
                0x000000000800dc80                HAL_NVIC_SetPriorityGrouping
 .text.HAL_NVIC_SetPriority
                0x000000000800dca4       0x7c lib/libdaisy/build/libdaisy.a(stm32h7xx_hal_cortex.o)
                0x000000000800dca4                HAL_NVIC_SetPriority
 .text.HAL_NVIC_EnableIRQ
                0x000000000800dd20       0x1c lib/libdaisy/build/libdaisy.a(stm32h7xx_hal_cortex.o)
                0x000000000800dd20                HAL_NVIC_EnableIRQ
 .text.HAL_NVIC_DisableIRQ
                0x000000000800dd3c       0x28 lib/libdaisy/build/libdaisy.a(stm32h7xx_hal_cortex.o)
                0x000000000800dd3c                HAL_NVIC_DisableIRQ
 .text.HAL_NVIC_SystemReset
                0x000000000800dd64       0x24 lib/libdaisy/build/libdaisy.a(stm32h7xx_hal_cortex.o)
                0x000000000800dd64                HAL_NVIC_SystemReset
 .text.HAL_SYSTICK_Config
                0x000000000800dd88       0x2c lib/libdaisy/build/libdaisy.a(stm32h7xx_hal_cortex.o)
                0x000000000800dd88                HAL_SYSTICK_Config
 .text.HAL_MPU_Disable
                0x000000000800ddb4       0x1c lib/libdaisy/build/libdaisy.a(stm32h7xx_hal_cortex.o)
                0x000000000800ddb4                HAL_MPU_Disable
 .text.HAL_MPU_Enable
                0x000000000800ddd0       0x20 lib/libdaisy/build/libdaisy.a(stm32h7xx_hal_cortex.o)
                0x000000000800ddd0                HAL_MPU_Enable
 .text.HAL_MPU_ConfigRegion
                0x000000000800ddf0       0x64 lib/libdaisy/build/libdaisy.a(stm32h7xx_hal_cortex.o)
                0x000000000800ddf0                HAL_MPU_ConfigRegion
 .text.HAL_SYSTICK_Callback
                0x000000000800de54        0x4 lib/libdaisy/build/libdaisy.a(stm32h7xx_hal_cortex.o)
                0x000000000800de54                HAL_SYSTICK_Callback
 .text.HAL_SYSTICK_IRQHandler
                0x000000000800de58        0x8 lib/libdaisy/build/libdaisy.a(stm32h7xx_hal_cortex.o)
                0x000000000800de58                HAL_SYSTICK_IRQHandler
 .text.DMA_CalcBaseAndBitshift
                0x000000000800de60       0xf4 lib/libdaisy/build/libdaisy.a(stm32h7xx_hal_dma.o)
 .text.DMA_CalcDMAMUXChannelBaseAndMask
                0x000000000800df54       0xd8 lib/libdaisy/build/libdaisy.a(stm32h7xx_hal_dma.o)
 .text.HAL_DMA_Init
                0x000000000800e02c      0x37c lib/libdaisy/build/libdaisy.a(stm32h7xx_hal_dma.o)
                0x000000000800e02c                HAL_DMA_Init
 .text.HAL_DMA_Start_IT
                0x000000000800e3a8      0x240 lib/libdaisy/build/libdaisy.a(stm32h7xx_hal_dma.o)
                0x000000000800e3a8                HAL_DMA_Start_IT
 .text.HAL_DMA_Abort_IT
                0x000000000800e5e8      0x134 lib/libdaisy/build/libdaisy.a(stm32h7xx_hal_dma.o)
                0x000000000800e5e8                HAL_DMA_Abort_IT
 .text.HAL_DMA_IRQHandler
                0x000000000800e71c      0x6a0 lib/libdaisy/build/libdaisy.a(stm32h7xx_hal_dma.o)
                0x000000000800e71c                HAL_DMA_IRQHandler
 .text.HAL_DMA_GetError
                0x000000000800edbc        0x4 lib/libdaisy/build/libdaisy.a(stm32h7xx_hal_dma.o)
                0x000000000800edbc                HAL_DMA_GetError
 .text.HAL_GPIO_Init
                0x000000000800edc0      0x280 lib/libdaisy/build/libdaisy.a(stm32h7xx_hal_gpio.o)
                0x000000000800edc0                HAL_GPIO_Init
 .text.HAL_GPIO_DeInit
                0x000000000800f040      0x190 lib/libdaisy/build/libdaisy.a(stm32h7xx_hal_gpio.o)
                0x000000000800f040                HAL_GPIO_DeInit
 .text.HAL_GPIO_ReadPin
                0x000000000800f1d0        0xc lib/libdaisy/build/libdaisy.a(stm32h7xx_hal_gpio.o)
                0x000000000800f1d0                HAL_GPIO_ReadPin
 .text.HAL_GPIO_WritePin
                0x000000000800f1dc        0x8 lib/libdaisy/build/libdaisy.a(stm32h7xx_hal_gpio.o)
                0x000000000800f1dc                HAL_GPIO_WritePin
 .text.HAL_HCD_IRQHandler
                0x000000000800f1e4      0x780 lib/libdaisy/build/libdaisy.a(stm32h7xx_hal_hcd.o)
                0x000000000800f1e4                HAL_HCD_IRQHandler
 .text.HAL_HCD_Stop
                0x000000000800f964       0x28 lib/libdaisy/build/libdaisy.a(stm32h7xx_hal_hcd.o)
                0x000000000800f964                HAL_HCD_Stop
 .text.I2C_WaitOnTXISFlagUntilTimeout
                0x000000000800f98c       0xb8 lib/libdaisy/build/libdaisy.a(stm32h7xx_hal_i2c.o)
 .text.I2C_WaitOnSTOPFlagUntilTimeout
                0x000000000800fa44       0xac lib/libdaisy/build/libdaisy.a(stm32h7xx_hal_i2c.o)
 .text.HAL_I2C_Init
                0x000000000800faf0       0xac lib/libdaisy/build/libdaisy.a(stm32h7xx_hal_i2c.o)
                0x000000000800faf0                HAL_I2C_Init
 .text.HAL_I2C_Master_Transmit
                0x000000000800fb9c      0x1a8 lib/libdaisy/build/libdaisy.a(stm32h7xx_hal_i2c.o)
                0x000000000800fb9c                HAL_I2C_Master_Transmit
 .text.HAL_I2C_Slave_Transmit
                0x000000000800fd44      0x1c8 lib/libdaisy/build/libdaisy.a(stm32h7xx_hal_i2c.o)
                0x000000000800fd44                HAL_I2C_Slave_Transmit
 .text.HAL_I2C_Mem_Write
                0x000000000800ff0c      0x254 lib/libdaisy/build/libdaisy.a(stm32h7xx_hal_i2c.o)
                0x000000000800ff0c                HAL_I2C_Mem_Write
 .text.HAL_I2C_Mem_Read
                0x0000000008010160      0x29c lib/libdaisy/build/libdaisy.a(stm32h7xx_hal_i2c.o)
                0x0000000008010160                HAL_I2C_Mem_Read
 .text.HAL_I2C_EV_IRQHandler
                0x00000000080103fc       0x10 lib/libdaisy/build/libdaisy.a(stm32h7xx_hal_i2c.o)
                0x00000000080103fc                HAL_I2C_EV_IRQHandler
 .text.HAL_I2C_GetState
                0x000000000801040c        0x8 lib/libdaisy/build/libdaisy.a(stm32h7xx_hal_i2c.o)
                0x000000000801040c                HAL_I2C_GetState
 .text.HAL_I2CEx_ConfigAnalogFilter
                0x0000000008010414       0x54 lib/libdaisy/build/libdaisy.a(stm32h7xx_hal_i2c_ex.o)
                0x0000000008010414                HAL_I2CEx_ConfigAnalogFilter
 .text.HAL_I2CEx_ConfigDigitalFilter
                0x0000000008010468       0x58 lib/libdaisy/build/libdaisy.a(stm32h7xx_hal_i2c_ex.o)
                0x0000000008010468                HAL_I2CEx_ConfigDigitalFilter
 .text.HAL_PCD_Init
                0x00000000080104c0      0x12c lib/libdaisy/build/libdaisy.a(stm32h7xx_hal_pcd.o)
                0x00000000080104c0                HAL_PCD_Init
 .text.HAL_PCD_Start
                0x00000000080105ec       0x44 lib/libdaisy/build/libdaisy.a(stm32h7xx_hal_pcd.o)
                0x00000000080105ec                HAL_PCD_Start
 .text.HAL_PCD_IRQHandler
                0x0000000008010630      0x69c lib/libdaisy/build/libdaisy.a(stm32h7xx_hal_pcd.o)
                0x0000000008010630                HAL_PCD_IRQHandler
 .text.HAL_PCD_SetAddress
                0x0000000008010ccc       0x2c lib/libdaisy/build/libdaisy.a(stm32h7xx_hal_pcd.o)
                0x0000000008010ccc                HAL_PCD_SetAddress
 .text.HAL_PCD_EP_Open
                0x0000000008010cf8       0x7c lib/libdaisy/build/libdaisy.a(stm32h7xx_hal_pcd.o)
                0x0000000008010cf8                HAL_PCD_EP_Open
 .text.HAL_PCD_EP_Close
                0x0000000008010d74       0x6c lib/libdaisy/build/libdaisy.a(stm32h7xx_hal_pcd.o)
                0x0000000008010d74                HAL_PCD_EP_Close
 .text.HAL_PCD_EP_Receive
                0x0000000008010de0       0x50 lib/libdaisy/build/libdaisy.a(stm32h7xx_hal_pcd.o)
                0x0000000008010de0                HAL_PCD_EP_Receive
 .text.HAL_PCD_EP_GetRxCount
                0x0000000008010e30       0x14 lib/libdaisy/build/libdaisy.a(stm32h7xx_hal_pcd.o)
                0x0000000008010e30                HAL_PCD_EP_GetRxCount
 .text.HAL_PCD_EP_Transmit
                0x0000000008010e44       0x50 lib/libdaisy/build/libdaisy.a(stm32h7xx_hal_pcd.o)
                0x0000000008010e44                HAL_PCD_EP_Transmit
 .text.HAL_PCD_EP_SetStall
                0x0000000008010e94       0x88 lib/libdaisy/build/libdaisy.a(stm32h7xx_hal_pcd.o)
                0x0000000008010e94                HAL_PCD_EP_SetStall
 .text.HAL_PCD_EP_ClrStall
                0x0000000008010f1c       0x78 lib/libdaisy/build/libdaisy.a(stm32h7xx_hal_pcd.o)
                0x0000000008010f1c                HAL_PCD_EP_ClrStall
 .text.HAL_PCDEx_SetTxFiFo
                0x0000000008010f94       0x54 lib/libdaisy/build/libdaisy.a(stm32h7xx_hal_pcd_ex.o)