Archive member included to satisfy reference by file (symbol)

lib/libdaisy/build/libdaisy.a(daisy_seed.o)
                              build/Interface.o (daisy::DaisySeed::Configure())
lib/libdaisy/build/libdaisy.a(codec_ak4556.o)
                              lib/libdaisy/build/libdaisy.a(daisy_seed.o) (daisy::Ak4556::Init(dsy_gpio_pin))
lib/libdaisy/build/libdaisy.a(codec_wm8731.o)
                              lib/libdaisy/build/libdaisy.a(daisy_seed.o) (daisy::Wm8731::Init(daisy::Wm8731::Config const&, daisy::I2CHandle))
lib/libdaisy/build/libdaisy.a(sdram.o)
                              lib/libdaisy/build/libdaisy.a(daisy_seed.o) (SdramHandle::Init())
lib/libdaisy/build/libdaisy.a(audio.o)
                              lib/libdaisy/build/libdaisy.a(daisy_seed.o) (daisy::AudioHandle::Init(daisy::AudioHandle::Config const&, daisy::SaiHandle))
lib/libdaisy/build/libdaisy.a(ctrl.o)
                              build/Interface.o (daisy::AnalogControl::Init(unsigned short*, float, bool, bool, float))
lib/libdaisy/build/libdaisy.a(logger.o)
                              build/Thaumazein.o (daisy::Logger<(daisy::LoggerDestination)1>::PrintLine(char const*, ...))
lib/libdaisy/build/libdaisy.a(switch.o)
                              build/Interface.o (daisy::Switch::Init(dsy_gpio_pin, float))
lib/libdaisy/build/libdaisy.a(usb.o)
                              lib/libdaisy/build/libdaisy.a(logger.o) (daisy::UsbHandle::Init(daisy::UsbHandle::UsbPeriph))
lib/libdaisy/build/libdaisy.a(adc.o)
                              build/Interface.o (daisy::AdcChannelConfig::InitSingle(dsy_gpio_pin))
lib/libdaisy/build/libdaisy.a(gpio.o)
                              build/Interface.o (daisy::GPIO::Init(daisy::GPIO::Config const&))
lib/libdaisy/build/libdaisy.a(i2c.o)
                              build/mpr121_daisy.o (daisy::I2CHandle::Init(daisy::I2CHandle::Config const&))
lib/libdaisy/build/libdaisy.a(qspi.o)
                              lib/libdaisy/build/libdaisy.a(daisy_seed.o) (daisy::QSPIHandle::Init(daisy::QSPIHandle::Config const&))
lib/libdaisy/build/libdaisy.a(sai.o)
                              lib/libdaisy/build/libdaisy.a(daisy_seed.o) (daisy::SaiHandle::Init(daisy::SaiHandle::Config const&))
lib/libdaisy/build/libdaisy.a(system.o)
                              lib/libdaisy/build/libdaisy.a(daisy_seed.o) (daisy::System::DeInit())
lib/libdaisy/build/libdaisy.a(system_stm32h7xx.o)
                              build/startup_stm32h750xx.o (SystemInit)
lib/libdaisy/build/libdaisy.a(usbd_cdc_if.o)
                              lib/libdaisy/build/libdaisy.a(usb.o) (CDC_Transmit_FS)
lib/libdaisy/build/libdaisy.a(usbd_conf.o)
                              lib/libdaisy/build/libdaisy.a(system.o) (hpcd_USB_OTG_HS)
lib/libdaisy/build/libdaisy.a(usbd_desc.o)
                              lib/libdaisy/build/libdaisy.a(usb.o) (HS_Desc)
lib/libdaisy/build/libdaisy.a(usbh_conf.o)
                              lib/libdaisy/build/libdaisy.a(system.o) (hhcd_USB_OTG_HS)
lib/libdaisy/build/libdaisy.a(hal_map.o)
                              lib/libdaisy/build/libdaisy.a(gpio.o) (dsy_hal_map_get_port)
lib/libdaisy/build/libdaisy.a(stm32h7xx_hal.o)
                              lib/libdaisy/build/libdaisy.a(system.o) (HAL_Init)
lib/libdaisy/build/libdaisy.a(stm32h7xx_hal_adc.o)
                              lib/libdaisy/build/libdaisy.a(adc.o) (HAL_ADC_ConfigChannel)
lib/libdaisy/build/libdaisy.a(stm32h7xx_hal_adc_ex.o)
                              lib/libdaisy/build/libdaisy.a(adc.o) (HAL_ADCEx_Calibration_Start)
lib/libdaisy/build/libdaisy.a(stm32h7xx_hal_cortex.o)
                              lib/libdaisy/build/libdaisy.a(stm32h7xx_hal.o) (HAL_NVIC_SetPriorityGrouping)
lib/libdaisy/build/libdaisy.a(stm32h7xx_hal_dma.o)
                              lib/libdaisy/build/libdaisy.a(adc.o) (HAL_DMA_Init)
lib/libdaisy/build/libdaisy.a(stm32h7xx_hal_gpio.o)
                              lib/libdaisy/build/libdaisy.a(sdram.o) (HAL_GPIO_Init)
lib/libdaisy/build/libdaisy.a(stm32h7xx_hal_hcd.o)
                              lib/libdaisy/build/libdaisy.a(usbh_conf.o) (HAL_HCD_HC_Init)
lib/libdaisy/build/libdaisy.a(stm32h7xx_hal_i2c.o)
                              lib/libdaisy/build/libdaisy.a(i2c.o) (HAL_I2C_Init)
lib/libdaisy/build/libdaisy.a(stm32h7xx_hal_i2c_ex.o)
                              lib/libdaisy/build/libdaisy.a(i2c.o) (HAL_I2CEx_ConfigAnalogFilter)
lib/libdaisy/build/libdaisy.a(stm32h7xx_hal_pcd.o)
                              lib/libdaisy/build/libdaisy.a(usbd_conf.o) (HAL_PCD_Init)
lib/libdaisy/build/libdaisy.a(stm32h7xx_hal_pcd_ex.o)
                              lib/libdaisy/build/libdaisy.a(usbd_conf.o) (HAL_PCDEx_SetTxFiFo)
lib/libdaisy/build/libdaisy.a(stm32h7xx_hal_pwr_ex.o)
                              lib/libdaisy/build/libdaisy.a(system.o) (HAL_PWREx_ConfigSupply)
lib/libdaisy/build/libdaisy.a(stm32h7xx_hal_qspi.o)
                              lib/libdaisy/build/libdaisy.a(qspi.o) (HAL_QSPI_Init)
[...]
Memory Configuration

Name             Origin             Length             Attributes
FLASH            0x0000000008000000 0x0000000000020000 xr
DTCMRAM          0x0000000020000000 0x0000000000020000 xrw
SRAM             0x0000000024000000 0x0000000000080000 xrw
RAM_D2           0x0000000030000000 0x0000000000048000 xrw
RAM_D3           0x0000000038000000 0x0000000000010000 xrw
ITCMRAM          0x0000000000000000 0x0000000000010000 xrw
SDRAM            0x00000000c0000000 0x0000000004000000 xrw
QSPIFLASH        0x0000000090000000 0x0000000000800000 xr
*default*        0x0000000000000000 0xffffffffffffffff

Linker script and memory map

LOAD /Library/DaisyToolchain/0.2.0/arm/bin/../lib/gcc/arm-none-eabi/10.3.1/thumb/v7e-m+dp/hard/crti.o
LOAD /Library/DaisyToolchain/0.2.0/arm/bin/../lib/gcc/arm-none-eabi/10.3.1/thumb/v7e-m+dp/hard/crtbegin.o
LOAD /Library/DaisyToolchain/0.2.0/arm/bin/../lib/gcc/arm-none-eabi/10.3.1/../../../../arm-none-eabi/lib/thumb/v7e-m+dp/hard/crt0.o
LOAD build/startup_stm32h750xx.o
LOAD build/Thaumazein.o
LOAD build/Interface.o
LOAD build/Arpeggiator.o
LOAD build/Polyphony.o
LOAD build/AudioProcessor.o
LOAD build/VoiceEnvelope.o
LOAD build/mpr121_daisy.o
LOAD build/reverbsc.o
LOAD build/BiquadFilters.o
LOAD build/voice.o
LOAD build/additive_engine.o
LOAD build/bass_drum_engine.o
LOAD build/chord_engine.o
LOAD build/fm_engine.o
LOAD build/grain_engine.o
LOAD build/hi_hat_engine.o
LOAD build/modal_engine.o
LOAD build/noise_engine.o
LOAD build/particle_engine.o
LOAD build/snare_drum_engine.o
LOAD build/speech_engine.o
LOAD build/string_engine.o
LOAD build/swarm_engine.o
LOAD build/virtual_analog_engine.o
LOAD build/waveshaping_engine.o
LOAD build/wavetable_engine.o
LOAD build/lpc_speech_synth.o
LOAD build/lpc_speech_synth_controller.o
LOAD build/lpc_speech_synth_phonemes.o
LOAD build/lpc_speech_synth_words.o
LOAD build/naive_speech_synth.o
LOAD build/sam_speech_synth.o
LOAD build/modal_voice.o
LOAD build/resonator.o
LOAD build/string.o
LOAD build/string_voice.o
LOAD build/resources.o
LOAD build/units.o
LOAD build/random.o
LOAD lib/libdaisy/build/libdaisy.a
LOAD /Library/DaisyToolchain/0.2.0/arm/bin/../lib/gcc/arm-none-eabi/10.3.1/../../../../arm-none-eabi/lib/thumb/v7e-m+dp/hard/libnosys.a
LOAD lib/DaisySP/build/libdaisysp.a
LOAD /Library/DaisyToolchain/0.2.0/arm/bin/../lib/gcc/arm-none-eabi/10.3.1/../../../../arm-none-eabi/lib/thumb/v7e-m+dp/hard/libstdc++_nano.a
LOAD /Library/DaisyToolchain/0.2.0/arm/bin/../lib/gcc/arm-none-eabi/10.3.1/../../../../arm-none-eabi/lib/thumb/v7e-m+dp/hard/libm.a
LOAD /Library/DaisyToolchain/0.2.0/arm/bin/../lib/gcc/arm-none-eabi/10.3.1/../../../../arm-none-eabi/lib/thumb/v7e-m+dp/hard/libc_nano.a
START GROUP
LOAD /Library/DaisyToolchain/0.2.0/arm/bin/../lib/gcc/arm-none-eabi/10.3.1/thumb/v7e-m+dp/hard/libgcc.a
LOAD /Library/DaisyToolchain/0.2.0/arm/bin/../lib/gcc/arm-none-eabi/10.3.1/../../../../arm-none-eabi/lib/thumb/v7e-m+dp/hard/libc_nano.a
END GROUP
START GROUP
LOAD /Library/DaisyToolchain/0.2.0/arm/bin/../lib/gcc/arm-none-eabi/10.3.1/thumb/v7e-m+dp/hard/libgcc.a
LOAD /Library/DaisyToolchain/0.2.0/arm/bin/../lib/gcc/arm-none-eabi/10.3.1/../../../../arm-none-eabi/lib/thumb/v7e-m+dp/hard/libc_nano.a
LOAD /Library/DaisyToolchain/0.2.0/arm/bin/../lib/gcc/arm-none-eabi/10.3.1/../../../../arm-none-eabi/lib/thumb/v7e-m+dp/hard/libnosys.a
END GROUP
START GROUP
LOAD /Library/DaisyToolchain/0.2.0/arm/bin/../lib/gcc/arm-none-eabi/10.3.1/thumb/v7e-m+dp/hard/libgcc.a
LOAD /Library/DaisyToolchain/0.2.0/arm/bin/../lib/gcc/arm-none-eabi/10.3.1/../../../../arm-none-eabi/lib/thumb/v7e-m+dp/hard/libc_nano.a
LOAD /Library/DaisyToolchain/0.2.0/arm/bin/../lib/gcc/arm-none-eabi/10.3.1/../../../../arm-none-eabi/lib/thumb/v7e-m+dp/hard/libnosys.a
END GROUP
LOAD /Library/DaisyToolchain/0.2.0/arm/bin/../lib/gcc/arm-none-eabi/10.3.1/thumb/v7e-m+dp/hard/crtend.o
LOAD /Library/DaisyToolchain/0.2.0/arm/bin/../lib/gcc/arm-none-eabi/10.3.1/thumb/v7e-m+dp/hard/crtn.o
                0x0000000020020000                _estack = 0x20020000

.isr_vector     0x0000000008000000      0x298
                0x0000000008000000                . = ALIGN (0x4)
 *(.isr_vector)
 .isr_vector    0x0000000008000000      0x298 build/startup_stm32h750xx.o
                0x0000000008000000                g_pfnVectors
                0x0000000008000298                . = ALIGN (0x4)

.text           0x00000000080002a0    0x1f408
                0x00000000080002a0                . = ALIGN (0x4)
                0x00000000080002a0                _stext = .
 *(.text)
 .text          0x00000000080002a0       0x40 /Library/DaisyToolchain/0.2.0/arm/bin/../lib/gcc/arm-none-eabi/10.3.1/thumb/v7e-m+dp/hard/crtbegin.o
 .text          0x00000000080002e0       0x14 /Library/DaisyToolchain/0.2.0/arm/bin/../lib/gcc/arm-none-eabi/10.3.1/../../../../arm-none-eabi/lib/thumb/v7e-m+dp/hard/libc_nano.a(lib_a-strcmp.o)
                0x00000000080002e0                strcmp
 *fill*         0x00000000080002f4        0xc 
 .text          0x0000000008000300       0xa0 /Library/DaisyToolchain/0.2.0/arm/bin/../lib/gcc/arm-none-eabi/10.3.1/../../../../arm-none-eabi/lib/thumb/v7e-m+dp/hard/libc_nano.a(lib_a-memchr.o)
                0x0000000008000300                memchr
 *(.text*)
 .text.Default_Handler
                0x00000000080003a0        0x2 build/startup_stm32h750xx.o
                0x00000000080003a0                SAI1_IRQHandler
                0x00000000080003a0                HASH_RNG_IRQHandler
                0x00000000080003a0                EXTI2_IRQHandler
                0x00000000080003a0                TIM8_CC_IRQHandler
                0x00000000080003a0                HRTIM1_Master_IRQHandler
                0x00000000080003a0                DebugMon_Handler
                0x00000000080003a0                UART8_IRQHandler
                0x00000000080003a0                SPI4_IRQHandler
                0x00000000080003a0                TIM1_CC_IRQHandler
                0x00000000080003a0                BDMA_Channel6_IRQHandler
                0x00000000080003a0                DMA2_Stream5_IRQHandler
                0x00000000080003a0                HRTIM1_FLT_IRQHandler
                0x00000000080003a0                JPEG_IRQHandler
                0x00000000080003a0                DMA1_Stream5_IRQHandler
                0x00000000080003a0                BDMA_Channel1_IRQHandler
                0x00000000080003a0                HRTIM1_TIMD_IRQHandler
                0x00000000080003a0                TAMP_STAMP_IRQHandler
                0x00000000080003a0                PendSV_Handler
                0x00000000080003a0                NMI_Handler
                0x00000000080003a0                EXTI3_IRQHandler
                0x00000000080003a0                LPTIM4_IRQHandler
                0x00000000080003a0                TIM8_TRG_COM_TIM14_IRQHandler
                0x00000000080003a0                LPTIM2_IRQHandler
                0x00000000080003a0                DFSDM1_FLT1_IRQHandler
                0x00000000080003a0                DMAMUX2_OVR_IRQHandler
                0x00000000080003a0                TIM8_UP_TIM13_IRQHandler
                0x00000000080003a0                I2C3_ER_IRQHandler
                0x00000000080003a0                DFSDM1_FLT2_IRQHandler
                0x00000000080003a0                MDMA_IRQHandler
                0x00000000080003a0                LPTIM3_IRQHandler
                0x00000000080003a0                HSEM1_IRQHandler
                0x00000000080003a0                EXTI0_IRQHandler
                0x00000000080003a0                FPU_IRQHandler
                0x00000000080003a0                OTG_HS_WKUP_IRQHandler
                0x00000000080003a0                FDCAN1_IT1_IRQHandler
                0x00000000080003a0                UsageFault_Handler
                0x00000000080003a0                LTDC_ER_IRQHandler
                0x00000000080003a0                DMA2_Stream2_IRQHandler
                0x00000000080003a0                HRTIM1_TIME_IRQHandler
                0x00000000080003a0                TIM6_DAC_IRQHandler
                0x00000000080003a0                DCMI_IRQHandler
                0x00000000080003a0                HRTIM1_TIMC_IRQHandler
                0x00000000080003a0                DMA2_Stream3_IRQHandler
                0x00000000080003a0                SAI2_IRQHandler
                0x00000000080003a0                DFSDM1_FLT3_IRQHandler
                0x00000000080003a0                USART6_IRQHandler
                0x00000000080003a0                TIM17_IRQHandler
                0x00000000080003a0                USART3_IRQHandler
                0x00000000080003a0                CRYP_IRQHandler
                0x00000000080003a0                BDMA_Channel7_IRQHandler
                0x00000000080003a0                LPTIM5_IRQHandler
                0x00000000080003a0                UART5_IRQHandler
                0x00000000080003a0                ADC3_IRQHandler
                0x00000000080003a0                DMA2_Stream0_IRQHandler
                0x00000000080003a0                TIM4_IRQHandler
                0x00000000080003a0                BDMA_Channel2_IRQHandler
                0x00000000080003a0                DMAMUX1_OVR_IRQHandler
                0x00000000080003a0                TIM16_IRQHandler
                0x00000000080003a0                UART4_IRQHandler
                0x00000000080003a0                BDMA_Channel5_IRQHandler
                0x00000000080003a0                TIM3_IRQHandler
                0x00000000080003a0                RCC_IRQHandler
                0x00000000080003a0                TIM8_BRK_TIM12_IRQHandler
                0x00000000080003a0                TIM1_TRG_COM_IRQHandler
                0x00000000080003a0                Default_Handler
                0x00000000080003a0                ECC_IRQHandler
                0x00000000080003a0                CEC_IRQHandler
                0x00000000080003a0                EXTI15_10_IRQHandler
                0x00000000080003a0                BDMA_Channel0_IRQHandler
                0x00000000080003a0                ADC_IRQHandler
                0x00000000080003a0                HRTIM1_TIMA_IRQHandler
                0x00000000080003a0                SPI5_IRQHandler
                0x00000000080003a0                TIM7_IRQHandler
                0x00000000080003a0                SDMMC1_IRQHandler
                0x00000000080003a0                TIM5_IRQHandler
                0x00000000080003a0                DMA2_Stream7_IRQHandler
                0x00000000080003a0                TIM15_IRQHandler
                0x00000000080003a0                PVD_AVD_IRQHandler
                0x00000000080003a0                EXTI9_5_IRQHandler
                0x00000000080003a0                RTC_WKUP_IRQHandler
                0x00000000080003a0                LTDC_IRQHandler
                0x00000000080003a0                SAI3_IRQHandler
                0x00000000080003a0                ETH_WKUP_IRQHandler
                0x00000000080003a0                SPDIF_RX_IRQHandler
                0x00000000080003a0                SPI2_IRQHandler
                0x00000000080003a0                MemManage_Handler
                0x00000000080003a0                SVC_Handler
                0x00000000080003a0                CRS_IRQHandler
                0x00000000080003a0                EXTI4_IRQHandler
                0x00000000080003a0                HRTIM1_TIMB_IRQHandler
                0x00000000080003a0                FDCAN2_IT1_IRQHandler
                0x00000000080003a0                ETH_IRQHandler
                0x00000000080003a0                TIM1_UP_IRQHandler
                0x00000000080003a0                BDMA_Channel4_IRQHandler
                0x00000000080003a0                WWDG_IRQHandler
                0x00000000080003a0                SPI6_IRQHandler
                0x00000000080003a0                I2C4_EV_IRQHandler
                0x00000000080003a0                MDIOS_IRQHandler
                0x00000000080003a0                FDCAN2_IT0_IRQHandler
                0x00000000080003a0                LPUART1_IRQHandler
                0x00000000080003a0                FDCAN1_IT0_IRQHandler
                0x00000000080003a0                TIM2_IRQHandler
                0x00000000080003a0                OTG_FS_WKUP_IRQHandler
                0x00000000080003a0                DMA2D_IRQHandler
                0x00000000080003a0                TIM1_BRK_IRQHandler
                0x00000000080003a0                EXTI1_IRQHandler
                0x00000000080003a0                SDMMC2_IRQHandler
                0x00000000080003a0                BDMA_Channel3_IRQHandler
                0x00000000080003a0                UART7_IRQHandler
                0x00000000080003a0                MDIOS_WKUP_IRQHandler
                0x00000000080003a0                USART2_IRQHandler
                0x00000000080003a0                DFSDM1_FLT0_IRQHandler
                0x00000000080003a0                SAI4_IRQHandler
                0x00000000080003a0                I2C2_ER_IRQHandler
                0x00000000080003a0                DMA2_Stream1_IRQHandler
                0x00000000080003a0                FLASH_IRQHandler
                0x00000000080003a0                DMA2_Stream4_IRQHandler
                0x00000000080003a0                BusFault_Handler
                0x00000000080003a0                USART1_IRQHandler
                0x00000000080003a0                SPI3_IRQHandler
                0x00000000080003a0                WAKEUP_PIN_IRQHandler
                0x00000000080003a0                I2C1_ER_IRQHandler
                0x00000000080003a0                FMC_IRQHandler
                0x00000000080003a0                FDCAN_CAL_IRQHandler
                0x00000000080003a0                SWPMI1_IRQHandler
                0x00000000080003a0                COMP1_IRQHandler
                0x00000000080003a0                LPTIM1_IRQHandler
                0x00000000080003a0                I2C4_ER_IRQHandler
                0x00000000080003a0                DMA2_Stream6_IRQHandler
                0x00000000080003a0                RTC_Alarm_IRQHandler
 *fill*         0x00000000080003a2        0x2 
 .text.Reset_Handler
                0x00000000080003a4       0x3c build/startup_stm32h750xx.o
                0x00000000080003a4                Reset_Handler
 .text._Z13UpdateDisplayv.part.0
                0x00000000080003e0       0xf8 build/Thaumazein.o
 .text._Z13UpdateDisplayv
                0x00000000080004d8       0x10 build/Thaumazein.o
                0x00000000080004d8                UpdateDisplay()
 .text._Z15PollTouchSensorv
                0x00000000080004e8      0x178 build/Thaumazein.o
                0x00000000080004e8                PollTouchSensor()
 .text.startup.main
                0x0000000008000660       0x38 build/Thaumazein.o
                0x0000000008000660                main
 .text._ZN5daisy6SwitchD2Ev
                0x0000000008000698        0x2 build/Interface.o
                0x0000000008000698                daisy::Switch::~Switch()
                0x0000000008000698                daisy::Switch::~Switch()
 .text._ZN5daisy13AnalogControlD2Ev
                0x000000000800069a        0x2 build/Interface.o
                0x000000000800069a                daisy::AnalogControl::~AnalogControl()
                0x000000000800069a                daisy::AnalogControl::~AnalogControl()
 .text._ZN5daisy9DaisySeedD2Ev
                0x000000000800069c        0x2 build/Interface.o
                0x000000000800069c                daisy::DaisySeed::~DaisySeed()
                0x000000000800069c                daisy::DaisySeed::~DaisySeed()
 .text._ZN6Mpr121D2Ev
                0x000000000800069e        0x2 build/Interface.o
                0x000000000800069e                Mpr121::~Mpr121()
                0x000000000800069e                Mpr121::~Mpr121()
 .text._ZN10infrasonic9EchoDelayILj48000EED2Ev
                0x00000000080006a0        0x2 build/Interface.o
                0x00000000080006a0                infrasonic::EchoDelay<48000u>::~EchoDelay()
                0x00000000080006a0                infrasonic::EchoDelay<48000u>::~EchoDelay()
 *fill*         0x00000000080006a2        0x2 
 .text._ZNSt17_Function_handlerIFviEZ15InitializeSynthvEUliE_E10_M_managerERSt9_Any_dataRKS3_St18_Manager_operation
                0x00000000080006a4       0x18 build/Interface.o
 .text._ZNSt17_Function_handlerIFviEZ15InitializeSynthvEUliE_E9_M_invokeERKSt9_Any_dataOi
                0x00000000080006bc       0xa8 build/Interface.o
 .text._ZNSt14_Function_baseD2Ev
                0x0000000008000764       0x12 build/Interface.o
                0x0000000008000764                std::_Function_base::~_Function_base()
                0x0000000008000764                std::_Function_base::~_Function_base()
 .text._ZN11ArpeggiatorD2Ev
                0x0000000008000776        0xe build/Interface.o
                0x0000000008000776                Arpeggiator::~Arpeggiator()
                0x0000000008000776                Arpeggiator::~Arpeggiator()
 .text._Z18InitializeHardwarev
                0x0000000008000784       0x40 build/Interface.o
                0x0000000008000784                InitializeHardware()
 .text._Z18InitializeControlsv
                0x00000000080007c4      0x2c8 build/Interface.o
                0x00000000080007c4                InitializeControls()
 .text._Z21InitializeTouchSensorv
                0x0000000008000a8c       0x6c build/Interface.o
                0x0000000008000a8c                InitializeTouchSensor()
 .text._Z19InitializeTouchLEDsv
                0x0000000008000af8       0x5c build/Interface.o
                0x0000000008000af8                InitializeTouchLEDs()
 .text._Z8Bootloadv
                0x0000000008000b54       0x88 build/Interface.o
                0x0000000008000b54                Bootload()
 .text._Z9UpdateLEDv
                0x0000000008000bdc       0x40 build/Interface.o
                0x0000000008000bdc                UpdateLED()
 .text._ZN10infrasonic13BiquadCascadeILj1ELNS_13BiquadSection10FilterTypeE2EE18updateCoefficientsEv
                0x0000000008000c1c       0x32 build/Interface.o
                0x0000000008000c1c                infrasonic::BiquadCascade<1u, (infrasonic::BiquadSection::FilterType)2>::updateCoefficients()
 *fill*         0x0000000008000c4e        0x2 
 .text._Z15InitializeDelayv
                0x0000000008000c50       0xd4 build/Interface.o
                0x0000000008000c50                InitializeDelay()
 .text._Z15InitializeSynthv
                0x0000000008000d24      0x154 build/Interface.o
                0x0000000008000d24                InitializeSynth()
 .text.startup._GLOBAL__sub_I_hw
                0x0000000008000e78      0x168 build/Interface.o
 .text._ZN11ArpeggiatorC2Ev
                0x0000000008000fe0       0x38 build/Arpeggiator.o
                0x0000000008000fe0                Arpeggiator::Arpeggiator()
                0x0000000008000fe0                Arpeggiator::Arpeggiator()
 .text._ZN11Arpeggiator8SetNotesEPii
                0x0000000008001018        0x6 build/Arpeggiator.o
                0x0000000008001018                Arpeggiator::SetNotes(int*, int)
 .text._ZN11Arpeggiator22SetNoteTriggerCallbackESt8functionIFviEE
                0x000000000800101e       0x5c build/Arpeggiator.o
                0x000000000800101e                Arpeggiator::SetNoteTriggerCallback(std::function<void (int)>)
 .text._ZN11Arpeggiator12SetDirectionENS_9DirectionE
                0x000000000800107a        0xa build/Arpeggiator.o
                0x000000000800107a                Arpeggiator::SetDirection(Arpeggiator::Direction)
 .text._ZNK11Arpeggiator8IsActiveEv
                0x0000000008001084        0xc build/Arpeggiator.o
                0x0000000008001084                Arpeggiator::IsActive() const
 .text._ZN11Arpeggiator14UpdateIntervalEv
                0x0000000008001090       0x1a build/Arpeggiator.o
                0x0000000008001090                Arpeggiator::UpdateInterval()
 .text._ZN11Arpeggiator4InitEf
                0x00000000080010aa       0x24 build/Arpeggiator.o
                0x00000000080010aa                Arpeggiator::Init(float)
 *fill*         0x00000000080010ce        0x2 
 .text._ZN11Arpeggiator12SetMainTempoEf
                0x00000000080010d0       0x28 build/Arpeggiator.o
                0x00000000080010d0                Arpeggiator::SetMainTempo(float)
 .text._ZN11Arpeggiator18SetPolyrhythmRatioEf
                0x00000000080010f8       0x16 build/Arpeggiator.o
                0x00000000080010f8                Arpeggiator::SetPolyrhythmRatio(float)
 .text._ZN11Arpeggiator10Xorshift32Ev
                0x000000000800110e       0x14 build/Arpeggiator.o
                0x000000000800110e                Arpeggiator::Xorshift32()
 .text._ZN11Arpeggiator11TriggerNoteEv
                0x0000000008001122       0x48 build/Arpeggiator.o
                0x0000000008001122                Arpeggiator::TriggerNote()
 .text._ZN11Arpeggiator7ProcessEj
                0x000000000800116a       0x58 build/Arpeggiator.o
                0x000000000800116a                Arpeggiator::Process(unsigned int)
 .text.__tcf_0  0x00000000080011c2        0x2 build/Polyphony.o
 .text._Z9FindVoicefi
                0x00000000080011c4       0x48 build/Polyphony.o
                0x00000000080011c4                FindVoice(float, int)
 .text._Z18FindAvailableVoicei
                0x000000000800120c       0x20 build/Polyphony.o
                0x000000000800120c                FindAvailableVoice(int)
 .text._Z14AssignMonoNotef
                0x000000000800122c       0x24 build/Polyphony.o
                0x000000000800122c                AssignMonoNote(float)
 .text._Z16InitializeVoicesv
                0x0000000008001250       0xe8 build/Polyphony.o
                0x0000000008001250                InitializeVoices()
 .text.startup._GLOBAL__sub_I_voices
                0x0000000008001338       0xd8 build/Polyphony.o
 .text._ZNSt6vectorIiSaIiEED2Ev
                0x0000000008001410       0x14 build/AudioProcessor.o
                0x0000000008001410                std::vector<int, std::allocator<int> >::~vector()
                0x0000000008001410                std::vector<int, std::allocator<int> >::~vector()
 .text._ZN13VoiceEnvelope13SetAttackTimeEf
                0x0000000008001424       0xbc build/AudioProcessor.o
                0x0000000008001424                VoiceEnvelope::SetAttackTime(float)
 .text._ZN13VoiceEnvelope14SetReleaseTimeEf
                0x00000000080014e0       0x32 build/AudioProcessor.o
                0x00000000080014e0                VoiceEnvelope::SetReleaseTime(float)
 .text._ZN13VoiceEnvelope7TriggerEv
                0x0000000008001512       0x50 build/AudioProcessor.o
                0x0000000008001512                VoiceEnvelope::Trigger()
 .text._ZN13VoiceEnvelope7ReleaseEv
                0x0000000008001562       0x3e build/AudioProcessor.o
                0x0000000008001562                VoiceEnvelope::Release()
 .text._ZN13VoiceEnvelope7ProcessEv
                0x00000000080015a0      0x102 build/AudioProcessor.o
                0x00000000080015a0                VoiceEnvelope::Process()
 .text._ZN13VoiceEnvelope5ResetEv
                0x00000000080016a2       0x12 build/AudioProcessor.o
                0x00000000080016a2                VoiceEnvelope::Reset()
 .text._Z15ProcessControlsv
                0x00000000080016b4      0x1d0 build/AudioProcessor.o
                0x00000000080016b4                ProcessControls()
 .text._Z14ReadKnobValuesv
                0x0000000008001884       0x94 build/AudioProcessor.o
                0x0000000008001884                ReadKnobValues()
 .text._Z16ResetVoiceStatesv
                0x0000000008001918       0x3c build/AudioProcessor.o
                0x0000000008001918                ResetVoiceStates()
 .text._Z16HandleTouchInputibi
                0x0000000008001954      0x118 build/AudioProcessor.o
                0x0000000008001954                HandleTouchInput(int, bool, int)
 .text._Z22ConfigureDelaySettingsv
                0x0000000008001a6c       0x44 build/AudioProcessor.o
                0x0000000008001a6c                ConfigureDelaySettings()
 .text._Z22PrepareVoiceParametersibib
                0x0000000008001ab0      0x288 build/AudioProcessor.o
                0x0000000008001ab0                PrepareVoiceParameters(int, bool, int, bool)
 .text._Z21ProcessVoiceEnvelopesb
                0x0000000008001d38       0x7c build/AudioProcessor.o
                0x0000000008001d38                ProcessVoiceEnvelopes(bool)
 .text._Z18ProcessAudioOutputPfjf
                0x0000000008001db4      0x18c build/AudioProcessor.o
                0x0000000008001db4                ProcessAudioOutput(float*, unsigned int, float)
 .text._Z25UpdatePerformanceMonitorsjPf
                0x0000000008001f40       0xa0 build/AudioProcessor.o
                0x0000000008001f40                UpdatePerformanceMonitors(unsigned int, float*)
 .text._ZNSt6vectorIiSaIiEE17_M_realloc_insertIJRKiEEEvN9__gnu_cxx17__normal_iteratorIPiS1_EEDpOT_
                0x0000000008001fe0       0xa0 build/AudioProcessor.o
                0x0000000008001fe0                void std::vector<int, std::allocator<int> >::_M_realloc_insert<int const&>(__gnu_cxx::__normal_iterator<int*, std::vector<int, std::allocator<int> > >, int const&)
 .text._Z13AudioCallbackPKfPfj
                0x0000000008002080      0x424 build/AudioProcessor.o
                0x0000000008002080                AudioCallback(float const*, float*, unsigned int)
 .text.startup._GLOBAL__sub_I_pitch_val
                0x00000000080024a4       0x20 build/AudioProcessor.o
 .text._ZN6Mpr12113ReadRegister8Eh
                0x00000000080024c4       0x36 build/mpr121_daisy.o
                0x00000000080024c4                Mpr121::ReadRegister8(unsigned char)
 .text._ZN6Mpr12112BaselineDataEh
                0x00000000080024fa       0x18 build/mpr121_daisy.o
                0x00000000080024fa                Mpr121::BaselineData(unsigned char)
 .text._ZN6Mpr12114ReadRegister16Eh
                0x0000000008002512       0x36 build/mpr121_daisy.o
                0x0000000008002512                Mpr121::ReadRegister16(unsigned char)
 .text._ZN6Mpr1217TouchedEv
                0x0000000008002548        0x6 build/mpr121_daisy.o
                0x0000000008002548                Mpr121::Touched()
 .text._ZN6Mpr12112FilteredDataEh
                0x000000000800254e       0x14 build/mpr121_daisy.o
                0x000000000800254e                Mpr121::FilteredData(unsigned char)
 .text._ZN6Mpr12120GetBaselineDeviationEh
                0x0000000008002562       0x22 build/mpr121_daisy.o
                0x0000000008002562                Mpr121::GetBaselineDeviation(unsigned char)
 .text._ZN6Mpr12113WriteRegisterEhh
                0x0000000008002584       0x2e build/mpr121_daisy.o
                0x0000000008002584                Mpr121::WriteRegister(unsigned char, unsigned char)
 .text._ZN6Mpr12113SetThresholdsEhh
                0x00000000080025b2       0x3e build/mpr121_daisy.o
                0x00000000080025b2                Mpr121::SetThresholds(unsigned char, unsigned char)
 .text._ZN6Mpr1214InitERKNS_6ConfigE
                0x00000000080025f0       0xdc build/mpr121_daisy.o
                0x00000000080025f0                Mpr121::Init(Mpr121::Config const&)
 .text._ZNK6Mpr1218HasErrorEv
                0x00000000080026cc        0x4 build/mpr121_daisy.o
                0x00000000080026cc                Mpr121::HasError() const
 .text._ZN6Mpr12110ClearErrorEv
                0x00000000080026d0        0x6 build/mpr121_daisy.o
                0x00000000080026d0                Mpr121::ClearError()
 *fill*         0x00000000080026d6        0x2 
 .text._ZN10infrasonic13BiquadSection21CalculateCoefficientsENS0_10FilterTypeEfff
                0x00000000080026d8       0xb0 build/BiquadFilters.o
                0x00000000080026d8                infrasonic::BiquadSection::CalculateCoefficients(infrasonic::BiquadSection::FilterType, float, float, float)
 .text._ZN6stmlib16SemitonesToRatioEf
                0x0000000008002788       0x48 build/voice.o
                0x0000000008002788                stmlib::SemitonesToRatio(float)
 .text._ZN6plaits11LPGEnvelope9ProcessLPEffff
                0x00000000080027d0       0x80 build/voice.o
                0x00000000080027d0                plaits::LPGEnvelope::ProcessLP(float, float, float, float)
 .text._ZN6plaits20ChannelPostProcessor4InitEv
                0x0000000008002850       0x28 build/voice.o
                0x0000000008002850                plaits::ChannelPostProcessor::Init()
 .text._ZN6plaits20ChannelPostProcessor7ProcessEfbfffPfPsjj
                0x0000000008002878      0x180 build/voice.o
                0x0000000008002878                plaits::ChannelPostProcessor::Process(float, bool, float, float, float, float*, short*, unsigned int, unsigned int)
 .text._ZN6plaits5Voice6RenderERKNS_5PatchERKNS_11ModulationsEPNS0_5FrameEj
                0x00000000080029f8      0x568 build/voice.o
                0x00000000080029f8                plaits::Voice::Render(plaits::Patch const&, plaits::Modulations const&, plaits::Voice::Frame*, unsigned int)
 .text._ZN6plaits14EngineRegistryILi16EE16RegisterInstanceEPNS_6EngineEbff
                0x0000000008002f60       0x1a build/voice.o
                0x0000000008002f60                plaits::EngineRegistry<16>::RegisterInstance(plaits::Engine*, bool, float, float)
 *fill*         0x0000000008002f7a        0x2 
 .text._ZN6plaits5Voice4InitEPN6stmlib15BufferAllocatorE
                0x0000000008002f7c      0x1a0 build/voice.o
                0x0000000008002f7c                plaits::Voice::Init(stmlib::BufferAllocator*)
 .text._ZN6plaits14AdditiveEngine5ResetEv
                0x000000000800311c        0x2 build/additive_engine.o
                0x000000000800311c                plaits::AdditiveEngine::Reset()
 .text._ZN6plaits14AdditiveEngine4InitEPN6stmlib15BufferAllocatorE
                0x000000000800311e       0x32 build/additive_engine.o
                0x000000000800311e                plaits::AdditiveEngine::Init(stmlib::BufferAllocator*)
 .text._ZN6stmlib11InterpolateEPKfff
                0x0000000008003150       0x2a build/additive_engine.o
                0x0000000008003150                stmlib::Interpolate(float const*, float, float)
 .text._ZN6stmlib15InterpolateWrapEPKfff
                0x000000000800317a       0x36 build/additive_engine.o
                0x000000000800317a                stmlib::InterpolateWrap(float const*, float, float)
 .text._ZN6plaits14AdditiveEngine16UpdateAmplitudesEfffPfPKij
                0x00000000080031b0       0xf0 build/additive_engine.o
                0x00000000080031b0                plaits::AdditiveEngine::UpdateAmplitudes(float, float, float, float*, int const*, unsigned int)
 .text._ZN6plaits18HarmonicOscillatorILi12EE6RenderILi1EEEvfPKfPfj
                0x00000000080032a0      0x12c build/additive_engine.o
                0x00000000080032a0                void plaits::HarmonicOscillator<12>::Render<1>(float, float const*, float*, unsigned int)
 .text._ZN6plaits18HarmonicOscillatorILi12EE6RenderILi13EEEvfPKfPfj
                0x00000000080033cc      0x15c build/additive_engine.o
                0x00000000080033cc                void plaits::HarmonicOscillator<12>::Render<13>(float, float const*, float*, unsigned int)
 .text._ZN6plaits14AdditiveEngine6RenderERKNS_16EngineParametersEPfS4_jPb
                0x0000000008003528      0x164 build/additive_engine.o
                0x0000000008003528                plaits::AdditiveEngine::Render(plaits::EngineParameters const&, float*, float*, unsigned int, bool*)
 .text._ZN6plaits14BassDrumEngine5ResetEv
                0x000000000800368c        0x2 build/bass_drum_engine.o
                0x000000000800368c                plaits::BassDrumEngine::Reset()
 *fill*         0x000000000800368e        0x2 
 .text._ZN6plaits17SyntheticBassDrum13DistortedSineEfff.isra.0
                0x0000000008003690       0xa4 build/bass_drum_engine.o
 .text._ZN6stmlib8SoftClipEf
                0x0000000008003734       0x4a build/bass_drum_engine.o
                0x0000000008003734                stmlib::SoftClip(float)
 *fill*         0x000000000800377e        0x2 
 .text._ZN6stmlib3Svf4InitEv
                0x0000000008003780       0x20 build/bass_drum_engine.o
                0x0000000008003780                stmlib::Svf::Init()
 .text._ZN6plaits14BassDrumEngine4InitEPN6stmlib15BufferAllocatorE
                0x00000000080037a0       0x80 build/bass_drum_engine.o
                0x00000000080037a0                plaits::BassDrumEngine::Init(stmlib::BufferAllocator*)
 .text._ZN6plaits14AnalogBassDrum6RenderEbbffffffPfj
                0x0000000008003820      0x35c build/bass_drum_engine.o
                0x0000000008003820                plaits::AnalogBassDrum::Render(bool, bool, float, float, float, float, float, float, float*, unsigned int)
 .text._ZN6stmlib6Random8GetFloatEv
                0x0000000008003b7c       0x30 build/bass_drum_engine.o
                0x0000000008003b7c                stmlib::Random::GetFloat()
 .text._ZN6plaits17SyntheticBassDrum6RenderEbbfffffffPfj
                0x0000000008003bac      0x3c0 build/bass_drum_engine.o
                0x0000000008003bac                plaits::SyntheticBassDrum::Render(bool, bool, float, float, float, float, float, float, float, float*, unsigned int)
 .text._ZN6plaits9Overdrive7ProcessEfPfj
                0x0000000008003f6c       0xac build/bass_drum_engine.o
                0x0000000008003f6c                plaits::Overdrive::Process(float, float*, unsigned int)
 .text._ZN6plaits14BassDrumEngine6RenderERKNS_16EngineParametersEPfS4_jPb
                0x0000000008004018      0x1a8 build/bass_drum_engine.o
                0x0000000008004018                plaits::BassDrumEngine::Render(plaits::EngineParameters const&, float*, float*, unsigned int, bool*)
 .text._ZN6plaits8FMEngine4InitEPN6stmlib15BufferAllocatorE
                0x00000000080041c0       0x1c build/fm_engine.o
                0x00000000080041c0                plaits::FMEngine::Init(stmlib::BufferAllocator*)
 .text._ZN6plaits8FMEngine5ResetEv
                0x00000000080041dc        0x2 build/fm_engine.o
                0x00000000080041dc                plaits::FMEngine::Reset()
 *fill*         0x00000000080041de        0x2 
 .text._ZN6plaits15NoteToFrequencyEf
                0x00000000080041e0       0x88 build/fm_engine.o
                0x00000000080041e0                plaits::NoteToFrequency(float)
 .text._ZNK6plaits8FMEngine6SinePMEmf
                0x0000000008004268       0x54 build/fm_engine.o
                0x0000000008004268                plaits::FMEngine::SinePM(unsigned long, float) const
 .text._ZN6plaits11Downsampler10AccumulateEif
                0x00000000080042bc       0x3c build/fm_engine.o
                0x00000000080042bc                plaits::Downsampler::Accumulate(int, float)
 .text._ZN6plaits8FMEngine6RenderERKNS_16EngineParametersEPfS4_jPb
                0x00000000080042f8      0x298 build/fm_engine.o
                0x00000000080042f8                plaits::FMEngine::Render(plaits::EngineParameters const&, float*, float*, unsigned int, bool*)
 .text._ZN6plaits11GrainEngine5ResetEv
                0x0000000008004590        0x2 build/grain_engine.o
                0x0000000008004590                plaits::GrainEngine::Reset()
 *fill*         0x0000000008004592        0x2 
 .text._ZN6plaits11GrainEngine4InitEPN6stmlib15BufferAllocatorE
                0x0000000008004594       0x48 build/grain_engine.o
                0x0000000008004594                plaits::GrainEngine::Init(stmlib::BufferAllocator*)
 .text._ZN6plaits18GrainletOscillator8GrainletEffff.isra.0
                0x00000000080045dc      0x120 build/grain_engine.o
 .text._ZN6plaits11ZOscillator1ZEfffff.isra.0
                0x00000000080046fc      0x124 build/grain_engine.o
 .text._ZN6plaits18GrainletOscillator6RenderEffffPfj
                0x0000000008004820      0x168 build/grain_engine.o
                0x0000000008004820                plaits::GrainletOscillator::Render(float, float, float, float, float*, unsigned int)
 .text._ZN6plaits11ZOscillator6RenderEffffPfj
                0x0000000008004988      0x1e4 build/grain_engine.o
                0x0000000008004988                plaits::ZOscillator::Render(float, float, float, float, float*, unsigned int)
 .text._ZN6plaits11GrainEngine6RenderERKNS_16EngineParametersEPfS4_jPb
                0x0000000008004b6c      0x1e4 build/grain_engine.o
                0x0000000008004b6c                plaits::GrainEngine::Render(plaits::EngineParameters const&, float*, float*, unsigned int, bool*)
 .text._ZN6plaits11HiHatEngine5ResetEv
                0x0000000008004d50        0x2 build/hi_hat_engine.o
                0x0000000008004d50                plaits::HiHatEngine::Reset()
 *fill*         0x0000000008004d52        0x2 
 .text._ZN6plaits12RingModNoise10RenderPairEPNS_10OscillatorEffPfS3_S3_j.isra.0
                0x0000000008004d54      0x250 build/hi_hat_engine.o
 .text._ZN6plaits11HiHatEngine4InitEPN6stmlib15BufferAllocatorE
                0x0000000008004fa4       0xac build/hi_hat_engine.o
                0x0000000008004fa4                plaits::HiHatEngine::Init(stmlib::BufferAllocator*)
 .text._ZN6stmlib3Svf7set_f_qILNS_22FrequencyApproximationE1EEEvff
                0x0000000008005050       0x74 build/hi_hat_engine.o
                0x0000000008005050                void stmlib::Svf::set_f_q<(stmlib::FrequencyApproximation)1>(float, float)
 .text._ZN6stmlib3Svf7ProcessILNS_10FilterModeE1EEEvPKfPfj
                0x00000000080050c4       0x50 build/hi_hat_engine.o
                0x00000000080050c4                void stmlib::Svf::Process<(stmlib::FilterMode)1>(float const*, float*, unsigned int)
 .text._ZN6stmlib3Svf7ProcessILNS_10FilterModeE3EEEvPKfPfj
                0x0000000008005114       0x50 build/hi_hat_engine.o
                0x0000000008005114                void stmlib::Svf::Process<(stmlib::FilterMode)3>(float const*, float*, unsigned int)
 .text._ZN6plaits5HiHatINS_11SquareNoiseENS_8SwingVCAELb1EE6RenderEbbfffffPfS4_S4_j
                0x0000000008005164      0x3bc build/hi_hat_engine.o
                0x0000000008005164                plaits::HiHat<plaits::SquareNoise, plaits::SwingVCA, true>::Render(bool, bool, float, float, float, float, float, float*, float*, float*, unsigned int)
 .text._ZN6plaits5HiHatINS_12RingModNoiseENS_9LinearVCAELb0EE6RenderEbbfffffPfS4_S4_j
                0x0000000008005520      0x2ac build/hi_hat_engine.o
                0x0000000008005520                plaits::HiHat<plaits::RingModNoise, plaits::LinearVCA, false>::Render(bool, bool, float, float, float, float, float, float*, float*, float*, unsigned int)
 .text._ZN6plaits11HiHatEngine6RenderERKNS_16EngineParametersEPfS4_jPb
                0x00000000080057cc       0xc8 build/hi_hat_engine.o
                0x00000000080057cc                plaits::HiHatEngine::Render(plaits::EngineParameters const&, float*, float*, unsigned int, bool*)
 .text._ZN6plaits11ModalEngine4InitEPN6stmlib15BufferAllocatorE
                0x0000000008005894       0x2e build/modal_engine.o
                0x0000000008005894                plaits::ModalEngine::Init(stmlib::BufferAllocator*)
 .text._ZN6plaits11ModalEngine5ResetEv
                0x00000000080058c2        0x6 build/modal_engine.o
                0x00000000080058c2                plaits::ModalEngine::Reset()
 .text._ZN6plaits11ModalEngine6RenderERKNS_16EngineParametersEPfS4_jPb
                0x00000000080058c8       0xfc build/modal_engine.o
                0x00000000080058c8                plaits::ModalEngine::Render(plaits::EngineParameters const&, float*, float*, unsigned int, bool*)
 .text._ZN6plaits11NoiseEngine5ResetEv
                0x00000000080059c4        0x2 build/noise_engine.o
                0x00000000080059c4                plaits::NoiseEngine::Reset()
 *fill*         0x00000000080059c6        0x2 
 .text._ZN6plaits11NoiseEngine4InitEPN6stmlib15BufferAllocatorE
                0x00000000080059c8       0x68 build/noise_engine.o
                0x00000000080059c8                plaits::NoiseEngine::Init(stmlib::BufferAllocator*)
 .text._ZN6plaits12ClockedNoise6RenderEbfPfj
                0x0000000008005a30      0x140 build/noise_engine.o
                0x0000000008005a30                plaits::ClockedNoise::Render(bool, float, float*, unsigned int)
 .text._ZN6stmlib3Svf7ProcessILNS_10FilterModeE1EEEff
                0x0000000008005b70       0x42 build/noise_engine.o
                0x0000000008005b70                float stmlib::Svf::Process<(stmlib::FilterMode)1>(float)
 *fill*         0x0000000008005bb2        0x2 
 .text._ZN6plaits11NoiseEngine6RenderERKNS_16EngineParametersEPfS4_jPb
                0x0000000008005bb4      0x254 build/noise_engine.o
                0x0000000008005bb4                plaits::NoiseEngine::Render(plaits::EngineParameters const&, float*, float*, unsigned int, bool*)
 .text._ZN6plaits14ParticleEngine5ResetEv
                0x0000000008005e08       0x1a build/particle_engine.o
                0x0000000008005e08                plaits::ParticleEngine::Reset()
 *fill*         0x0000000008005e22        0x2 
 .text._ZN6plaits8Diffuser7ProcessEffPfj
                0x0000000008005e24      0x2e8 build/particle_engine.o
                0x0000000008005e24                plaits::Diffuser::Process(float, float, float*, unsigned int)
 .text._ZN6stmlib3Svf7set_f_qILNS_22FrequencyApproximationE3EEEvff
                0x000000000800610c       0x44 build/particle_engine.o
                0x000000000800610c                void stmlib::Svf::set_f_q<(stmlib::FrequencyApproximation)3>(float, float)
 .text._ZN6plaits14ParticleEngine6RenderERKNS_16EngineParametersEPfS4_jPb
                0x0000000008006150      0x28c build/particle_engine.o
                0x0000000008006150                plaits::ParticleEngine::Render(plaits::EngineParameters const&, float*, float*, unsigned int, bool*)
 .text._ZN6plaits14ParticleEngine4InitEPN6stmlib15BufferAllocatorE
                0x00000000080063dc       0x9c build/particle_engine.o
                0x00000000080063dc                plaits::ParticleEngine::Init(stmlib::BufferAllocator*)
 .text._ZN6plaits15SnareDrumEngine5ResetEv
                0x0000000008006478        0x2 build/snare_drum_engine.o
                0x0000000008006478                plaits::SnareDrumEngine::Reset()
 *fill*         0x000000000800647a        0x2 
 .text._ZN6plaits15SnareDrumEngine4InitEPN6stmlib15BufferAllocatorE
                0x000000000800647c       0x90 build/snare_drum_engine.o
                0x000000000800647c                plaits::SnareDrumEngine::Init(stmlib::BufferAllocator*)
 .text._ZN6stmlib3Svf7set_f_qILNS_22FrequencyApproximationE2EEEvff
                0x000000000800650c       0x50 build/snare_drum_engine.o
                0x000000000800650c                void stmlib::Svf::set_f_q<(stmlib::FrequencyApproximation)2>(float, float)
 .text._ZN6plaits15AnalogSnareDrum6RenderEbbfffffPfj
                0x000000000800655c      0x418 build/snare_drum_engine.o
                0x000000000800655c                plaits::AnalogSnareDrum::Render(bool, bool, float, float, float, float, float, float*, unsigned int)
 .text._ZN6stmlib7OnePole5set_fILNS_22FrequencyApproximationE2EEEvf
                0x0000000008006974       0x40 build/snare_drum_engine.o
                0x0000000008006974                void stmlib::OnePole::set_f<(stmlib::FrequencyApproximation)2>(float)
 .text._ZN6plaits18SyntheticSnareDrum6RenderEbbfffffPfj
                0x00000000080069b4      0x458 build/snare_drum_engine.o
                0x00000000080069b4                plaits::SyntheticSnareDrum::Render(bool, bool, float, float, float, float, float, float*, unsigned int)
 .text._ZN6plaits15SnareDrumEngine6RenderERKNS_16EngineParametersEPfS4_jPb
                0x0000000008006e0c       0xb8 build/snare_drum_engine.o
                0x0000000008006e0c                plaits::SnareDrumEngine::Render(plaits::EngineParameters const&, float*, float*, unsigned int, bool*)
 .text._ZN6plaits12StringEngine6RenderERKNS_16EngineParametersEPfS4_jPb
                0x0000000008006ec4      0x188 build/string_engine.o
                0x0000000008006ec4                plaits::StringEngine::Render(plaits::EngineParameters const&, float*, float*, unsigned int, bool*)
 .text._ZN6plaits9DelayLineIfLj16EE5ResetEv
                0x000000000800704c       0x14 build/string_engine.o
                0x000000000800704c                plaits::DelayLine<float, 16u>::Reset()
 .text._ZN6plaits12StringEngine4InitEPN6stmlib15BufferAllocatorE
                0x0000000008007060       0x80 build/string_engine.o
                0x0000000008007060                plaits::StringEngine::Init(stmlib::BufferAllocator*)
 .text._ZN6plaits12StringEngine5ResetEv
                0x00000000080070e0       0x28 build/string_engine.o
                0x00000000080070e0                plaits::StringEngine::Reset()
 .text._ZN6plaits11SwarmEngine4InitEPN6stmlib15BufferAllocatorE
                0x0000000008007108       0x64 build/swarm_engine.o
                0x0000000008007108                plaits::SwarmEngine::Init(stmlib::BufferAllocator*)
 .text._ZN6plaits11SwarmEngine5ResetEv
                0x000000000800716c        0x2 build/swarm_engine.o
                0x000000000800716c                plaits::SwarmEngine::Reset()
 *fill*         0x000000000800716e        0x2 
 .text._ZN6plaits18FastSineOscillator14RenderInternalILb1EEEvffPfj
                0x0000000008007170      0x100 build/swarm_engine.o
                0x0000000008007170                void plaits::FastSineOscillator::RenderInternal<true>(float, float, float*, unsigned int)
 .text._ZN6plaits11SwarmEngine6RenderERKNS_16EngineParametersEPfS4_jPb
                0x0000000008007270      0x380 build/swarm_engine.o
                0x0000000008007270                plaits::SwarmEngine::Render(plaits::EngineParameters const&, float*, float*, unsigned int, bool*)
 .text._ZN6plaits19VirtualAnalogEngine5ResetEv
                0x00000000080075f0        0x2 build/virtual_analog_engine.o
                0x00000000080075f0                plaits::VirtualAnalogEngine::Reset()
 *fill*         0x00000000080075f2        0x2 
 .text._ZN6plaits19VirtualAnalogEngine4InitEPN6stmlib15BufferAllocatorE
                0x00000000080075f4       0x88 build/virtual_analog_engine.o
                0x00000000080075f4                plaits::VirtualAnalogEngine::Init(stmlib::BufferAllocator*)
 .text._ZN6stmlib24NextIntegratedBlepSampleEf
                0x000000000800767c       0x22 build/virtual_analog_engine.o
                0x000000000800767c                stmlib::NextIntegratedBlepSample(float)
 *fill*         0x000000000800769e        0x2 
 .text._ZN6plaits21VariableSawOscillator6RenderEfffPfj
                0x00000000080076a0      0x204 build/virtual_analog_engine.o
                0x00000000080076a0                plaits::VariableSawOscillator::Render(float, float, float, float*, unsigned int)
 .text._ZNK6plaits19VirtualAnalogEngine15ComputeDetuningEf
                0x00000000080078a4       0xb4 build/virtual_analog_engine.o
                0x00000000080078a4                plaits::VirtualAnalogEngine::ComputeDetuning(float) const
 .text._ZN6plaits23VariableShapeOscillator6RenderILb1EEEvffffPfj
                0x0000000008007958      0x334 build/virtual_analog_engine.o
                0x0000000008007958                void plaits::VariableShapeOscillator::Render<true>(float, float, float, float, float*, unsigned int)
 .text._ZN6plaits19VirtualAnalogEngine6RenderERKNS_16EngineParametersEPfS4_jPb
                0x0000000008007c8c      0x340 build/virtual_analog_engine.o
                0x0000000008007c8c                plaits::VirtualAnalogEngine::Render(plaits::EngineParameters const&, float*, float*, unsigned int, bool*)
 .text._ZN6plaits17WaveshapingEngine5ResetEv
                0x0000000008007fcc        0x2 build/waveshaping_engine.o
                0x0000000008007fcc                plaits::WaveshapingEngine::Reset()
 *fill*         0x0000000008007fce        0x2 
 .text._ZN6plaits17WaveshapingEngine4InitEPN6stmlib15BufferAllocatorE
                0x0000000008007fd0       0x3c build/waveshaping_engine.o
                0x0000000008007fd0                plaits::WaveshapingEngine::Init(stmlib::BufferAllocator*)
 .text._ZN6stmlib18InterpolateHermiteEPKfff
                0x000000000800800c       0x64 build/waveshaping_engine.o
                0x000000000800800c                stmlib::InterpolateHermite(float const*, float, float)
 .text._ZN6plaits10Oscillator6RenderILNS_15OscillatorShapeE3ELb0ELb0EEEvffPKfPfj.isra.0
                0x0000000008008070      0x16c build/waveshaping_engine.o
 .text._ZN6plaits4TameEfff
                0x00000000080081dc       0x4c build/waveshaping_engine.o
                0x00000000080081dc                plaits::Tame(float, float, float)
 .text._ZN6plaits17WaveshapingEngine6RenderERKNS_16EngineParametersEPfS4_jPb
                0x0000000008008228      0x310 build/waveshaping_engine.o
                0x0000000008008228                plaits::WaveshapingEngine::Render(plaits::EngineParameters const&, float*, float*, unsigned int, bool*)
 .text._ZN6plaits10ModalVoice4InitEv
                0x0000000008008538       0x18 build/modal_voice.o
                0x0000000008008538                plaits::ModalVoice::Init()
 .text._ZN6plaits10ModalVoice6RenderEbbfffffPfS1_S1_j
                0x0000000008008550      0x270 build/modal_voice.o
                0x0000000008008550                plaits::ModalVoice::Render(bool, bool, float, float, float, float, float, float*, float*, float*, unsigned int)
 .text._ZN6plaits9Resonator4InitEfi
                0x00000000080087c0       0xa0 build/resonator.o
                0x00000000080087c0                plaits::Resonator::Init(float, int)
 .text._ZN6plaits12ResonatorSvfILi4EE7ProcessILN6stmlib10FilterModeE1ELb1EEEvPKfS6_S6_S6_Pfj
                0x0000000008008860      0x184 build/resonator.o
                0x0000000008008860                void plaits::ResonatorSvf<4>::Process<(stmlib::FilterMode)1, true>(float const*, float const*, float const*, float const*, float*, unsigned int)
 .text._ZN6plaits9Resonator7ProcessEffffPKfPfj
                0x00000000080089e4      0x1c0 build/resonator.o
                0x00000000080089e4                plaits::Resonator::Process(float, float, float, float, float const*, float*, unsigned int)
 .text._ZN6stmlib9DCBlocker7ProcessEPfj
                0x0000000008008ba4       0x34 build/string.o
                0x0000000008008ba4                stmlib::DCBlocker::Process(float*, unsigned int)
 .text._ZN6plaits9DelayLineIfLj1024EE5ResetEv
                0x0000000008008bd8       0x16 build/string.o
                0x0000000008008bd8                plaits::DelayLine<float, 1024u>::Reset()
 .text._ZN6plaits9DelayLineIfLj256EE5ResetEv
                0x0000000008008bee       0x16 build/string.o
                0x0000000008008bee                plaits::DelayLine<float, 256u>::Reset()
 .text._ZN6plaits6String5ResetEv
                0x0000000008008c04       0x48 build/string.o
                0x0000000008008c04                plaits::String::Reset()
 .text._ZN6plaits6String4InitEPN6stmlib15BufferAllocatorE
                0x0000000008008c4c       0x5c build/string.o
                0x0000000008008c4c                plaits::String::Init(stmlib::BufferAllocator*)
 .text._ZNK6plaits9DelayLineIfLj1024EE11ReadHermiteEf
                0x0000000008008ca8       0x8a build/string.o
                0x0000000008008ca8                plaits::DelayLine<float, 1024u>::ReadHermite(float) const
 .text._ZN6stmlib3Svf7ProcessILNS_10FilterModeE0EEEff
                0x0000000008008d32       0x4a build/string.o
                0x0000000008008d32                float stmlib::Svf::Process<(stmlib::FilterMode)0>(float)
 .text._ZN6plaits6String15ProcessInternalILNS_18StringNonLinearityE0EEEvffffPKfPfj
                0x0000000008008d7c      0x254 build/string.o
                0x0000000008008d7c                void plaits::String::ProcessInternal<(plaits::StringNonLinearity)0>(float, float, float, float, float const*, float*, unsigned int)
 .text._ZN6plaits6String15ProcessInternalILNS_18StringNonLinearityE1EEEvffffPKfPfj
                0x0000000008008fd0      0x3bc build/string.o
                0x0000000008008fd0                void plaits::String::ProcessInternal<(plaits::StringNonLinearity)1>(float, float, float, float, float const*, float*, unsigned int)
 .text._ZN6plaits6String7ProcessEffffPKfPfj
                0x000000000800938c       0x1c build/string.o
                0x000000000800938c                plaits::String::Process(float, float, float, float, float const*, float*, unsigned int)
 .text._ZN6plaits11StringVoice4InitEPN6stmlib15BufferAllocatorE
                0x00000000080093a8       0x38 build/string_voice.o
                0x00000000080093a8                plaits::StringVoice::Init(stmlib::BufferAllocator*)
 .text._ZN6plaits11StringVoice5ResetEv
                0x00000000080093e0        0x6 build/string_voice.o
                0x00000000080093e0                plaits::StringVoice::Reset()
 *fill*         0x00000000080093e6        0x2 
 .text._ZN6plaits11StringVoice6RenderEbbfffffPfS1_S1_j
                0x00000000080093e8      0x2b8 build/string_voice.o
                0x00000000080093e8                plaits::StringVoice::Render(bool, bool, float, float, float, float, float, float*, float*, float*, unsigned int)
 .text._ZN5daisy9DaisySeed9ConfigureEv
                0x00000000080096a0        0x4 lib/libdaisy/build/libdaisy.a(daisy_seed.o)
                0x00000000080096a0                daisy::DaisySeed::Configure()
 .text._ZN5daisy9DaisySeed6GetPinEh
                0x00000000080096a4       0x2c lib/libdaisy/build/libdaisy.a(daisy_seed.o)
                0x00000000080096a4                daisy::DaisySeed::GetPin(unsigned char)
 .text._ZN5daisy9DaisySeed10StartAudioEPFvPKfPfjE
                0x00000000080096d0        0x8 lib/libdaisy/build/libdaisy.a(daisy_seed.o)
                0x00000000080096d0                daisy::DaisySeed::StartAudio(void (*)(float const*, float*, unsigned int))
 .text._ZN5daisy9DaisySeed18SetAudioSampleRateENS_9SaiHandle6Config10SampleRateE
                0x00000000080096d8       0x38 lib/libdaisy/build/libdaisy.a(daisy_seed.o)
                0x00000000080096d8                daisy::DaisySeed::SetAudioSampleRate(daisy::SaiHandle::Config::SampleRate)
 .text._ZN5daisy9DaisySeed15AudioSampleRateEv
                0x0000000008009710        0x8 lib/libdaisy/build/libdaisy.a(daisy_seed.o)
                0x0000000008009710                daisy::DaisySeed::AudioSampleRate()
 .text._ZN5daisy9DaisySeed17SetAudioBlockSizeEj
                0x0000000008009718       0x38 lib/libdaisy/build/libdaisy.a(daisy_seed.o)
                0x0000000008009718                daisy::DaisySeed::SetAudioBlockSize(unsigned int)
 .text._ZN5daisy9DaisySeed6SetLedEb
                0x0000000008009750        0x8 lib/libdaisy/build/libdaisy.a(daisy_seed.o)
                0x0000000008009750                daisy::DaisySeed::SetLed(bool)
 .text._ZN5daisy9DaisySeed14ConfigureAudioEv
                0x0000000008009758       0xd0 lib/libdaisy/build/libdaisy.a(daisy_seed.o)
                0x0000000008009758                daisy::DaisySeed::ConfigureAudio()
 .text._ZN5daisy9DaisySeed4InitEb
                0x0000000008009828       0xf0 lib/libdaisy/build/libdaisy.a(daisy_seed.o)
                0x0000000008009828                daisy::DaisySeed::Init(bool)
 .text._ZN5daisy6Ak45564InitE12dsy_gpio_pin
                0x0000000008009918       0x44 lib/libdaisy/build/libdaisy.a(codec_ak4556.o)
                0x0000000008009918                daisy::Ak4556::Init(dsy_gpio_pin)
 .text._ZN5daisy6Wm873120WriteControlRegisterEht
                0x000000000800995c       0x3c lib/libdaisy/build/libdaisy.a(codec_wm8731.o)
                0x000000000800995c                daisy::Wm8731::WriteControlRegister(unsigned char, unsigned short)
 .text._ZN5daisy6Wm87314InitERKNS0_6ConfigENS_9I2CHandleE
                0x0000000008009998      0x1bc lib/libdaisy/build/libdaisy.a(codec_wm8731.o)
                0x0000000008009998                daisy::Wm8731::Init(daisy::Wm8731::Config const&, daisy::I2CHandle)
 .text._ZN11SdramHandle10DeviceInitEv
                0x0000000008009b54       0x98 lib/libdaisy/build/libdaisy.a(sdram.o)
                0x0000000008009b54                SdramHandle::DeviceInit()
 .text._ZN11SdramHandle4InitEv
                0x0000000008009bec       0x7c lib/libdaisy/build/libdaisy.a(sdram.o)
                0x0000000008009bec                SdramHandle::Init()
 .text.HAL_SDRAM_MspInit
                0x0000000008009c68      0x1a8 lib/libdaisy/build/libdaisy.a(sdram.o)
                0x0000000008009c68                HAL_SDRAM_MspInit
 .text._ZN5daisy11AudioHandle4Impl16InternalCallbackEPlS2_j
                0x0000000008009e10      0xbbc lib/libdaisy/build/libdaisy.a(audio.o)
                0x0000000008009e10                daisy::AudioHandle::Impl::InternalCallback(long*, long*, unsigned int)
 .text._ZN5daisy11AudioHandle4InitERKNS0_6ConfigENS_9SaiHandleE
                0x000000000800a9cc       0x64 lib/libdaisy/build/libdaisy.a(audio.o)
                0x000000000800a9cc                daisy::AudioHandle::Init(daisy::AudioHandle::Config const&, daisy::SaiHandle)
 .text._ZNK5daisy11AudioHandle9GetConfigEv
                0x000000000800aa30        0x8 lib/libdaisy/build/libdaisy.a(audio.o)
                0x000000000800aa30                daisy::AudioHandle::GetConfig() const
 .text._ZN5daisy11AudioHandle12SetBlockSizeEj
                0x000000000800aa38       0x1c lib/libdaisy/build/libdaisy.a(audio.o)
                0x000000000800aa38                daisy::AudioHandle::SetBlockSize(unsigned int)
 .text._ZN5daisy11AudioHandle13GetSampleRateEv
                0x000000000800aa54        0x8 lib/libdaisy/build/libdaisy.a(audio.o)
                0x000000000800aa54                daisy::AudioHandle::GetSampleRate()
 .text._ZN5daisy11AudioHandle13SetSampleRateENS_9SaiHandle6Config10SampleRateE
                0x000000000800aa5c       0x88 lib/libdaisy/build/libdaisy.a(audio.o)
                0x000000000800aa5c                daisy::AudioHandle::SetSampleRate(daisy::SaiHandle::Config::SampleRate)
 .text._ZN5daisy11AudioHandle5StartEPFvPKfPfjE
                0x000000000800aae4       0x2c lib/libdaisy/build/libdaisy.a(audio.o)
                0x000000000800aae4                daisy::AudioHandle::Start(void (*)(float const*, float*, unsigned int))
 .text.startup._GLOBAL__sub_I__ZN5daisy11AudioHandle4Impl4InitENS0_6ConfigENS_9SaiHandleE
                0x000000000800ab10       0x10 lib/libdaisy/build/libdaisy.a(audio.o)
 .text._ZN5daisy13AnalogControl4InitEPtfbbf
                0x000000000800ab20       0x3c lib/libdaisy/build/libdaisy.a(ctrl.o)
                0x000000000800ab20                daisy::AnalogControl::Init(unsigned short*, float, bool, bool, float)
 .text._ZN5daisy13AnalogControl7ProcessEv
                0x000000000800ab5c       0x48 lib/libdaisy/build/libdaisy.a(ctrl.o)
                0x000000000800ab5c                daisy::AnalogControl::Process()
 .text._ZN5daisy9UsbHandleD2Ev
                0x000000000800aba4        0x4 lib/libdaisy/build/libdaisy.a(logger.o)
                0x000000000800aba4                daisy::UsbHandle::~UsbHandle()
                0x000000000800aba4                daisy::UsbHandle::~UsbHandle()
 .text._ZN5daisy6LoggerILNS_17LoggerDestinationE1EE11TransmitBufEv
                0x000000000800aba8       0x60 lib/libdaisy/build/libdaisy.a(logger.o)
                0x000000000800aba8                daisy::Logger<(daisy::LoggerDestination)1>::TransmitBuf()
 .text._ZN5daisy6LoggerILNS_17LoggerDestinationE1EE13AppendNewLineEv
                0x000000000800ac08       0x60 lib/libdaisy/build/libdaisy.a(logger.o)
                0x000000000800ac08                daisy::Logger<(daisy::LoggerDestination)1>::AppendNewLine()
 .text._ZN5daisy6LoggerILNS_17LoggerDestinationE1EE10PrintLineVEPKcSt9__va_list
                0x000000000800ac68       0x4c lib/libdaisy/build/libdaisy.a(logger.o)
                0x000000000800ac68                daisy::Logger<(daisy::LoggerDestination)1>::PrintLineV(char const*, std::__va_list)
 .text._ZN5daisy6LoggerILNS_17LoggerDestinationE1EE9PrintLineEPKcz
                0x000000000800acb4       0x1c lib/libdaisy/build/libdaisy.a(logger.o)
                0x000000000800acb4                daisy::Logger<(daisy::LoggerDestination)1>::PrintLine(char const*, ...)
 .text._ZN5daisy6LoggerILNS_17LoggerDestinationE1EE8StartLogEb
                0x000000000800acd0       0x38 lib/libdaisy/build/libdaisy.a(logger.o)
                0x000000000800acd0                daisy::Logger<(daisy::LoggerDestination)1>::StartLog(bool)
 .text.startup._GLOBAL__sub_I__ZN5daisy10LoggerImplILNS_17LoggerDestinationE1EE11usb_handle_E
                0x000000000800ad08       0x2c lib/libdaisy/build/libdaisy.a(logger.o)
 .text._ZN5daisy6Switch4InitE12dsy_gpio_pinf
                0x000000000800ad34       0x28 lib/libdaisy/build/libdaisy.a(switch.o)
                0x000000000800ad34                daisy::Switch::Init(dsy_gpio_pin, float)
 .text._ZN5daisy6Switch8DebounceEv
                0x000000000800ad5c       0x48 lib/libdaisy/build/libdaisy.a(switch.o)
                0x000000000800ad5c                daisy::Switch::Debounce()
 .text.DummyRxCallback
                0x000000000800ada4        0x4 lib/libdaisy/build/libdaisy.a(usb.o)
                0x000000000800ada4                DummyRxCallback
 .text._ZN5daisy9UsbHandle4InitENS0_9UsbPeriphE
                0x000000000800ada8      0x10c lib/libdaisy/build/libdaisy.a(usb.o)
                0x000000000800ada8                daisy::UsbHandle::Init(daisy::UsbHandle::UsbPeriph)
 .text._ZN5daisy9UsbHandle16TransmitInternalEPhj
                0x000000000800aeb4       0x14 lib/libdaisy/build/libdaisy.a(usb.o)
                0x000000000800aeb4                daisy::UsbHandle::TransmitInternal(unsigned char*, unsigned int)
 .text.OTG_FS_EP1_OUT_IRQHandler
                0x000000000800aec8        0xc lib/libdaisy/build/libdaisy.a(usb.o)
                0x000000000800aec8                OTG_FS_EP1_OUT_IRQHandler
 .text.OTG_FS_EP1_IN_IRQHandler
                0x000000000800aed4        0xc lib/libdaisy/build/libdaisy.a(usb.o)
                0x000000000800aed4                OTG_FS_EP1_IN_IRQHandler
 .text.OTG_FS_IRQHandler
                0x000000000800aee0        0xc lib/libdaisy/build/libdaisy.a(usb.o)
                0x000000000800aee0                OTG_FS_IRQHandler
 .text._ZN5daisy16AdcChannelConfig10InitSingleE12dsy_gpio_pin
                0x000000000800aeec       0x1c lib/libdaisy/build/libdaisy.a(adc.o)
                0x000000000800aeec                daisy::AdcChannelConfig::InitSingle(dsy_gpio_pin)
 .text._ZN5daisy9AdcHandle4InitEPNS_16AdcChannelConfigEjNS0_12OverSamplingE
                0x000000000800af08      0x3c8 lib/libdaisy/build/libdaisy.a(adc.o)
                0x000000000800af08                daisy::AdcHandle::Init(daisy::AdcChannelConfig*, unsigned int, daisy::AdcHandle::OverSampling)
 .text._ZN5daisy9AdcHandle5StartEv
                0x000000000800b2d0       0x2c lib/libdaisy/build/libdaisy.a(adc.o)
                0x000000000800b2d0                daisy::AdcHandle::Start()
 .text._ZNK5daisy9AdcHandle6GetPtrEh
                0x000000000800b2fc       0x14 lib/libdaisy/build/libdaisy.a(adc.o)
                0x000000000800b2fc                daisy::AdcHandle::GetPtr(unsigned char) const
 .text._ZNK5daisy9AdcHandle8GetFloatEh
                0x000000000800b310       0x20 lib/libdaisy/build/libdaisy.a(adc.o)
                0x000000000800b310                daisy::AdcHandle::GetFloat(unsigned char) const
 .text.HAL_ADC_MspInit
                0x000000000800b330       0x98 lib/libdaisy/build/libdaisy.a(adc.o)
                0x000000000800b330                HAL_ADC_MspInit
 .text.DMA1_Stream2_IRQHandler
                0x000000000800b3c8        0xc lib/libdaisy/build/libdaisy.a(adc.o)
                0x000000000800b3c8                DMA1_Stream2_IRQHandler
 .text.HAL_ADC_ConvCpltCallback
                0x000000000800b3d4      0x148 lib/libdaisy/build/libdaisy.a(adc.o)
                0x000000000800b3d4                HAL_ADC_ConvCpltCallback
 .text.HAL_ADC_ErrorCallback
                0x000000000800b51c        0x4 lib/libdaisy/build/libdaisy.a(adc.o)
                0x000000000800b51c                HAL_ADC_ErrorCallback
 .text._ZN5daisy4GPIO4InitERKNS0_6ConfigE
                0x000000000800b520      0x1cc lib/libdaisy/build/libdaisy.a(gpio.o)
                0x000000000800b520                daisy::GPIO::Init(daisy::GPIO::Config const&)
 .text._ZN5daisy4GPIO5WriteEb
                0x000000000800b6ec       0x14 lib/libdaisy/build/libdaisy.a(gpio.o)
                0x000000000800b6ec                daisy::GPIO::Write(bool)
 .text.dsy_gpio_init
                0x000000000800b700      0x1b8 lib/libdaisy/build/libdaisy.a(gpio.o)
                0x000000000800b700                dsy_gpio_init
 .text.dsy_gpio_read
                0x000000000800b8b8       0x1c lib/libdaisy/build/libdaisy.a(gpio.o)
                0x000000000800b8b8                dsy_gpio_read
 .text.dsy_gpio_write
                0x000000000800b8d4       0x24 lib/libdaisy/build/libdaisy.a(gpio.o)
                0x000000000800b8d4                dsy_gpio_write
 .text._ZN5daisy9I2CHandle4Impl8InitPinsEv
                0x000000000800b8f8       0x58 lib/libdaisy/build/libdaisy.a(i2c.o)
                0x000000000800b8f8                daisy::I2CHandle::Impl::InitPins()
 .text.HAL_I2C_MspInit
                0x000000000800b950      0x1b4 lib/libdaisy/build/libdaisy.a(i2c.o)
                0x000000000800b950                HAL_I2C_MspInit
 .text.dsy_i2c_global_init
                0x000000000800bb04       0x78 lib/libdaisy/build/libdaisy.a(i2c.o)
                0x000000000800bb04                dsy_i2c_global_init
 .text.DMA1_Stream6_IRQHandler
                0x000000000800bb7c       0x34 lib/libdaisy/build/libdaisy.a(i2c.o)
                0x000000000800bb7c                DMA1_Stream6_IRQHandler
 .text.I2C1_EV_IRQHandler
                0x000000000800bbb0        0xc lib/libdaisy/build/libdaisy.a(i2c.o)
                0x000000000800bbb0                I2C1_EV_IRQHandler
 .text.I2C2_EV_IRQHandler
                0x000000000800bbbc        0xc lib/libdaisy/build/libdaisy.a(i2c.o)
                0x000000000800bbbc                I2C2_EV_IRQHandler
 .text.I2C3_EV_IRQHandler
                0x000000000800bbc8        0xc lib/libdaisy/build/libdaisy.a(i2c.o)
                0x000000000800bbc8                I2C3_EV_IRQHandler
 .text._ZN5daisy9I2CHandle4InitERKNS0_6ConfigE
                0x000000000800bbd4      0x12c lib/libdaisy/build/libdaisy.a(i2c.o)
                0x000000000800bbd4                daisy::I2CHandle::Init(daisy::I2CHandle::Config const&)
 .text._ZN5daisy9I2CHandle16TransmitBlockingEtPhtm
                0x000000000800bd00       0x50 lib/libdaisy/build/libdaisy.a(i2c.o)
                0x000000000800bd00                daisy::I2CHandle::TransmitBlocking(unsigned short, unsigned char*, unsigned short, unsigned long)
 .text._ZN5daisy9I2CHandle17ReadDataAtAddressEtttPhtm
                0x000000000800bd50       0x4c lib/libdaisy/build/libdaisy.a(i2c.o)
                0x000000000800bd50                daisy::I2CHandle::ReadDataAtAddress(unsigned short, unsigned short, unsigned short, unsigned char*, unsigned short, unsigned long)
 .text._ZN5daisy9I2CHandle18WriteDataAtAddressEtttPhtm
                0x000000000800bd9c       0x4c lib/libdaisy/build/libdaisy.a(i2c.o)
                0x000000000800bd9c                daisy::I2CHandle::WriteDataAtAddress(unsigned short, unsigned short, unsigned short, unsigned char*, unsigned short, unsigned long)
 .text.startup._GLOBAL__sub_I__ZN5daisy9I2CHandle4Impl10GlobalInitEv
                0x000000000800bde8       0x18 lib/libdaisy/build/libdaisy.a(i2c.o)
 .text._ZN5daisy10QSPIHandle4Impl11WriteEnableEv
                0x000000000800be00       0x8c lib/libdaisy/build/libdaisy.a(qspi.o)
                0x000000000800be00                daisy::QSPIHandle::Impl::WriteEnable()
 *fill*         0x000000000800be8c        0x4 
 .text._ZN5daisy10QSPIHandle4Impl17DummyCyclesConfigENS0_6Config6DeviceE
                0x000000000800be90      0x118 lib/libdaisy/build/libdaisy.a(qspi.o)
                0x000000000800be90                daisy::QSPIHandle::Impl::DummyCyclesConfig(daisy::QSPIHandle::Config::Device)
 .text._ZN5daisy10QSPIHandle4Impl10QuadEnableEv
                0x000000000800bfa8      0x158 lib/libdaisy/build/libdaisy.a(qspi.o)
                0x000000000800bfa8                daisy::QSPIHandle::Impl::QuadEnable()
 .text._ZN5daisy10QSPIHandle4InitERKNS0_6ConfigE
                0x000000000800c100      0x198 lib/libdaisy/build/libdaisy.a(qspi.o)
                0x000000000800c100                daisy::QSPIHandle::Init(daisy::QSPIHandle::Config const&)
 .text.HAL_QSPI_MspInit
                0x000000000800c298      0x11c lib/libdaisy/build/libdaisy.a(qspi.o)
                0x000000000800c298                HAL_QSPI_MspInit
 .text.HAL_QSPI_MspDeInit
                0x000000000800c3b4       0x54 lib/libdaisy/build/libdaisy.a(qspi.o)
                0x000000000800c3b4                HAL_QSPI_MspDeInit
 .text.QUADSPI_IRQHandler
                0x000000000800c408        0xc lib/libdaisy/build/libdaisy.a(qspi.o)
                0x000000000800c408                QUADSPI_IRQHandler
 .text.startup._GLOBAL__sub_I__ZN5daisy10QSPIHandle4Impl4InitERKNS0_6ConfigE
                0x000000000800c414       0x28 lib/libdaisy/build/libdaisy.a(qspi.o)
 .text._ZN5daisy9SaiHandle4Impl7InitDmaENS1_15PeripheralBlockE
                0x000000000800c43c       0xa0 lib/libdaisy/build/libdaisy.a(sai.o)
                0x000000000800c43c                daisy::SaiHandle::Impl::InitDma(daisy::SaiHandle::Impl::PeripheralBlock)
 .text._ZN5daisy9SaiHandle4Impl8InitPinsEv
                0x000000000800c4dc       0xa8 lib/libdaisy/build/libdaisy.a(sai.o)
                0x000000000800c4dc                daisy::SaiHandle::Impl::InitPins()
 .text.HAL_SAI_MspInit
                0x000000000800c584      0x164 lib/libdaisy/build/libdaisy.a(sai.o)
                0x000000000800c584                HAL_SAI_MspInit
 .text.DMA1_Stream0_IRQHandler
                0x000000000800c6e8        0xc lib/libdaisy/build/libdaisy.a(sai.o)
                0x000000000800c6e8                DMA1_Stream0_IRQHandler
 .text.DMA1_Stream1_IRQHandler
                0x000000000800c6f4        0xc lib/libdaisy/build/libdaisy.a(sai.o)
                0x000000000800c6f4                DMA1_Stream1_IRQHandler
 .text.DMA1_Stream3_IRQHandler
                0x000000000800c700        0xc lib/libdaisy/build/libdaisy.a(sai.o)
                0x000000000800c700                DMA1_Stream3_IRQHandler
 .text.DMA1_Stream4_IRQHandler
                0x000000000800c70c        0xc lib/libdaisy/build/libdaisy.a(sai.o)
                0x000000000800c70c                DMA1_Stream4_IRQHandler
 .text.HAL_SAI_RxHalfCpltCallback
                0x000000000800c718       0x78 lib/libdaisy/build/libdaisy.a(sai.o)
                0x000000000800c718                HAL_SAI_RxHalfCpltCallback
 .text.HAL_SAI_RxCpltCallback
                0x000000000800c790       0x70 lib/libdaisy/build/libdaisy.a(sai.o)
                0x000000000800c790                HAL_SAI_RxCpltCallback
 .text._ZN5daisy9SaiHandle4InitERKNS0_6ConfigE
                0x000000000800c800      0x1f0 lib/libdaisy/build/libdaisy.a(sai.o)
                0x000000000800c800                daisy::SaiHandle::Init(daisy::SaiHandle::Config const&)
 .text._ZNK5daisy9SaiHandle9GetConfigEv
                0x000000000800c9f0        0x4 lib/libdaisy/build/libdaisy.a(sai.o)
                0x000000000800c9f0                daisy::SaiHandle::GetConfig() const
 .text._ZN5daisy9SaiHandle8StartDmaEPlS1_jPFvS1_S1_jE
                0x000000000800c9f4       0xbc lib/libdaisy/build/libdaisy.a(sai.o)
                0x000000000800c9f4                daisy::SaiHandle::StartDma(long*, long*, unsigned int, void (*)(long*, long*, unsigned int))
 .text._ZN5daisy9SaiHandle13GetSampleRateEv
                0x000000000800cab0       0x24 lib/libdaisy/build/libdaisy.a(sai.o)
                0x000000000800cab0                daisy::SaiHandle::GetSampleRate()
 .text._ZNK5daisy9SaiHandle9GetOffsetEv
                0x000000000800cad4        0x8 lib/libdaisy/build/libdaisy.a(sai.o)
                0x000000000800cad4                daisy::SaiHandle::GetOffset() const
 .text._ZN5daisy11TimerHandleD2Ev
                0x000000000800cadc        0x4 lib/libdaisy/build/libdaisy.a(system.o)
                0x000000000800cadc                daisy::TimerHandle::~TimerHandle()
                0x000000000800cadc                daisy::TimerHandle::~TimerHandle()
 .text.SysTick_Handler
                0x000000000800cae0       0x10 lib/libdaisy/build/libdaisy.a(system.o)
                0x000000000800cae0                SysTick_Handler
 .text.OTG_HS_EP1_OUT_IRQHandler
                0x000000000800caf0       0x24 lib/libdaisy/build/libdaisy.a(system.o)
                0x000000000800caf0                OTG_HS_EP1_OUT_IRQHandler
 .text.OTG_HS_EP1_IN_IRQHandler
                0x000000000800cb14       0x24 lib/libdaisy/build/libdaisy.a(system.o)
                0x000000000800cb14                OTG_HS_EP1_IN_IRQHandler
 .text.OTG_HS_IRQHandler
                0x000000000800cb38       0x24 lib/libdaisy/build/libdaisy.a(system.o)
                0x000000000800cb38                OTG_HS_IRQHandler
 .text.HardFault_Handler
                0x000000000800cb5c        0x4 lib/libdaisy/build/libdaisy.a(system.o)
                0x000000000800cb5c                HardFault_Handler
 .text._ZN5daisy6System6GetNowEv
                0x000000000800cb60        0x4 lib/libdaisy/build/libdaisy.a(system.o)
                0x000000000800cb60                daisy::System::GetNow()
 .text._ZN5daisy6System7GetTickEv
                0x000000000800cb64        0xc lib/libdaisy/build/libdaisy.a(system.o)
                0x000000000800cb64                daisy::System::GetTick()
 .text._ZN5daisy6System5DelayEm
                0x000000000800cb70        0x4 lib/libdaisy/build/libdaisy.a(system.o)
                0x000000000800cb70                daisy::System::Delay(unsigned long)
 .text._ZN5daisy6System17ResetToBootloaderEv
                0x000000000800cb74       0x38 lib/libdaisy/build/libdaisy.a(system.o)
                0x000000000800cb74                daisy::System::ResetToBootloader()
 .text._ZN5daisy6System15ConfigureClocksEv
                0x000000000800cbac      0x194 lib/libdaisy/build/libdaisy.a(system.o)
                0x000000000800cbac                daisy::System::ConfigureClocks()
 .text._ZN5daisy6System4InitERKNS0_6ConfigE
                0x000000000800cd40      0x12c lib/libdaisy/build/libdaisy.a(system.o)
                0x000000000800cd40                daisy::System::Init(daisy::System::Config const&)
 .text._ZN5daisy6System12GetPClk1FreqEv
                0x000000000800ce6c        0x4 lib/libdaisy/build/libdaisy.a(system.o)
                0x000000000800ce6c                daisy::System::GetPClk1Freq()
 .text._ZN5daisy6System11GetTickFreqEv
                0x000000000800ce70        0xc lib/libdaisy/build/libdaisy.a(system.o)
                0x000000000800ce70                daisy::System::GetTickFreq()
 .text._ZN5daisy6System22GetProgramMemoryRegionEv
                0x000000000800ce7c       0x78 lib/libdaisy/build/libdaisy.a(system.o)
                0x000000000800ce7c                daisy::System::GetProgramMemoryRegion()
 .text.startup._GLOBAL__sub_I_SysTick_Handler
                0x000000000800cef4       0x1c lib/libdaisy/build/libdaisy.a(system.o)
 .text.SystemInit
                0x000000000800cf10       0x9c lib/libdaisy/build/libdaisy.a(system_stm32h7xx.o)
                0x000000000800cf10                SystemInit
 .text.dummy_rx_callback
                0x000000000800cfac        0x4 lib/libdaisy/build/libdaisy.a(usbd_cdc_if.o)
                0x000000000800cfac                dummy_rx_callback
 .text.CDC_DeInit_FS
                0x000000000800cfb0        0x4 lib/libdaisy/build/libdaisy.a(usbd_cdc_if.o)
 .text.CDC_Receive_FS
                0x000000000800cfb4       0x2c lib/libdaisy/build/libdaisy.a(usbd_cdc_if.o)
 .text.CDC_Receive_HS
                0x000000000800cfe0       0x2c lib/libdaisy/build/libdaisy.a(usbd_cdc_if.o)
 .text.CDC_Init_FS
                0x000000000800d00c       0x3c lib/libdaisy/build/libdaisy.a(usbd_cdc_if.o)
 .text.CDC_Init_HS
                0x000000000800d048       0x3c lib/libdaisy/build/libdaisy.a(usbd_cdc_if.o)
 .text.CDC_Control_FS
                0x000000000800d084       0x34 lib/libdaisy/build/libdaisy.a(usbd_cdc_if.o)
 .text.CDC_Control_HS
                0x000000000800d0b8       0x34 lib/libdaisy/build/libdaisy.a(usbd_cdc_if.o)
 .text.CDC_DeInit_HS
                0x000000000800d0ec        0x4 lib/libdaisy/build/libdaisy.a(usbd_cdc_if.o)
 .text.CDC_Transmit_FS
                0x000000000800d0f0       0x2c lib/libdaisy/build/libdaisy.a(usbd_cdc_if.o)
                0x000000000800d0f0                CDC_Transmit_FS
 .text.HAL_PCD_MspInit
                0x000000000800d11c      0x144 lib/libdaisy/build/libdaisy.a(usbd_conf.o)
                0x000000000800d11c                HAL_PCD_MspInit
 .text.HAL_PCD_SetupStageCallback
                0x000000000800d260        0xc lib/libdaisy/build/libdaisy.a(usbd_conf.o)
                0x000000000800d260                HAL_PCD_SetupStageCallback
 .text.HAL_PCD_DataOutStageCallback
                0x000000000800d26c       0x14 lib/libdaisy/build/libdaisy.a(usbd_conf.o)
                0x000000000800d26c                HAL_PCD_DataOutStageCallback
 .text.HAL_PCD_DataInStageCallback
                0x000000000800d280       0x14 lib/libdaisy/build/libdaisy.a(usbd_conf.o)
                0x000000000800d280                HAL_PCD_DataInStageCallback
 .text.HAL_PCD_SOFCallback
                0x000000000800d294        0x8 lib/libdaisy/build/libdaisy.a(usbd_conf.o)
                0x000000000800d294                HAL_PCD_SOFCallback
 .text.HAL_PCD_ResetCallback
                0x000000000800d29c       0x24 lib/libdaisy/build/libdaisy.a(usbd_conf.o)
                0x000000000800d29c                HAL_PCD_ResetCallback
 .text.HAL_PCD_SuspendCallback
                0x000000000800d2c0       0x30 lib/libdaisy/build/libdaisy.a(usbd_conf.o)
                0x000000000800d2c0                HAL_PCD_SuspendCallback
 .text.HAL_PCD_ResumeCallback
                0x000000000800d2f0        0x8 lib/libdaisy/build/libdaisy.a(usbd_conf.o)
                0x000000000800d2f0                HAL_PCD_ResumeCallback
 .text.HAL_PCD_ISOOUTIncompleteCallback
                0x000000000800d2f8        0x8 lib/libdaisy/build/libdaisy.a(usbd_conf.o)
                0x000000000800d2f8                HAL_PCD_ISOOUTIncompleteCallback
 .text.HAL_PCD_ISOINIncompleteCallback
                0x000000000800d300        0x8 lib/libdaisy/build/libdaisy.a(usbd_conf.o)
                0x000000000800d300                HAL_PCD_ISOINIncompleteCallback
 .text.HAL_PCD_ConnectCallback
                0x000000000800d308        0x8 lib/libdaisy/build/libdaisy.a(usbd_conf.o)
                0x000000000800d308                HAL_PCD_ConnectCallback
 .text.HAL_PCD_DisconnectCallback
                0x000000000800d310        0x8 lib/libdaisy/build/libdaisy.a(usbd_conf.o)
                0x000000000800d310                HAL_PCD_DisconnectCallback
 .text.USBD_LL_Init
                0x000000000800d318       0xe4 lib/libdaisy/build/libdaisy.a(usbd_conf.o)
                0x000000000800d318                USBD_LL_Init
 .text.USBD_LL_Start
                0x000000000800d3fc       0x1c lib/libdaisy/build/libdaisy.a(usbd_conf.o)
                0x000000000800d3fc                USBD_LL_Start
 .text.USBD_LL_OpenEP
                0x000000000800d418       0x24 lib/libdaisy/build/libdaisy.a(usbd_conf.o)
                0x000000000800d418                USBD_LL_OpenEP
 .text.USBD_LL_CloseEP
                0x000000000800d43c       0x1c lib/libdaisy/build/libdaisy.a(usbd_conf.o)
                0x000000000800d43c                USBD_LL_CloseEP
 .text.USBD_LL_StallEP
                0x000000000800d458       0x1c lib/libdaisy/build/libdaisy.a(usbd_conf.o)
                0x000000000800d458                USBD_LL_StallEP
 .text.USBD_LL_ClearStallEP
                0x000000000800d474       0x1c lib/libdaisy/build/libdaisy.a(usbd_conf.o)
                0x000000000800d474                USBD_LL_ClearStallEP
 .text.USBD_LL_IsStallEP
                0x000000000800d490       0x28 lib/libdaisy/build/libdaisy.a(usbd_conf.o)
                0x000000000800d490                USBD_LL_IsStallEP
 .text.USBD_LL_SetUSBAddress
                0x000000000800d4b8       0x1c lib/libdaisy/build/libdaisy.a(usbd_conf.o)
                0x000000000800d4b8                USBD_LL_SetUSBAddress
 .text.USBD_LL_Transmit
                0x000000000800d4d4       0x1c lib/libdaisy/build/libdaisy.a(usbd_conf.o)
                0x000000000800d4d4                USBD_LL_Transmit
 .text.USBD_LL_PrepareReceive
                0x000000000800d4f0       0x1c lib/libdaisy/build/libdaisy.a(usbd_conf.o)
                0x000000000800d4f0                USBD_LL_PrepareReceive
 .text.USBD_LL_GetRxDataSize
                0x000000000800d50c        0x8 lib/libdaisy/build/libdaisy.a(usbd_conf.o)
                0x000000000800d50c                USBD_LL_GetRxDataSize
 .text.USBD_HS_DeviceDescriptor
                0x000000000800d514        0xc lib/libdaisy/build/libdaisy.a(usbd_desc.o)
                0x000000000800d514                USBD_HS_DeviceDescriptor
 .text.USBD_FS_DeviceDescriptor
                0x000000000800d520        0xc lib/libdaisy/build/libdaisy.a(usbd_desc.o)
                0x000000000800d520                USBD_FS_DeviceDescriptor
 .text.USBD_FS_LangIDStrDescriptor
                0x000000000800d52c        0xc lib/libdaisy/build/libdaisy.a(usbd_desc.o)
                0x000000000800d52c                USBD_FS_LangIDStrDescriptor
 .text.USBD_FS_ManufacturerStrDescriptor
                0x000000000800d538       0x1c lib/libdaisy/build/libdaisy.a(usbd_desc.o)
                0x000000000800d538                USBD_FS_ManufacturerStrDescriptor
 .text.USBD_HS_ProductStrDescriptor
                0x000000000800d554       0x1c lib/libdaisy/build/libdaisy.a(usbd_desc.o)
                0x000000000800d554                USBD_HS_ProductStrDescriptor
 .text.USBD_FS_ConfigStrDescriptor
                0x000000000800d570       0x1c lib/libdaisy/build/libdaisy.a(usbd_desc.o)
                0x000000000800d570                USBD_FS_ConfigStrDescriptor
 .text.USBD_FS_InterfaceStrDescriptor
                0x000000000800d58c       0x1c lib/libdaisy/build/libdaisy.a(usbd_desc.o)
                0x000000000800d58c                USBD_FS_InterfaceStrDescriptor
 .text.USBD_FS_ProductStrDescriptor
                0x000000000800d5a8       0x1c lib/libdaisy/build/libdaisy.a(usbd_desc.o)
                0x000000000800d5a8                USBD_FS_ProductStrDescriptor
 .text.USBD_HS_LangIDStrDescriptor
                0x000000000800d5c4        0xc lib/libdaisy/build/libdaisy.a(usbd_desc.o)
                0x000000000800d5c4                USBD_HS_LangIDStrDescriptor
 .text.USBD_HS_ManufacturerStrDescriptor
                0x000000000800d5d0       0x1c lib/libdaisy/build/libdaisy.a(usbd_desc.o)
                0x000000000800d5d0                USBD_HS_ManufacturerStrDescriptor
 .text.USBD_FS_SerialStrDescriptor
                0x000000000800d5ec      0x124 lib/libdaisy/build/libdaisy.a(usbd_desc.o)
                0x000000000800d5ec                USBD_FS_SerialStrDescriptor
 .text.USBD_HS_SerialStrDescriptor
                0x000000000800d710      0x124 lib/libdaisy/build/libdaisy.a(usbd_desc.o)
                0x000000000800d710                USBD_HS_SerialStrDescriptor
 .text.USBD_HS_InterfaceStrDescriptor
                0x000000000800d834       0x1c lib/libdaisy/build/libdaisy.a(usbd_desc.o)
                0x000000000800d834                USBD_HS_InterfaceStrDescriptor
 .text.USBD_HS_ConfigStrDescriptor
                0x000000000800d850       0x1c lib/libdaisy/build/libdaisy.a(usbd_desc.o)
                0x000000000800d850                USBD_HS_ConfigStrDescriptor
 .text.HAL_HCD_SOF_Callback
                0x000000000800d86c        0x8 lib/libdaisy/build/libdaisy.a(usbh_conf.o)
                0x000000000800d86c                HAL_HCD_SOF_Callback
 .text.HAL_HCD_Connect_Callback
                0x000000000800d874        0x8 lib/libdaisy/build/libdaisy.a(usbh_conf.o)
                0x000000000800d874                HAL_HCD_Connect_Callback
 .text.HAL_HCD_Disconnect_Callback
                0x000000000800d87c        0x8 lib/libdaisy/build/libdaisy.a(usbh_conf.o)
                0x000000000800d87c                HAL_HCD_Disconnect_Callback
 .text.HAL_HCD_HC_NotifyURBChange_Callback
                0x000000000800d884        0x4 lib/libdaisy/build/libdaisy.a(usbh_conf.o)
                0x000000000800d884                HAL_HCD_HC_NotifyURBChange_Callback
 .text.HAL_HCD_PortEnabled_Callback
                0x000000000800d888        0x8 lib/libdaisy/build/libdaisy.a(usbh_conf.o)
                0x000000000800d888                HAL_HCD_PortEnabled_Callback
 .text.HAL_HCD_PortDisabled_Callback
                0x000000000800d890        0x8 lib/libdaisy/build/libdaisy.a(usbh_conf.o)
                0x000000000800d890                HAL_HCD_PortDisabled_Callback
 .text.USBH_LL_Stop
                0x000000000800d898       0x1c lib/libdaisy/build/libdaisy.a(usbh_conf.o)
                0x000000000800d898                USBH_LL_Stop
 .text.dsy_hal_map_get_port
                0x000000000800d8b4       0x10 lib/libdaisy/build/libdaisy.a(hal_map.o)
                0x000000000800d8b4                dsy_hal_map_get_port
 .text.dsy_hal_map_get_pin
                0x000000000800d8c4       0x10 lib/libdaisy/build/libdaisy.a(hal_map.o)
                0x000000000800d8c4                dsy_hal_map_get_pin
 .text.dsy_hal_map_gpio_clk_enable
                0x000000000800d8d4      0x150 lib/libdaisy/build/libdaisy.a(hal_map.o)
                0x000000000800d8d4                dsy_hal_map_gpio_clk_enable
 .text.HAL_MspInit
                0x000000000800da24        0x4 lib/libdaisy/build/libdaisy.a(stm32h7xx_hal.o)
                0x000000000800da24                HAL_MspInit
 .text.HAL_InitTick
                0x000000000800da28       0x4c lib/libdaisy/build/libdaisy.a(stm32h7xx_hal.o)
                0x000000000800da28                HAL_InitTick
 .text.HAL_Init
                0x000000000800da74       0x60 lib/libdaisy/build/libdaisy.a(stm32h7xx_hal.o)
                0x000000000800da74                HAL_Init
 .text.HAL_IncTick
                0x000000000800dad4       0x18 lib/libdaisy/build/libdaisy.a(stm32h7xx_hal.o)
                0x000000000800dad4                HAL_IncTick
 .text.HAL_GetTick
                0x000000000800daec        0xc lib/libdaisy/build/libdaisy.a(stm32h7xx_hal.o)
                0x000000000800daec                HAL_GetTick
 .text.HAL_Delay
                0x000000000800daf8       0x24 lib/libdaisy/build/libdaisy.a(stm32h7xx_hal.o)
                0x000000000800daf8                HAL_Delay
 .text.HAL_GetREVID
                0x000000000800db1c        0xc lib/libdaisy/build/libdaisy.a(stm32h7xx_hal.o)
                0x000000000800db1c                HAL_GetREVID
 .text.HAL_ADC_ConvHalfCpltCallback
                0x000000000800db28        0x4 lib/libdaisy/build/libdaisy.a(stm32h7xx_hal_adc.o)
                0x000000000800db28                HAL_ADC_ConvHalfCpltCallback
 .text.ADC_DMAHalfConvCplt
                0x000000000800db2c        0xc lib/libdaisy/build/libdaisy.a(stm32h7xx_hal_adc.o)
                0x000000000800db2c                ADC_DMAHalfConvCplt
 .text.ADC_DMAConvCplt
                0x000000000800db38       0x6c lib/libdaisy/build/libdaisy.a(stm32h7xx_hal_adc.o)
                0x000000000800db38                ADC_DMAConvCplt
 .text.ADC_DMAError
                0x000000000800dba4       0x1c lib/libdaisy/build/libdaisy.a(stm32h7xx_hal_adc.o)
                0x000000000800dba4                ADC_DMAError
 .text.HAL_ADC_ConfigChannel
                0x000000000800dbc0      0x3fc lib/libdaisy/build/libdaisy.a(stm32h7xx_hal_adc.o)
                0x000000000800dbc0                HAL_ADC_ConfigChannel
 .text.ADC_Enable
                0x000000000800dfbc       0xac lib/libdaisy/build/libdaisy.a(stm32h7xx_hal_adc.o)
                0x000000000800dfbc                ADC_Enable
 .text.HAL_ADC_Start_DMA
                0x000000000800e068      0x114 lib/libdaisy/build/libdaisy.a(stm32h7xx_hal_adc.o)
                0x000000000800e068                HAL_ADC_Start_DMA
 .text.ADC_Disable
                0x000000000800e17c       0x68 lib/libdaisy/build/libdaisy.a(stm32h7xx_hal_adc.o)
                0x000000000800e17c                ADC_Disable
 .text.ADC_ConfigureBoostMode
                0x000000000800e1e4      0x184 lib/libdaisy/build/libdaisy.a(stm32h7xx_hal_adc.o)
                0x000000000800e1e4                ADC_ConfigureBoostMode
 .text.HAL_ADC_Init
                0x000000000800e368      0x218 lib/libdaisy/build/libdaisy.a(stm32h7xx_hal_adc.o)
                0x000000000800e368                HAL_ADC_Init
 .text.HAL_ADCEx_Calibration_Start
                0x000000000800e580       0xa4 lib/libdaisy/build/libdaisy.a(stm32h7xx_hal_adc_ex.o)
                0x000000000800e580                HAL_ADCEx_Calibration_Start
 .text.HAL_ADCEx_MultiModeConfigChannel
                0x000000000800e624       0xc4 lib/libdaisy/build/libdaisy.a(stm32h7xx_hal_adc_ex.o)
                0x000000000800e624                HAL_ADCEx_MultiModeConfigChannel
 .text.HAL_NVIC_SetPriorityGrouping
                0x000000000800e6e8       0x24 lib/libdaisy/build/libdaisy.a(stm32h7xx_hal_cortex.o)
                0x000000000800e6e8                HAL_NVIC_SetPriorityGrouping
 .text.HAL_NVIC_SetPriority
                0x000000000800e70c       0x7c lib/libdaisy/build/libdaisy.a(stm32h7xx_hal_cortex.o)
                0x000000000800e70c                HAL_NVIC_SetPriority
 .text.HAL_NVIC_EnableIRQ
                0x000000000800e788       0x1c lib/libdaisy/build/libdaisy.a(stm32h7xx_hal_cortex.o)
                0x000000000800e788                HAL_NVIC_EnableIRQ
 .text.HAL_NVIC_DisableIRQ
                0x000000000800e7a4       0x28 lib/libdaisy/build/libdaisy.a(stm32h7xx_hal_cortex.o)
                0x000000000800e7a4                HAL_NVIC_DisableIRQ
 .text.HAL_NVIC_SystemReset
                0x000000000800e7cc       0x24 lib/libdaisy/build/libdaisy.a(stm32h7xx_hal_cortex.o)
                0x000000000800e7cc                HAL_NVIC_SystemReset
 .text.HAL_SYSTICK_Config
                0x000000000800e7f0       0x2c lib/libdaisy/build/libdaisy.a(stm32h7xx_hal_cortex.o)
                0x000000000800e7f0                HAL_SYSTICK_Config
 .text.HAL_MPU_Disable
                0x000000000800e81c       0x1c lib/libdaisy/build/libdaisy.a(stm32h7xx_hal_cortex.o)
                0x000000000800e81c                HAL_MPU_Disable
 .text.HAL_MPU_Enable
                0x000000000800e838       0x20 lib/libdaisy/build/libdaisy.a(stm32h7xx_hal_cortex.o)
                0x000000000800e838                HAL_MPU_Enable
 .text.HAL_MPU_ConfigRegion
                0x000000000800e858       0x64 lib/libdaisy/build/libdaisy.a(stm32h7xx_hal_cortex.o)
                0x000000000800e858                HAL_MPU_ConfigRegion
 .text.HAL_SYSTICK_Callback
                0x000000000800e8bc        0x4 lib/libdaisy/build/libdaisy.a(stm32h7xx_hal_cortex.o)
                0x000000000800e8bc                HAL_SYSTICK_Callback
 .text.HAL_SYSTICK_IRQHandler
                0x000000000800e8c0        0x8 lib/libdaisy/build/libdaisy.a(stm32h7xx_hal_cortex.o)
                0x000000000800e8c0                HAL_SYSTICK_IRQHandler
 .text.DMA_CalcBaseAndBitshift
                0x000000000800e8c8       0xf4 lib/libdaisy/build/libdaisy.a(stm32h7xx_hal_dma.o)
 .text.DMA_CalcDMAMUXChannelBaseAndMask
                0x000000000800e9bc       0xd8 lib/libdaisy/build/libdaisy.a(stm32h7xx_hal_dma.o)
 .text.HAL_DMA_Init
                0x000000000800ea94      0x37c lib/libdaisy/build/libdaisy.a(stm32h7xx_hal_dma.o)
                0x000000000800ea94                HAL_DMA_Init
 .text.HAL_DMA_Start_IT
                0x000000000800ee10      0x240 lib/libdaisy/build/libdaisy.a(stm32h7xx_hal_dma.o)
                0x000000000800ee10                HAL_DMA_Start_IT
 .text.HAL_DMA_Abort_IT
                0x000000000800f050      0x134 lib/libdaisy/build/libdaisy.a(stm32h7xx_hal_dma.o)
                0x000000000800f050                HAL_DMA_Abort_IT
 .text.HAL_DMA_IRQHandler
                0x000000000800f184      0x6a0 lib/libdaisy/build/libdaisy.a(stm32h7xx_hal_dma.o)
                0x000000000800f184                HAL_DMA_IRQHandler
 .text.HAL_DMA_GetError
                0x000000000800f824        0x4 lib/libdaisy/build/libdaisy.a(stm32h7xx_hal_dma.o)
                0x000000000800f824                HAL_DMA_GetError
 .text.HAL_GPIO_Init
                0x000000000800f828      0x280 lib/libdaisy/build/libdaisy.a(stm32h7xx_hal_gpio.o)
                0x000000000800f828                HAL_GPIO_Init
 .text.HAL_GPIO_DeInit
                0x000000000800faa8      0x190 lib/libdaisy/build/libdaisy.a(stm32h7xx_hal_gpio.o)
                0x000000000800faa8                HAL_GPIO_DeInit
 .text.HAL_GPIO_ReadPin
                0x000000000800fc38        0xc lib/libdaisy/build/libdaisy.a(stm32h7xx_hal_gpio.o)
                0x000000000800fc38                HAL_GPIO_ReadPin
 .text.HAL_GPIO_WritePin
                0x000000000800fc44        0x8 lib/libdaisy/build/libdaisy.a(stm32h7xx_hal_gpio.o)