ARM GAS  /var/folders/9s/8rp0_f2s1n31qbztm3b5_fdh0000gn/T//ccxxdef6.s 			page 1


   1              		.cpu cortex-m7
   2              		.arch armv7e-m
   3              		.fpu fpv5-d16
   4              		.eabi_attribute 28, 1
   5              		.eabi_attribute 20, 1
   6              		.eabi_attribute 21, 1
   7              		.eabi_attribute 23, 3
   8              		.eabi_attribute 24, 1
   9              		.eabi_attribute 25, 1
  10              		.eabi_attribute 26, 1
  11              		.eabi_attribute 30, 4
  12              		.eabi_attribute 34, 1
  13              		.eabi_attribute 18, 4
  14              		.file	"AudioProcessor.cpp"
  15              		.text
  16              	.Ltext0:
  17              		.cfi_sections	.debug_frame
  18              		.section	.text._Z20ProcessUIAndControlsv,"ax",%progbits
  19              		.align	1
  20              		.global	_Z20ProcessUIAndControlsv
  21              		.syntax unified
  22              		.thumb
  23              		.thumb_func
  25              	_Z20ProcessUIAndControlsv:
  26              	.LFB5797:
  27              		.file 1 "AudioProcessor.cpp"
   1:AudioProcessor.cpp **** #include "Thaumazein.h"
   2:AudioProcessor.cpp **** #include "mpr121_daisy.h"
   3:AudioProcessor.cpp **** // #include "DelayEffect.h"
   4:AudioProcessor.cpp **** #include "Polyphony.h" // Add include for PolyphonyEngine
   5:AudioProcessor.cpp **** #include <cmath>
   6:AudioProcessor.cpp **** #include <algorithm>
   7:AudioProcessor.cpp **** #include <vector> // Add vector for dynamic list
   8:AudioProcessor.cpp **** 
   9:AudioProcessor.cpp **** // const float MASTER_VOLUME = 0.7f; // Master output level scaler // REMOVED - Defined in Thaumaze
  10:AudioProcessor.cpp **** 
  11:AudioProcessor.cpp **** int  DetermineEngineSettings();
  12:AudioProcessor.cpp **** // void ConfigureDelaySettings(); // Ensure this is removed or commented
  13:AudioProcessor.cpp **** // void ProcessAudioOutput(AudioHandle::InterleavingOutputBuffer out, size_t size, float dry_level)
  14:AudioProcessor.cpp **** void UpdatePerformanceMonitors(size_t size, AudioHandle::InterleavingOutputBuffer out);
  15:AudioProcessor.cpp **** 
  16:AudioProcessor.cpp **** // New helper function declarations
  17:AudioProcessor.cpp **** void ProcessUIAndControls();
  18:AudioProcessor.cpp **** void UpdateArpState(int& engineIndex, bool& poly_mode, int& effective_num_voices, bool& arp_on);
  19:AudioProcessor.cpp **** void RenderVoices(int engineIndex, bool poly_mode, int effective_num_voices, bool arp_on);
  20:AudioProcessor.cpp **** void ApplyEffectsAndOutput(AudioHandle::InterleavingOutputBuffer out, size_t size);
  21:AudioProcessor.cpp **** 
  22:AudioProcessor.cpp **** // Global variables for data sharing between decomposed functions
  23:AudioProcessor.cpp **** 
  24:AudioProcessor.cpp **** extern VoiceEnvelope voice_envelopes[NUM_VOICES];
  25:AudioProcessor.cpp **** 
  26:AudioProcessor.cpp **** extern bool voice_active[NUM_VOICES];
  27:AudioProcessor.cpp **** 
  28:AudioProcessor.cpp **** // Define the CpuLoadMeter instance
  29:AudioProcessor.cpp **** // CpuLoadMeter cpu_meter; // Removed: Now defined in Interface.cpp
  30:AudioProcessor.cpp **** 
  31:AudioProcessor.cpp **** 
ARM GAS  /var/folders/9s/8rp0_f2s1n31qbztm3b5_fdh0000gn/T//ccxxdef6.s 			page 2


  32:AudioProcessor.cpp **** static bool was_arp_on = false; // For ARP state change detection
  33:AudioProcessor.cpp **** 
  34:AudioProcessor.cpp **** volatile int current_engine_index = 0; // Global engine index controlled by touch pads
  35:AudioProcessor.cpp **** 
  36:AudioProcessor.cpp **** // ADD: flag to indicate engine change so we can retrigger voices even when notes are held
  37:AudioProcessor.cpp **** volatile bool engine_changed_flag = false;
  38:AudioProcessor.cpp **** // 0 = inactive, 2 = send trigger low this block, 1 = send trigger high next block
  39:AudioProcessor.cpp **** volatile int engine_retrigger_phase = 0;
  40:AudioProcessor.cpp **** 
  41:AudioProcessor.cpp **** void AudioCallback(AudioHandle::InterleavingInputBuffer in,
  42:AudioProcessor.cpp ****                  AudioHandle::InterleavingOutputBuffer out,
  43:AudioProcessor.cpp ****                  size_t size) {
  44:AudioProcessor.cpp ****     // Removed one-off debug print
  45:AudioProcessor.cpp ****     // Process UI controls at 1ms intervals inside audio callback
  46:AudioProcessor.cpp ****     static uint32_t last_ui_time = 0;
  47:AudioProcessor.cpp ****     uint32_t now_ms = hw.system.GetNow();
  48:AudioProcessor.cpp ****     if(now_ms - last_ui_time >= 1) {
  49:AudioProcessor.cpp ****         last_ui_time = now_ms;
  50:AudioProcessor.cpp ****         ProcessUIAndControls();
  51:AudioProcessor.cpp ****     }
  52:AudioProcessor.cpp ****     cpu_meter.OnBlockStart(); // Mark the beginning of the audio block
  53:AudioProcessor.cpp ****     
  54:AudioProcessor.cpp ****     // Variables to be passed between helper functions
  55:AudioProcessor.cpp ****     int engineIndex;
  56:AudioProcessor.cpp ****     bool poly_mode;
  57:AudioProcessor.cpp ****     int effective_num_voices;
  58:AudioProcessor.cpp ****     bool arp_on;
  59:AudioProcessor.cpp **** 
  60:AudioProcessor.cpp ****     // React to engine change flag by delegating voice migration to DSP layer.
  61:AudioProcessor.cpp ****     static int prev_engine_index_static = 0;
  62:AudioProcessor.cpp ****     if(engine_changed_flag) {
  63:AudioProcessor.cpp ****         poly_engine.OnEngineChange(prev_engine_index_static, current_engine_index);
  64:AudioProcessor.cpp ****         prev_engine_index_static = current_engine_index;
  65:AudioProcessor.cpp ****         engine_changed_flag = false; // Clear flag after handling
  66:AudioProcessor.cpp ****     }
  67:AudioProcessor.cpp **** 
  68:AudioProcessor.cpp ****     UpdateArpState(engineIndex, poly_mode, effective_num_voices, arp_on);
  69:AudioProcessor.cpp ****     RenderVoices(engineIndex, poly_mode, effective_num_voices, arp_on);
  70:AudioProcessor.cpp ****     ApplyEffectsAndOutput(out, size);
  71:AudioProcessor.cpp **** 
  72:AudioProcessor.cpp ****     cpu_meter.OnBlockEnd(); // Mark the end of the audio block
  73:AudioProcessor.cpp **** }
  74:AudioProcessor.cpp **** 
  75:AudioProcessor.cpp **** void ProcessUIAndControls() {
  28              		.loc 1 75 29 view -0
  29              		.cfi_startproc
  30              		@ args = 0, pretend = 0, frame = 0
  31              		@ frame_needed = 0, uses_anonymous_args = 0
  76:AudioProcessor.cpp ****     ProcessControls();
  32              		.loc 1 76 5 view .LVU1
  75:AudioProcessor.cpp ****     ProcessControls();
  33              		.loc 1 75 29 is_stmt 0 view .LVU2
  34 0000 08B5     		push	{r3, lr}
  35              		.cfi_def_cfa_offset 8
  36              		.cfi_offset 3, -8
  37              		.cfi_offset 14, -4
  38              		.loc 1 76 20 view .LVU3
ARM GAS  /var/folders/9s/8rp0_f2s1n31qbztm3b5_fdh0000gn/T//ccxxdef6.s 			page 3


  39 0002 FFF7FEFF 		bl	_Z15ProcessControlsv
  40              	.LVL0:
  77:AudioProcessor.cpp ****     ReadKnobValues();
  41              		.loc 1 77 5 is_stmt 1 view .LVU4
  42              		.loc 1 77 19 is_stmt 0 view .LVU5
  43 0006 FFF7FEFF 		bl	_Z14ReadKnobValuesv
  44              	.LVL1:
  78:AudioProcessor.cpp ****     
  79:AudioProcessor.cpp ****     // Tempo control for arpeggiator via timing knob
  80:AudioProcessor.cpp ****     if (arp_enabled) {
  45              		.loc 1 80 5 is_stmt 1 view .LVU6
  46              		.loc 1 80 9 is_stmt 0 view .LVU7
  47 000a 0C4B     		ldr	r3, .L6
  48 000c 1B78     		ldrb	r3, [r3]	@ zero_extendqisi2
  49              		.loc 1 80 5 view .LVU8
  50 000e 2BB1     		cbz	r3, .L2
  81:AudioProcessor.cpp ****         arp.SetMainTempoFromKnob(delay_time_val);
  51              		.loc 1 81 9 is_stmt 1 view .LVU9
  52              		.loc 1 81 33 is_stmt 0 view .LVU10
  53 0010 0B4B     		ldr	r3, .L6+4
  54 0012 0C48     		ldr	r0, .L6+8
  55 0014 93ED000A 		vldr.32	s0, [r3]
  56 0018 FFF7FEFF 		bl	_ZN11Arpeggiator20SetMainTempoFromKnobEf
  57              	.LVL2:
  58              	.L2:
  82:AudioProcessor.cpp ****     }
  83:AudioProcessor.cpp **** 
  84:AudioProcessor.cpp ****     float touch_control = touch_cv_value; 
  59              		.loc 1 84 5 is_stmt 1 view .LVU11
  60              		.loc 1 84 27 is_stmt 0 view .LVU12
  61 001c 0A4B     		ldr	r3, .L6+12
  85:AudioProcessor.cpp ****     
  86:AudioProcessor.cpp ****     float intensity_factor = 0.5f;
  87:AudioProcessor.cpp **** 
  88:AudioProcessor.cpp ****     morph_knob_val   = morph_knob_val   * (1.0f - intensity_factor) + touch_control * intensity_fac
  62              		.loc 1 88 85 view .LVU13
  63 001e B6EE007A 		vmov.f32	s14, #5.0e-1
  84:AudioProcessor.cpp ****     
  64              		.loc 1 84 27 view .LVU14
  65 0022 D3ED007A 		vldr.32	s15, [r3]
  66              	.LVL3:
  86:AudioProcessor.cpp **** 
  67              		.loc 1 86 5 is_stmt 1 view .LVU15
  68              		.loc 1 88 5 view .LVU16
  69              		.loc 1 88 41 is_stmt 0 view .LVU17
  70 0026 094B     		ldr	r3, .L6+16
  71              		.loc 1 88 85 view .LVU18
  72 0028 67EE877A 		vmul.f32	s15, s15, s14
  73              	.LVL4:
  74              		.loc 1 88 69 view .LVU19
  75 002c D3ED006A 		vldr.32	s13, [r3]
  76 0030 E6EE877A 		vfma.f32	s15, s13, s14
  77              		.loc 1 88 22 view .LVU20
  78 0034 C3ED007A 		vstr.32	s15, [r3]
  89:AudioProcessor.cpp ****     // delay_feedback_val = delay_feedback_val * (1.0f - intensity_factor) + touch_control * intens
  90:AudioProcessor.cpp **** 
  91:AudioProcessor.cpp **** 
ARM GAS  /var/folders/9s/8rp0_f2s1n31qbztm3b5_fdh0000gn/T//ccxxdef6.s 			page 4


  92:AudioProcessor.cpp **** }
  79              		.loc 1 92 1 view .LVU21
  80 0038 08BD     		pop	{r3, pc}
  81              	.L7:
  82 003a 00BF     		.align	2
  83              	.L6:
  84 003c 00000000 		.word	arp_enabled
  85 0040 00000000 		.word	delay_time_val
  86 0044 00000000 		.word	arp
  87 0048 00000000 		.word	touch_cv_value
  88 004c 00000000 		.word	morph_knob_val
  89              		.cfi_endproc
  90              	.LFE5797:
  92              		.section	.text._Z14UpdateArpStateRiRbS_S0_,"ax",%progbits
  93              		.align	1
  94              		.global	_Z14UpdateArpStateRiRbS_S0_
  95              		.syntax unified
  96              		.thumb
  97              		.thumb_func
  99              	_Z14UpdateArpStateRiRbS_S0_:
 100              	.LVL5:
 101              	.LFB5798:
  93:AudioProcessor.cpp **** 
  94:AudioProcessor.cpp **** void UpdateArpState(int& engineIndex, bool& poly_mode, int& effective_num_voices, bool& arp_on_out)
 102              		.loc 1 94 101 is_stmt 1 view -0
 103              		.cfi_startproc
 104              		@ args = 0, pretend = 0, frame = 8
 105              		@ frame_needed = 0, uses_anonymous_args = 0
  95:AudioProcessor.cpp ****     engineIndex = DetermineEngineSettings();
 106              		.loc 1 95 5 view .LVU23
 107              	.LBB11:
 108              	.LBI11:
  96:AudioProcessor.cpp ****     poly_mode = (engineIndex <= 3);
  97:AudioProcessor.cpp ****     effective_num_voices = poly_mode ? NUM_VOICES : 1;
  98:AudioProcessor.cpp **** 
  99:AudioProcessor.cpp ****     bool current_arp_on = arp_enabled;
 100:AudioProcessor.cpp ****     if (!current_arp_on && was_arp_on) {
 101:AudioProcessor.cpp ****         poly_engine.ResetVoices();
 102:AudioProcessor.cpp ****         for (int v = 0; v < NUM_VOICES; ++v) {
 103:AudioProcessor.cpp ****         }
 104:AudioProcessor.cpp ****         poly_engine.UpdateLastTouchState(0);
 105:AudioProcessor.cpp ****     }
 106:AudioProcessor.cpp ****     was_arp_on = current_arp_on;
 107:AudioProcessor.cpp ****     arp_on_out = current_arp_on;
 108:AudioProcessor.cpp **** 
 109:AudioProcessor.cpp ****     if (current_arp_on) {
 110:AudioProcessor.cpp ****         arp.UpdateHeldNotes(current_touch_state, poly_engine.GetLastTouchState());
 111:AudioProcessor.cpp ****         arp.Process(BLOCK_SIZE);
 112:AudioProcessor.cpp ****     } else {
 113:AudioProcessor.cpp ****         poly_engine.HandleTouchInput(current_touch_state, poly_engine.GetLastTouchState(), engineIn
 114:AudioProcessor.cpp ****     }
 115:AudioProcessor.cpp ****     
 116:AudioProcessor.cpp ****     poly_engine.UpdateLastTouchState(current_touch_state);
 117:AudioProcessor.cpp **** }
 118:AudioProcessor.cpp **** 
 119:AudioProcessor.cpp **** void RenderVoices(int engineIndex, bool poly_mode, int effective_num_voices, bool arp_on) {
 120:AudioProcessor.cpp ****     PolyphonyEngine::RenderParameters params;
ARM GAS  /var/folders/9s/8rp0_f2s1n31qbztm3b5_fdh0000gn/T//ccxxdef6.s 			page 5


 121:AudioProcessor.cpp ****     params.engine_index = engineIndex;
 122:AudioProcessor.cpp ****     params.poly_mode = poly_mode;
 123:AudioProcessor.cpp ****     params.effective_num_voices = effective_num_voices;
 124:AudioProcessor.cpp ****     params.arp_on = arp_on;
 125:AudioProcessor.cpp ****     params.pitch_val = pitch_val;
 126:AudioProcessor.cpp ****     params.harm_knob_val = harm_knob_val;
 127:AudioProcessor.cpp ****     params.morph_knob_val = morph_knob_val;
 128:AudioProcessor.cpp ****     params.timbre_knob_val = timbre_knob_val;
 129:AudioProcessor.cpp ****     params.env_attack_val = env_attack_val;
 130:AudioProcessor.cpp ****     params.env_release_val = env_release_val;
 131:AudioProcessor.cpp ****     params.delay_mix_val = 0.0f;  // Delay removed, set mix to 0
 132:AudioProcessor.cpp ****     params.touch_cv_value = touch_cv_value;
 133:AudioProcessor.cpp ****     
 134:AudioProcessor.cpp ****     poly_engine.RenderBlock(params);
 135:AudioProcessor.cpp **** }
 136:AudioProcessor.cpp **** 
 137:AudioProcessor.cpp **** void ApplyEffectsAndOutput(AudioHandle::InterleavingOutputBuffer out, size_t size) {
 138:AudioProcessor.cpp ****     // Normalized output: average voices and apply master volume
 139:AudioProcessor.cpp ****     const float* buffer = poly_engine.GetMainOutputBuffer();
 140:AudioProcessor.cpp ****     const float norm = 1.0f / 32768.0f; // Convert int16 range to [-1,1]
 141:AudioProcessor.cpp ****     for (size_t i = 0; i < size; i += 2) {
 142:AudioProcessor.cpp ****         float raw = buffer[i/2];
 143:AudioProcessor.cpp ****         // Convert to float and average voices
 144:AudioProcessor.cpp ****         float sample = (raw * norm) / float(NUM_VOICES);
 145:AudioProcessor.cpp ****         // Apply master volume (keep below 1.0)
 146:AudioProcessor.cpp ****         sample *= MASTER_VOLUME;
 147:AudioProcessor.cpp ****         out[i]   = sample;
 148:AudioProcessor.cpp ****         out[i+1] = sample;
 149:AudioProcessor.cpp ****     }
 150:AudioProcessor.cpp ****     UpdatePerformanceMonitors(size, out);
 151:AudioProcessor.cpp **** }
 152:AudioProcessor.cpp **** 
 153:AudioProcessor.cpp **** int DetermineEngineSettings() {
 109              		.loc 1 153 5 view .LVU24
 110              	.LBB12:
 154:AudioProcessor.cpp ****     return current_engine_index;
 111              		.loc 1 154 5 view .LVU25
 112              	.LBE12:
 113              	.LBE11:
  94:AudioProcessor.cpp ****     engineIndex = DetermineEngineSettings();
 114              		.loc 1 94 101 is_stmt 0 view .LVU26
 115 0000 2DE9F043 		push	{r4, r5, r6, r7, r8, r9, lr}
 116              		.cfi_def_cfa_offset 28
 117              		.cfi_offset 4, -28
 118              		.cfi_offset 5, -24
 119              		.cfi_offset 6, -20
 120              		.cfi_offset 7, -16
 121              		.cfi_offset 8, -12
 122              		.cfi_offset 9, -8
 123              		.cfi_offset 14, -4
 124 0004 9846     		mov	r8, r3
 125              	.LBB15:
 126              	.LBB13:
 127              		.loc 1 154 12 view .LVU27
 128 0006 274B     		ldr	r3, .L17
 129              	.LVL6:
 130              		.loc 1 154 12 view .LVU28
ARM GAS  /var/folders/9s/8rp0_f2s1n31qbztm3b5_fdh0000gn/T//ccxxdef6.s 			page 6


 131              	.LBE13:
 132              	.LBE15:
  94:AudioProcessor.cpp ****     engineIndex = DetermineEngineSettings();
 133              		.loc 1 94 101 view .LVU29
 134 0008 1646     		mov	r6, r2
 135 000a 85B0     		sub	sp, sp, #20
 136              		.cfi_def_cfa_offset 48
 137              	.LBB16:
 138              	.LBB14:
 139              		.loc 1 154 12 view .LVU30
 140 000c 1B68     		ldr	r3, [r3]
 141              	.LBE14:
 142              	.LBE16:
  94:AudioProcessor.cpp ****     engineIndex = DetermineEngineSettings();
 143              		.loc 1 94 101 view .LVU31
 144 000e 0446     		mov	r4, r0
 145 0010 0D46     		mov	r5, r1
 146 0012 DFF8A090 		ldr	r9, .L17+16
  96:AudioProcessor.cpp ****     poly_mode = (engineIndex <= 3);
 147              		.loc 1 96 30 view .LVU32
 148 0016 032B     		cmp	r3, #3
  95:AudioProcessor.cpp ****     poly_mode = (engineIndex <= 3);
 149              		.loc 1 95 17 view .LVU33
 150 0018 0360     		str	r3, [r0]
  96:AudioProcessor.cpp ****     effective_num_voices = poly_mode ? NUM_VOICES : 1;
 151              		.loc 1 96 5 is_stmt 1 view .LVU34
  96:AudioProcessor.cpp ****     effective_num_voices = poly_mode ? NUM_VOICES : 1;
 152              		.loc 1 96 30 is_stmt 0 view .LVU35
 153 001a CCBF     		ite	gt
 154 001c 0022     		movgt	r2, #0
 155              	.LVL7:
  96:AudioProcessor.cpp ****     effective_num_voices = poly_mode ? NUM_VOICES : 1;
 156              		.loc 1 96 30 view .LVU36
 157 001e 0122     		movle	r2, #1
  97:AudioProcessor.cpp **** 
 158              		.loc 1 97 38 view .LVU37
 159 0020 042B     		cmp	r3, #4
  96:AudioProcessor.cpp ****     effective_num_voices = poly_mode ? NUM_VOICES : 1;
 160              		.loc 1 96 30 view .LVU38
 161 0022 0A70     		strb	r2, [r1]
  97:AudioProcessor.cpp **** 
 162              		.loc 1 97 5 is_stmt 1 view .LVU39
  97:AudioProcessor.cpp **** 
 163              		.loc 1 97 38 is_stmt 0 view .LVU40
 164 0024 B4BF     		ite	lt
 165 0026 0423     		movlt	r3, #4
 166 0028 0123     		movge	r3, #1
  97:AudioProcessor.cpp **** 
 167              		.loc 1 97 26 view .LVU41
 168 002a 3360     		str	r3, [r6]
  99:AudioProcessor.cpp ****     if (!current_arp_on && was_arp_on) {
 169              		.loc 1 99 5 is_stmt 1 view .LVU42
  99:AudioProcessor.cpp ****     if (!current_arp_on && was_arp_on) {
 170              		.loc 1 99 27 is_stmt 0 view .LVU43
 171 002c 1E4B     		ldr	r3, .L17+4
 172 002e 1B78     		ldrb	r3, [r3]	@ zero_extendqisi2
 173              	.LVL8:
ARM GAS  /var/folders/9s/8rp0_f2s1n31qbztm3b5_fdh0000gn/T//ccxxdef6.s 			page 7


 100:AudioProcessor.cpp ****         poly_engine.ResetVoices();
 174              		.loc 1 100 5 is_stmt 1 view .LVU44
 175              	.LBB17:
 176 0030 03F0FF07 		and	r7, r3, #255
 177 0034 4BB9     		cbnz	r3, .L10
 100:AudioProcessor.cpp ****         poly_engine.ResetVoices();
 178              		.loc 1 100 25 is_stmt 0 discriminator 1 view .LVU45
 179 0036 99F80030 		ldrb	r3, [r9]	@ zero_extendqisi2
 180              	.LVL9:
 100:AudioProcessor.cpp ****         poly_engine.ResetVoices();
 181              		.loc 1 100 25 discriminator 1 view .LVU46
 182 003a 33B1     		cbz	r3, .L10
 183              	.LBB18:
 101:AudioProcessor.cpp ****         for (int v = 0; v < NUM_VOICES; ++v) {
 184              		.loc 1 101 9 is_stmt 1 view .LVU47
 101:AudioProcessor.cpp ****         for (int v = 0; v < NUM_VOICES; ++v) {
 185              		.loc 1 101 32 is_stmt 0 view .LVU48
 186 003c 1B48     		ldr	r0, .L17+8
 187              	.LVL10:
 101:AudioProcessor.cpp ****         for (int v = 0; v < NUM_VOICES; ++v) {
 188              		.loc 1 101 32 view .LVU49
 189 003e FFF7FEFF 		bl	_ZN15PolyphonyEngine11ResetVoicesEv
 190              	.LVL11:
 102:AudioProcessor.cpp ****         }
 191              		.loc 1 102 9 is_stmt 1 view .LVU50
 192              	.LBE18:
 193              	.LBE17:
 102:AudioProcessor.cpp ****         }
 194              		.loc 1 102 27 view .LVU51
 195              	.LBB20:
 196              	.LBB19:
 104:AudioProcessor.cpp ****     }
 197              		.loc 1 104 9 view .LVU52
 104:AudioProcessor.cpp ****     }
 198              		.loc 1 104 41 is_stmt 0 view .LVU53
 199 0042 3946     		mov	r1, r7
 200 0044 1948     		ldr	r0, .L17+8
 201 0046 FFF7FEFF 		bl	_ZN15PolyphonyEngine20UpdateLastTouchStateEt
 202              	.LVL12:
 203              	.L10:
 204              	.LBE19:
 205              	.LBE20:
 106:AudioProcessor.cpp ****     arp_on_out = current_arp_on;
 206              		.loc 1 106 5 is_stmt 1 view .LVU54
 107:AudioProcessor.cpp **** 
 207              		.loc 1 107 16 is_stmt 0 view .LVU55
 208 004a 88F80070 		strb	r7, [r8]
 209 004e DFF86880 		ldr	r8, .L17+20
 210              	.LVL13:
 110:AudioProcessor.cpp ****         arp.Process(BLOCK_SIZE);
 211              		.loc 1 110 28 view .LVU56
 212 0052 1648     		ldr	r0, .L17+8
 213 0054 B8F80010 		ldrh	r1, [r8]
 106:AudioProcessor.cpp ****     arp_on_out = current_arp_on;
 214              		.loc 1 106 16 view .LVU57
 215 0058 89F80070 		strb	r7, [r9]
 107:AudioProcessor.cpp **** 
ARM GAS  /var/folders/9s/8rp0_f2s1n31qbztm3b5_fdh0000gn/T//ccxxdef6.s 			page 8


 216              		.loc 1 107 5 is_stmt 1 view .LVU58
 109:AudioProcessor.cpp ****         arp.UpdateHeldNotes(current_touch_state, poly_engine.GetLastTouchState());
 217              		.loc 1 109 5 view .LVU59
 110:AudioProcessor.cpp ****         arp.Process(BLOCK_SIZE);
 218              		.loc 1 110 28 is_stmt 0 view .LVU60
 219 005c 89B2     		uxth	r1, r1
 220 005e 0391     		str	r1, [sp, #12]
 109:AudioProcessor.cpp ****         arp.UpdateHeldNotes(current_touch_state, poly_engine.GetLastTouchState());
 221              		.loc 1 109 5 view .LVU61
 222 0060 9FB1     		cbz	r7, .L11
 110:AudioProcessor.cpp ****         arp.Process(BLOCK_SIZE);
 223              		.loc 1 110 9 is_stmt 1 view .LVU62
 110:AudioProcessor.cpp ****         arp.Process(BLOCK_SIZE);
 224              		.loc 1 110 28 is_stmt 0 view .LVU63
 225 0062 FFF7FEFF 		bl	_ZNK15PolyphonyEngine17GetLastTouchStateEv
 226              	.LVL14:
 227 0066 0399     		ldr	r1, [sp, #12]
 228 0068 0246     		mov	r2, r0
 229 006a 1148     		ldr	r0, .L17+12
 230 006c FFF7FEFF 		bl	_ZN11Arpeggiator15UpdateHeldNotesEtt
 231              	.LVL15:
 111:AudioProcessor.cpp ****     } else {
 232              		.loc 1 111 9 is_stmt 1 view .LVU64
 111:AudioProcessor.cpp ****     } else {
 233              		.loc 1 111 20 is_stmt 0 view .LVU65
 234 0070 2021     		movs	r1, #32
 235 0072 0F48     		ldr	r0, .L17+12
 236 0074 FFF7FEFF 		bl	_ZN11Arpeggiator7ProcessEj
 237              	.LVL16:
 238              	.L12:
 116:AudioProcessor.cpp **** }
 239              		.loc 1 116 5 is_stmt 1 view .LVU66
 116:AudioProcessor.cpp **** }
 240              		.loc 1 116 37 is_stmt 0 view .LVU67
 241 0078 B8F80010 		ldrh	r1, [r8]
 242 007c 0B48     		ldr	r0, .L17+8
 243 007e 89B2     		uxth	r1, r1
 117:AudioProcessor.cpp **** 
 244              		.loc 1 117 1 view .LVU68
 245 0080 05B0     		add	sp, sp, #20
 246              		.cfi_remember_state
 247              		.cfi_def_cfa_offset 28
 248              		@ sp needed
 249 0082 BDE8F043 		pop	{r4, r5, r6, r7, r8, r9, lr}
 250              		.cfi_restore 14
 251              		.cfi_restore 9
 252              		.cfi_restore 8
 253              		.cfi_restore 7
 254              		.cfi_restore 6
 255              		.cfi_restore 5
 256              		.cfi_restore 4
 257              		.cfi_def_cfa_offset 0
 258              	.LVL17:
 116:AudioProcessor.cpp **** }
 259              		.loc 1 116 37 view .LVU69
 260 0086 FFF7FEBF 		b	_ZN15PolyphonyEngine20UpdateLastTouchStateEt
 261              	.LVL18:
ARM GAS  /var/folders/9s/8rp0_f2s1n31qbztm3b5_fdh0000gn/T//ccxxdef6.s 			page 9


 262              	.L11:
 263              		.cfi_restore_state
 113:AudioProcessor.cpp ****     }
 264              		.loc 1 113 9 is_stmt 1 view .LVU70
 113:AudioProcessor.cpp ****     }
 265              		.loc 1 113 37 is_stmt 0 view .LVU71
 266 008a FFF7FEFF 		bl	_ZNK15PolyphonyEngine17GetLastTouchStateEv
 267              	.LVL19:
 268 008e 3368     		ldr	r3, [r6]
 269 0090 0246     		mov	r2, r0
 270 0092 0399     		ldr	r1, [sp, #12]
 271 0094 0193     		str	r3, [sp, #4]
 272 0096 2B78     		ldrb	r3, [r5]	@ zero_extendqisi2
 273 0098 0448     		ldr	r0, .L17+8
 274 009a 0093     		str	r3, [sp]
 275 009c 2368     		ldr	r3, [r4]
 276 009e FFF7FEFF 		bl	_ZN15PolyphonyEngine16HandleTouchInputEttibi
 277              	.LVL20:
 278 00a2 E9E7     		b	.L12
 279              	.L18:
 280              		.align	2
 281              	.L17:
 282 00a4 00000000 		.word	.LANCHOR0
 283 00a8 00000000 		.word	arp_enabled
 284 00ac 00000000 		.word	poly_engine
 285 00b0 00000000 		.word	arp
 286 00b4 00000000 		.word	.LANCHOR1
 287 00b8 00000000 		.word	current_touch_state
 288              		.cfi_endproc
 289              	.LFE5798:
 291              		.section	.text._Z12RenderVoicesibib,"ax",%progbits
 292              		.align	1
 293              		.global	_Z12RenderVoicesibib
 294              		.syntax unified
 295              		.thumb
 296              		.thumb_func
 298              	_Z12RenderVoicesibib:
 299              	.LVL21:
 300              	.LFB5799:
 119:AudioProcessor.cpp ****     PolyphonyEngine::RenderParameters params;
 301              		.loc 1 119 91 is_stmt 1 view -0
 302              		.cfi_startproc
 303              		@ args = 0, pretend = 0, frame = 48
 304              		@ frame_needed = 0, uses_anonymous_args = 0
 120:AudioProcessor.cpp ****     params.engine_index = engineIndex;
 305              		.loc 1 120 5 view .LVU73
 121:AudioProcessor.cpp ****     params.poly_mode = poly_mode;
 306              		.loc 1 121 5 view .LVU74
 119:AudioProcessor.cpp ****     PolyphonyEngine::RenderParameters params;
 307              		.loc 1 119 91 is_stmt 0 view .LVU75
 308 0000 00B5     		push	{lr}
 309              		.cfi_def_cfa_offset 4
 310              		.cfi_offset 14, -4
 311 0002 8DB0     		sub	sp, sp, #52
 312              		.cfi_def_cfa_offset 56
 124:AudioProcessor.cpp ****     params.pitch_val = pitch_val;
 313              		.loc 1 124 19 view .LVU76
ARM GAS  /var/folders/9s/8rp0_f2s1n31qbztm3b5_fdh0000gn/T//ccxxdef6.s 			page 10


 314 0004 8DF80C30 		strb	r3, [sp, #12]
 125:AudioProcessor.cpp ****     params.harm_knob_val = harm_knob_val;
 315              		.loc 1 125 22 view .LVU77
 316 0008 104B     		ldr	r3, .L20
 317              	.LVL22:
 121:AudioProcessor.cpp ****     params.poly_mode = poly_mode;
 318              		.loc 1 121 25 view .LVU78
 319 000a 0090     		str	r0, [sp]
 122:AudioProcessor.cpp ****     params.effective_num_voices = effective_num_voices;
 320              		.loc 1 122 5 is_stmt 1 view .LVU79
 125:AudioProcessor.cpp ****     params.harm_knob_val = harm_knob_val;
 321              		.loc 1 125 22 is_stmt 0 view .LVU80
 322 000c 1B68     		ldr	r3, [r3]	@ float
 122:AudioProcessor.cpp ****     params.effective_num_voices = effective_num_voices;
 323              		.loc 1 122 22 view .LVU81
 324 000e 8DF80410 		strb	r1, [sp, #4]
 123:AudioProcessor.cpp ****     params.arp_on = arp_on;
 325              		.loc 1 123 5 is_stmt 1 view .LVU82
 134:AudioProcessor.cpp **** }
 326              		.loc 1 134 28 is_stmt 0 view .LVU83
 327 0012 6946     		mov	r1, sp
 328              	.LVL23:
 125:AudioProcessor.cpp ****     params.harm_knob_val = harm_knob_val;
 329              		.loc 1 125 22 view .LVU84
 330 0014 0493     		str	r3, [sp, #16]	@ float
 126:AudioProcessor.cpp ****     params.morph_knob_val = morph_knob_val;
 331              		.loc 1 126 26 view .LVU85
 332 0016 0E4B     		ldr	r3, .L20+4
 134:AudioProcessor.cpp **** }
 333              		.loc 1 134 28 view .LVU86
 334 0018 0E48     		ldr	r0, .L20+8
 335              	.LVL24:
 126:AudioProcessor.cpp ****     params.morph_knob_val = morph_knob_val;
 336              		.loc 1 126 26 view .LVU87
 337 001a 1B68     		ldr	r3, [r3]	@ float
 123:AudioProcessor.cpp ****     params.arp_on = arp_on;
 338              		.loc 1 123 33 view .LVU88
 339 001c 0292     		str	r2, [sp, #8]
 124:AudioProcessor.cpp ****     params.pitch_val = pitch_val;
 340              		.loc 1 124 5 is_stmt 1 view .LVU89
 125:AudioProcessor.cpp ****     params.harm_knob_val = harm_knob_val;
 341              		.loc 1 125 5 view .LVU90
 126:AudioProcessor.cpp ****     params.morph_knob_val = morph_knob_val;
 342              		.loc 1 126 5 view .LVU91
 126:AudioProcessor.cpp ****     params.morph_knob_val = morph_knob_val;
 343              		.loc 1 126 26 is_stmt 0 view .LVU92
 344 001e 0593     		str	r3, [sp, #20]	@ float
 127:AudioProcessor.cpp ****     params.timbre_knob_val = timbre_knob_val;
 345              		.loc 1 127 5 is_stmt 1 view .LVU93
 127:AudioProcessor.cpp ****     params.timbre_knob_val = timbre_knob_val;
 346              		.loc 1 127 27 is_stmt 0 view .LVU94
 347 0020 0D4B     		ldr	r3, .L20+12
 348 0022 1B68     		ldr	r3, [r3]	@ float
 349 0024 0693     		str	r3, [sp, #24]	@ float
 128:AudioProcessor.cpp ****     params.env_attack_val = env_attack_val;
 350              		.loc 1 128 5 is_stmt 1 view .LVU95
 128:AudioProcessor.cpp ****     params.env_attack_val = env_attack_val;
ARM GAS  /var/folders/9s/8rp0_f2s1n31qbztm3b5_fdh0000gn/T//ccxxdef6.s 			page 11


 351              		.loc 1 128 28 is_stmt 0 view .LVU96
 352 0026 0D4B     		ldr	r3, .L20+16
 353 0028 1B68     		ldr	r3, [r3]	@ float
 354 002a 0793     		str	r3, [sp, #28]	@ float
 129:AudioProcessor.cpp ****     params.env_release_val = env_release_val;
 355              		.loc 1 129 5 is_stmt 1 view .LVU97
 129:AudioProcessor.cpp ****     params.env_release_val = env_release_val;
 356              		.loc 1 129 27 is_stmt 0 view .LVU98
 357 002c 0C4B     		ldr	r3, .L20+20
 358 002e 1B68     		ldr	r3, [r3]	@ float
 359 0030 0893     		str	r3, [sp, #32]	@ float
 130:AudioProcessor.cpp ****     params.delay_mix_val = 0.0f;  // Delay removed, set mix to 0
 360              		.loc 1 130 5 is_stmt 1 view .LVU99
 130:AudioProcessor.cpp ****     params.delay_mix_val = 0.0f;  // Delay removed, set mix to 0
 361              		.loc 1 130 28 is_stmt 0 view .LVU100
 362 0032 0C4B     		ldr	r3, .L20+24
 363 0034 1B68     		ldr	r3, [r3]	@ float
 364 0036 0993     		str	r3, [sp, #36]	@ float
 131:AudioProcessor.cpp ****     params.touch_cv_value = touch_cv_value;
 365              		.loc 1 131 5 is_stmt 1 view .LVU101
 131:AudioProcessor.cpp ****     params.touch_cv_value = touch_cv_value;
 366              		.loc 1 131 26 is_stmt 0 view .LVU102
 367 0038 0023     		movs	r3, #0
 368 003a 0A93     		str	r3, [sp, #40]	@ float
 132:AudioProcessor.cpp ****     
 369              		.loc 1 132 5 is_stmt 1 view .LVU103
 132:AudioProcessor.cpp ****     
 370              		.loc 1 132 27 is_stmt 0 view .LVU104
 371 003c 0A4B     		ldr	r3, .L20+28
 372 003e 1B68     		ldr	r3, [r3]	@ float
 373 0040 0B93     		str	r3, [sp, #44]	@ float
 134:AudioProcessor.cpp **** }
 374              		.loc 1 134 5 is_stmt 1 view .LVU105
 134:AudioProcessor.cpp **** }
 375              		.loc 1 134 28 is_stmt 0 view .LVU106
 376 0042 FFF7FEFF 		bl	_ZN15PolyphonyEngine11RenderBlockERKNS_16RenderParametersE
 377              	.LVL25:
 135:AudioProcessor.cpp **** 
 378              		.loc 1 135 1 view .LVU107
 379 0046 0DB0     		add	sp, sp, #52
 380              		.cfi_def_cfa_offset 4
 381              		@ sp needed
 382 0048 5DF804FB 		ldr	pc, [sp], #4
 383              	.L21:
 384              		.align	2
 385              	.L20:
 386 004c 00000000 		.word	pitch_val
 387 0050 00000000 		.word	harm_knob_val
 388 0054 00000000 		.word	poly_engine
 389 0058 00000000 		.word	morph_knob_val
 390 005c 00000000 		.word	timbre_knob_val
 391 0060 00000000 		.word	env_attack_val
 392 0064 00000000 		.word	env_release_val
 393 0068 00000000 		.word	touch_cv_value
 394              		.cfi_endproc
 395              	.LFE5799:
 397              		.section	.text._Z23DetermineEngineSettingsv,"ax",%progbits
ARM GAS  /var/folders/9s/8rp0_f2s1n31qbztm3b5_fdh0000gn/T//ccxxdef6.s 			page 12


 398              		.align	1
 399              		.global	_Z23DetermineEngineSettingsv
 400              		.syntax unified
 401              		.thumb
 402              		.thumb_func
 404              	_Z23DetermineEngineSettingsv:
 405              	.LFB5801:
 153:AudioProcessor.cpp ****     return current_engine_index;
 406              		.loc 1 153 31 is_stmt 1 view -0
 407              		.cfi_startproc
 408              		@ args = 0, pretend = 0, frame = 0
 409              		@ frame_needed = 0, uses_anonymous_args = 0
 410              		@ link register save eliminated.
 411              		.loc 1 154 5 view .LVU109
 412              		.loc 1 154 12 is_stmt 0 view .LVU110
 413 0000 014B     		ldr	r3, .L23
 414 0002 1868     		ldr	r0, [r3]
 155:AudioProcessor.cpp **** }
 415              		.loc 1 155 1 view .LVU111
 416 0004 7047     		bx	lr
 417              	.L24:
 418 0006 00BF     		.align	2
 419              	.L23:
 420 0008 00000000 		.word	.LANCHOR0
 421              		.cfi_endproc
 422              	.LFE5801:
 424              		.section	.text._Z25UpdatePerformanceMonitorsjPf,"ax",%progbits
 425              		.align	1
 426              		.global	_Z25UpdatePerformanceMonitorsjPf
 427              		.syntax unified
 428              		.thumb
 429              		.thumb_func
 431              	_Z25UpdatePerformanceMonitorsjPf:
 432              	.LVL26:
 433              	.LFB5802:
 156:AudioProcessor.cpp **** 
 157:AudioProcessor.cpp **** void UpdatePerformanceMonitors(size_t size, AudioHandle::InterleavingOutputBuffer out) {
 434              		.loc 1 157 88 is_stmt 1 view -0
 435              		.cfi_startproc
 436              		@ args = 0, pretend = 0, frame = 0
 437              		@ frame_needed = 0, uses_anonymous_args = 0
 158:AudioProcessor.cpp ****     if (size > 0) {
 438              		.loc 1 158 5 view .LVU113
 157:AudioProcessor.cpp ****     if (size > 0) {
 439              		.loc 1 157 88 is_stmt 0 view .LVU114
 440 0000 38B5     		push	{r3, r4, r5, lr}
 441              		.cfi_def_cfa_offset 16
 442              		.cfi_offset 3, -16
 443              		.cfi_offset 4, -12
 444              		.cfi_offset 5, -8
 445              		.cfi_offset 14, -4
 446              	.LBB21:
 447              		.loc 1 158 5 view .LVU115
 448 0002 80B1     		cbz	r0, .L26
 449              	.LBB22:
 159:AudioProcessor.cpp ****         float current_level = fabsf(out[0]);
 450              		.loc 1 159 9 is_stmt 1 view .LVU116
ARM GAS  /var/folders/9s/8rp0_f2s1n31qbztm3b5_fdh0000gn/T//ccxxdef6.s 			page 13


 451              	.LVL27:
 160:AudioProcessor.cpp ****         smoothed_output_level = smoothed_output_level * 0.99f + current_level * 0.01f;
 452              		.loc 1 160 9 view .LVU117
 159:AudioProcessor.cpp ****         float current_level = fabsf(out[0]);
 453              		.loc 1 159 15 is_stmt 0 view .LVU118
 454 0004 D1ED007A 		vldr.32	s15, [r1]
 455              		.loc 1 160 79 view .LVU119
 456 0008 9FED1C7A 		vldr.32	s14, .L37
 159:AudioProcessor.cpp ****         float current_level = fabsf(out[0]);
 457              		.loc 1 159 15 view .LVU120
 458 000c F0EEE77A 		vabs.f32	s15, s15
 459              	.LVL28:
 460              		.loc 1 160 33 view .LVU121
 461 0010 1B4B     		ldr	r3, .L37+4
 462 0012 D3ED006A 		vldr.32	s13, [r3]
 463              		.loc 1 160 79 view .LVU122
 464 0016 67EE877A 		vmul.f32	s15, s15, s14
 465              	.LVL29:
 466              		.loc 1 160 63 view .LVU123
 467 001a 9FED1A7A 		vldr.32	s14, .L37+8
 468 001e E6EE877A 		vfma.f32	s15, s13, s14
 469              		.loc 1 160 31 view .LVU124
 470 0022 C3ED007A 		vstr.32	s15, [r3]
 471              	.LVL30:
 472              	.L26:
 473              		.loc 1 160 31 view .LVU125
 474              	.LBE22:
 475              	.LBE21:
 161:AudioProcessor.cpp ****     }
 162:AudioProcessor.cpp **** 
 163:AudioProcessor.cpp ****     static uint32_t display_counter = 0;
 476              		.loc 1 163 5 is_stmt 1 view .LVU126
 164:AudioProcessor.cpp ****     static const uint32_t display_interval_blocks = (uint32_t)(sample_rate / BLOCK_SIZE * 3.0f);
 477              		.loc 1 164 5 view .LVU127
 478              		.loc 1 164 95 is_stmt 0 view .LVU128
 479 0026 184C     		ldr	r4, .L37+12
 480 0028 184D     		ldr	r5, .L37+16
 481 002a 2378     		ldrb	r3, [r4]	@ zero_extendqisi2
 482 002c BFF35B8F 		dmb	ish
 483 0030 13F0010F 		tst	r3, #1
 484 0034 15D1     		bne	.L28
 485              		.loc 1 164 95 discriminator 1 view .LVU129
 486 0036 2046     		mov	r0, r4
 487              	.LVL31:
 488              		.loc 1 164 95 discriminator 1 view .LVU130
 489 0038 FFF7FEFF 		bl	__cxa_guard_acquire
 490              	.LVL32:
 491              		.loc 1 164 95 discriminator 1 view .LVU131
 492 003c 88B1     		cbz	r0, .L28
 493              		.loc 1 164 76 discriminator 2 view .LVU132
 494 003e 144B     		ldr	r3, .L37+20
 495              		.loc 1 164 95 discriminator 2 view .LVU133
 496 0040 2046     		mov	r0, r4
 497              		.loc 1 164 76 discriminator 2 view .LVU134
 498 0042 9FED147A 		vldr.32	s14, .L37+24
 499 0046 D3ED007A 		vldr.32	s15, [r3]
 500 004a 67EE877A 		vmul.f32	s15, s15, s14
ARM GAS  /var/folders/9s/8rp0_f2s1n31qbztm3b5_fdh0000gn/T//ccxxdef6.s 			page 14


 501              		.loc 1 164 89 discriminator 2 view .LVU135
 502 004e B0EE087A 		vmov.f32	s14, #3.0e+0
 503 0052 67EE877A 		vmul.f32	s15, s15, s14
 504              		.loc 1 164 53 discriminator 2 view .LVU136
 505 0056 FCEEE77A 		vcvt.u32.f32	s15, s15
 506 005a C5ED007A 		vstr.32	s15, [r5]	@ int
 507              		.loc 1 164 95 discriminator 2 view .LVU137
 508 005e FFF7FEFF 		bl	__cxa_guard_release
 509              	.LVL33:
 510              	.L28:
 165:AudioProcessor.cpp ****     if (++display_counter >= display_interval_blocks) {
 511              		.loc 1 165 5 is_stmt 1 view .LVU138
 512              		.loc 1 165 9 is_stmt 0 view .LVU139
 513 0062 0D4A     		ldr	r2, .L37+28
 514              		.loc 1 165 5 view .LVU140
 515 0064 2968     		ldr	r1, [r5]
 516              		.loc 1 165 9 view .LVU141
 517 0066 1368     		ldr	r3, [r2]
 518 0068 0133     		adds	r3, r3, #1
 519              		.loc 1 165 5 view .LVU142
 520 006a 8B42     		cmp	r3, r1
 521              		.loc 1 165 27 view .LVU143
 522 006c 1360     		str	r3, [r2]
 523              		.loc 1 165 5 view .LVU144
 524 006e 04D3     		bcc	.L25
 166:AudioProcessor.cpp ****         display_counter = 0;
 525              		.loc 1 166 9 is_stmt 1 view .LVU145
 526              		.loc 1 166 25 is_stmt 0 view .LVU146
 527 0070 0023     		movs	r3, #0
 528 0072 1360     		str	r3, [r2]
 167:AudioProcessor.cpp ****         update_display = true;
 529              		.loc 1 167 9 is_stmt 1 view .LVU147
 530              		.loc 1 167 24 is_stmt 0 view .LVU148
 531 0074 0122     		movs	r2, #1
 532 0076 094B     		ldr	r3, .L37+32
 533 0078 1A70     		strb	r2, [r3]
 534              	.L25:
 168:AudioProcessor.cpp ****     }
 169:AudioProcessor.cpp **** } ...
 535              		.loc 1 169 1 view .LVU149
 536 007a 38BD     		pop	{r3, r4, r5, pc}
 537              	.L38:
 538              		.align	2
 539              	.L37:
 540 007c 0AD7233C 		.word	1008981770
 541 0080 00000000 		.word	smoothed_output_level
 542 0084 A4707D3F 		.word	1065185444
 543 0088 00000000 		.word	.LANCHOR2
 544 008c 00000000 		.word	.LANCHOR3
 545 0090 00000000 		.word	sample_rate
 546 0094 0000003D 		.word	1023410176
 547 0098 00000000 		.word	.LANCHOR4
 548 009c 00000000 		.word	update_display
 549              		.cfi_endproc
 550              	.LFE5802:
 552              		.section	.text._Z21ApplyEffectsAndOutputPfj,"ax",%progbits
 553              		.align	1
ARM GAS  /var/folders/9s/8rp0_f2s1n31qbztm3b5_fdh0000gn/T//ccxxdef6.s 			page 15


 554              		.global	_Z21ApplyEffectsAndOutputPfj
 555              		.syntax unified
 556              		.thumb
 557              		.thumb_func
 559              	_Z21ApplyEffectsAndOutputPfj:
 560              	.LVL34:
 561              	.LFB5800:
 137:AudioProcessor.cpp **** void ApplyEffectsAndOutput(AudioHandle::InterleavingOutputBuffer out, size_t size) {
 562              		.loc 1 137 84 is_stmt 1 view -0
 563              		.cfi_startproc
 564              		@ args = 0, pretend = 0, frame = 0
 565              		@ frame_needed = 0, uses_anonymous_args = 0
 566              		@ link register save eliminated.
 139:AudioProcessor.cpp ****     const float* buffer = poly_engine.GetMainOutputBuffer();
 567              		.loc 1 139 5 view .LVU151
 568              	.LBB23:
 569              	.LBI23:
 570              		.file 2 "Polyphony.h"
   1:Polyphony.h   **** #ifndef POLYPHONY_H
   2:Polyphony.h   **** #define POLYPHONY_H
   3:Polyphony.h   **** 
   4:Polyphony.h   **** // Define global constants needed by this header
   5:Polyphony.h   **** #define NUM_VOICES 4
   6:Polyphony.h   **** #define BLOCK_SIZE 32
   7:Polyphony.h   **** 
   8:Polyphony.h   **** #include "daisy_seed.h"
   9:Polyphony.h   **** #include "plaits/dsp/voice.h"
  10:Polyphony.h   **** #include "VoiceEnvelope.h"
  11:Polyphony.h   **** #include "Thaumazein.h"
  12:Polyphony.h   **** #include "stmlib/utils/buffer_allocator.h"
  13:Polyphony.h   **** 
  14:Polyphony.h   **** namespace stmlib {
  15:Polyphony.h   ****     class MonoBlockAllocator;
  16:Polyphony.h   **** }
  17:Polyphony.h   **** 
  18:Polyphony.h   **** namespace plaits {
  19:Polyphony.h   ****     class Voice;
  20:Polyphony.h   **** }
  21:Polyphony.h   **** 
  22:Polyphony.h   **** struct PatchParams {
  23:Polyphony.h   ****     int engine_idx;
  24:Polyphony.h   ****     float note;
  25:Polyphony.h   ****     float global_pitch_offset;
  26:Polyphony.h   ****     float harmonics;
  27:Polyphony.h   ****     float timbre;
  28:Polyphony.h   ****     float morph;
  29:Polyphony.h   ****     bool arp_on;
  30:Polyphony.h   ****     float decay;
  31:Polyphony.h   **** };
  32:Polyphony.h   **** 
  33:Polyphony.h   **** class PolyphonyEngine {
  34:Polyphony.h   **** public:
  35:Polyphony.h   ****     struct RenderParameters {
  36:Polyphony.h   ****         int engine_index;
  37:Polyphony.h   ****         bool poly_mode;
  38:Polyphony.h   ****         int effective_num_voices;
  39:Polyphony.h   ****         bool arp_on;
ARM GAS  /var/folders/9s/8rp0_f2s1n31qbztm3b5_fdh0000gn/T//ccxxdef6.s 			page 16


  40:Polyphony.h   ****         float pitch_val;
  41:Polyphony.h   ****         float harm_knob_val;
  42:Polyphony.h   ****         float morph_knob_val;
  43:Polyphony.h   ****         float timbre_knob_val;
  44:Polyphony.h   ****         float env_attack_val;
  45:Polyphony.h   ****         float env_release_val;
  46:Polyphony.h   ****         float delay_mix_val;
  47:Polyphony.h   ****         float touch_cv_value;
  48:Polyphony.h   ****     };
  49:Polyphony.h   **** 
  50:Polyphony.h   ****     PolyphonyEngine();
  51:Polyphony.h   ****     ~PolyphonyEngine();
  52:Polyphony.h   **** 
  53:Polyphony.h   ****     void Init(daisy::DaisySeed* hw);
  54:Polyphony.h   ****     void HandleTouchInput(uint16_t current_touch_state, uint16_t last_touch_state, int engine_index
  55:Polyphony.h   ****     void RenderBlock(const RenderParameters& params);
  56:Polyphony.h   ****     void ResetVoices();
  57:Polyphony.h   ****     
  58:Polyphony.h   ****     const float* GetMainOutputBuffer() const { return mix_buffer_out_; }
 571              		.loc 2 58 18 view .LVU152
 572              	.LBE23:
 573              		.loc 2 58 48 view .LVU153
 140:AudioProcessor.cpp ****     const float norm = 1.0f / 32768.0f; // Convert int16 range to [-1,1]
 574              		.loc 1 140 5 view .LVU154
 141:AudioProcessor.cpp ****     for (size_t i = 0; i < size; i += 2) {
 575              		.loc 1 141 5 view .LVU155
 137:AudioProcessor.cpp **** void ApplyEffectsAndOutput(AudioHandle::InterleavingOutputBuffer out, size_t size) {
 576              		.loc 1 137 84 is_stmt 0 view .LVU156
 577 0000 0346     		mov	r3, r0
 578              	.LBB24:
 141:AudioProcessor.cpp ****     for (size_t i = 0; i < size; i += 2) {
 579              		.loc 1 141 17 view .LVU157
 580 0002 0022     		movs	r2, #0
 581              	.LBE24:
 137:AudioProcessor.cpp **** void ApplyEffectsAndOutput(AudioHandle::InterleavingOutputBuffer out, size_t size) {
 582              		.loc 1 137 84 view .LVU158
 583 0004 0846     		mov	r0, r1
 584              	.LVL35:
 137:AudioProcessor.cpp **** void ApplyEffectsAndOutput(AudioHandle::InterleavingOutputBuffer out, size_t size) {
 585              		.loc 1 137 84 view .LVU159
 586 0006 1946     		mov	r1, r3
 587              	.LVL36:
 137:AudioProcessor.cpp **** void ApplyEffectsAndOutput(AudioHandle::InterleavingOutputBuffer out, size_t size) {
 588              		.loc 1 137 84 view .LVU160
 589 0008 30B4     		push	{r4, r5}
 590              		.cfi_def_cfa_offset 8
 591              		.cfi_offset 4, -8
 592              		.cfi_offset 5, -4
 593              	.LVL37:
 594              	.L41:
 595              	.LBB27:
 141:AudioProcessor.cpp ****     for (size_t i = 0; i < size; i += 2) {
 596              		.loc 1 141 26 is_stmt 1 discriminator 3 view .LVU161
 597 000a 8242     		cmp	r2, r0
 598 000c 01F10801 		add	r1, r1, #8
 599 0010 17D2     		bcs	.L40
 600              	.LBB25:
ARM GAS  /var/folders/9s/8rp0_f2s1n31qbztm3b5_fdh0000gn/T//ccxxdef6.s 			page 17


 142:AudioProcessor.cpp ****         float raw = buffer[i/2];
 601              		.loc 1 142 9 discriminator 2 view .LVU162
 602              	.LVL38:
 144:AudioProcessor.cpp ****         float sample = (raw * norm) / float(NUM_VOICES);
 603              		.loc 1 144 9 discriminator 2 view .LVU163
 142:AudioProcessor.cpp ****         float raw = buffer[i/2];
 604              		.loc 1 142 29 is_stmt 0 discriminator 2 view .LVU164
 605 0012 5508     		lsrs	r5, r2, #1
 142:AudioProcessor.cpp ****         float raw = buffer[i/2];
 606              		.loc 1 142 15 discriminator 2 view .LVU165
 607 0014 0D4C     		ldr	r4, .L43
 608              	.LVL39:
 144:AudioProcessor.cpp ****         float sample = (raw * norm) / float(NUM_VOICES);
 609              		.loc 1 144 29 discriminator 2 view .LVU166
 610 0016 9FED0E7A 		vldr.32	s14, .L43+4
 611              	.LBE25:
 141:AudioProcessor.cpp ****     for (size_t i = 0; i < size; i += 2) {
 612              		.loc 1 141 36 discriminator 2 view .LVU167
 613 001a 0232     		adds	r2, r2, #2
 614              	.LVL40:
 615              	.LBB26:
 142:AudioProcessor.cpp ****         float raw = buffer[i/2];
 616              		.loc 1 142 15 discriminator 2 view .LVU168
 617 001c 04EB8504 		add	r4, r4, r5, lsl #2
 618              	.LVL41:
 144:AudioProcessor.cpp ****         float sample = (raw * norm) / float(NUM_VOICES);
 619              		.loc 1 144 29 discriminator 2 view .LVU169
 620 0020 D4ED007A 		vldr.32	s15, [r4]
 621 0024 67EE877A 		vmul.f32	s15, s15, s14
 144:AudioProcessor.cpp ****         float sample = (raw * norm) / float(NUM_VOICES);
 622              		.loc 1 144 15 discriminator 2 view .LVU170
 623 0028 B5EE007A 		vmov.f32	s14, #2.5e-1
 624 002c 67EE877A 		vmul.f32	s15, s15, s14
 625              	.LVL42:
 146:AudioProcessor.cpp ****         sample *= MASTER_VOLUME;
 626              		.loc 1 146 9 is_stmt 1 discriminator 2 view .LVU171
 146:AudioProcessor.cpp ****         sample *= MASTER_VOLUME;
 627              		.loc 1 146 16 is_stmt 0 discriminator 2 view .LVU172
 628 0030 9FED087A 		vldr.32	s14, .L43+8
 629 0034 67EE877A 		vmul.f32	s15, s15, s14
 630              	.LVL43:
 147:AudioProcessor.cpp ****         out[i]   = sample;
 631              		.loc 1 147 9 is_stmt 1 discriminator 2 view .LVU173
 147:AudioProcessor.cpp ****         out[i]   = sample;
 632              		.loc 1 147 18 is_stmt 0 discriminator 2 view .LVU174
 633 0038 41ED027A 		vstr.32	s15, [r1, #-8]
 634              	.LVL44:
 148:AudioProcessor.cpp ****         out[i+1] = sample;
 635              		.loc 1 148 9 is_stmt 1 discriminator 2 view .LVU175
 148:AudioProcessor.cpp ****         out[i+1] = sample;
 636              		.loc 1 148 18 is_stmt 0 discriminator 2 view .LVU176
 637 003c 41ED017A 		vstr.32	s15, [r1, #-4]
 638              	.LBE26:
 141:AudioProcessor.cpp ****     for (size_t i = 0; i < size; i += 2) {
 639              		.loc 1 141 5 is_stmt 1 discriminator 2 view .LVU177
 640              	.LVL45:
 141:AudioProcessor.cpp ****     for (size_t i = 0; i < size; i += 2) {
ARM GAS  /var/folders/9s/8rp0_f2s1n31qbztm3b5_fdh0000gn/T//ccxxdef6.s 			page 18


 641              		.loc 1 141 5 is_stmt 0 discriminator 2 view .LVU178
 642 0040 E3E7     		b	.L41
 643              	.LVL46:
 644              	.L40:
 141:AudioProcessor.cpp ****     for (size_t i = 0; i < size; i += 2) {
 645              		.loc 1 141 5 discriminator 2 view .LVU179
 646              	.LBE27:
 150:AudioProcessor.cpp ****     UpdatePerformanceMonitors(size, out);
 647              		.loc 1 150 5 is_stmt 1 view .LVU180
 150:AudioProcessor.cpp ****     UpdatePerformanceMonitors(size, out);
 648              		.loc 1 150 30 is_stmt 0 view .LVU181
 649 0042 1946     		mov	r1, r3
 151:AudioProcessor.cpp **** }
 650              		.loc 1 151 1 view .LVU182
 651 0044 30BC     		pop	{r4, r5}
 652              		.cfi_restore 5
 653              		.cfi_restore 4
 654              		.cfi_def_cfa_offset 0
 150:AudioProcessor.cpp ****     UpdatePerformanceMonitors(size, out);
 655              		.loc 1 150 30 view .LVU183
 656 0046 FFF7FEBF 		b	_Z25UpdatePerformanceMonitorsjPf
 657              	.LVL47:
 658              	.L44:
 150:AudioProcessor.cpp ****     UpdatePerformanceMonitors(size, out);
 659              		.loc 1 150 30 view .LVU184
 660 004a 00BF     		.align	2
 661              	.L43:
 662 004c 243C0000 		.word	poly_engine+15396
 663 0050 00000038 		.word	939524096
 664 0054 3333333F 		.word	1060320051
 665              		.cfi_endproc
 666              	.LFE5800:
 668              		.section	.text._Z13AudioCallbackPKfPfj,"ax",%progbits
 669              		.align	1
 670              		.global	_Z13AudioCallbackPKfPfj
 671              		.syntax unified
 672              		.thumb
 673              		.thumb_func
 675              	_Z13AudioCallbackPKfPfj:
 676              	.LVL48:
 677              	.LFB5796:
  43:AudioProcessor.cpp ****                  size_t size) {
 678              		.loc 1 43 31 is_stmt 1 view -0
 679              		.cfi_startproc
 680              		@ args = 0, pretend = 0, frame = 16
 681              		@ frame_needed = 0, uses_anonymous_args = 0
  46:AudioProcessor.cpp ****     static uint32_t last_ui_time = 0;
 682              		.loc 1 46 5 view .LVU186
  47:AudioProcessor.cpp ****     uint32_t now_ms = hw.system.GetNow();
 683              		.loc 1 47 5 view .LVU187
  43:AudioProcessor.cpp ****                  size_t size) {
 684              		.loc 1 43 31 is_stmt 0 view .LVU188
 685 0000 2DE9F043 		push	{r4, r5, r6, r7, r8, r9, lr}
 686              		.cfi_def_cfa_offset 28
 687              		.cfi_offset 4, -28
 688              		.cfi_offset 5, -24
 689              		.cfi_offset 6, -20
ARM GAS  /var/folders/9s/8rp0_f2s1n31qbztm3b5_fdh0000gn/T//ccxxdef6.s 			page 19


 690              		.cfi_offset 7, -16
 691              		.cfi_offset 8, -12
 692              		.cfi_offset 9, -8
 693              		.cfi_offset 14, -4
 694 0004 85B0     		sub	sp, sp, #20
 695              		.cfi_def_cfa_offset 48
  43:AudioProcessor.cpp ****                  size_t size) {
 696              		.loc 1 43 31 view .LVU189
 697 0006 1646     		mov	r6, r2
 698 0008 0D46     		mov	r5, r1
  47:AudioProcessor.cpp ****     uint32_t now_ms = hw.system.GetNow();
 699              		.loc 1 47 39 view .LVU190
 700 000a FFF7FEFF 		bl	_ZN5daisy6System6GetNowEv
 701              	.LVL49:
  48:AudioProcessor.cpp ****     if(now_ms - last_ui_time >= 1) {
 702              		.loc 1 48 5 is_stmt 1 view .LVU191
  48:AudioProcessor.cpp ****     if(now_ms - last_ui_time >= 1) {
 703              		.loc 1 48 30 is_stmt 0 view .LVU192
 704 000e 364B     		ldr	r3, .L59
  48:AudioProcessor.cpp ****     if(now_ms - last_ui_time >= 1) {
 705              		.loc 1 48 5 view .LVU193
 706 0010 1A68     		ldr	r2, [r3]
 707 0012 8242     		cmp	r2, r0
 708 0014 02D0     		beq	.L46
  49:AudioProcessor.cpp ****         last_ui_time = now_ms;
 709              		.loc 1 49 9 is_stmt 1 view .LVU194
  49:AudioProcessor.cpp ****         last_ui_time = now_ms;
 710              		.loc 1 49 22 is_stmt 0 view .LVU195
 711 0016 1860     		str	r0, [r3]
  50:AudioProcessor.cpp ****         ProcessUIAndControls();
 712              		.loc 1 50 9 is_stmt 1 view .LVU196
  50:AudioProcessor.cpp ****         ProcessUIAndControls();
 713              		.loc 1 50 29 is_stmt 0 view .LVU197
 714 0018 FFF7FEFF 		bl	_Z20ProcessUIAndControlsv
 715              	.LVL50:
 716              	.L46:
  52:AudioProcessor.cpp ****     cpu_meter.OnBlockStart(); // Mark the beginning of the audio block
 717              		.loc 1 52 5 is_stmt 1 view .LVU198
 718              	.LBB32:
 719              	.LBI32:
 720              		.file 3 "lib/libdaisy/src/util/CpuLoadMeter.h"
   1:lib/libdaisy/src/util/CpuLoadMeter.h **** #pragma once
   2:lib/libdaisy/src/util/CpuLoadMeter.h **** 
   3:lib/libdaisy/src/util/CpuLoadMeter.h **** #include "sys/system.h"
   4:lib/libdaisy/src/util/CpuLoadMeter.h **** #include <cmath>
   5:lib/libdaisy/src/util/CpuLoadMeter.h **** 
   6:lib/libdaisy/src/util/CpuLoadMeter.h **** namespace daisy
   7:lib/libdaisy/src/util/CpuLoadMeter.h **** {
   8:lib/libdaisy/src/util/CpuLoadMeter.h **** /** @brief CPU load metering
   9:lib/libdaisy/src/util/CpuLoadMeter.h ****  *  @author jelliesen
  10:lib/libdaisy/src/util/CpuLoadMeter.h ****  *  @addtogroup utility
  11:lib/libdaisy/src/util/CpuLoadMeter.h ****  * 
  12:lib/libdaisy/src/util/CpuLoadMeter.h ****  *  To measure the CPU load of your audio processing, create a CpuLoadMeter
  13:lib/libdaisy/src/util/CpuLoadMeter.h ****  *  and initialize it with your block size and sample rate.
  14:lib/libdaisy/src/util/CpuLoadMeter.h ****  *  Then at the beginning of the audio callback, call `OnBlockStart()`, 
  15:lib/libdaisy/src/util/CpuLoadMeter.h ****  *  and at the end of the audio callback, call `OnBlockEnd()`.
  16:lib/libdaisy/src/util/CpuLoadMeter.h ****  *  You can then read out the minimum, maximum and average CPU load.
ARM GAS  /var/folders/9s/8rp0_f2s1n31qbztm3b5_fdh0000gn/T//ccxxdef6.s 			page 20


  17:lib/libdaisy/src/util/CpuLoadMeter.h ****  */
  18:lib/libdaisy/src/util/CpuLoadMeter.h **** class CpuLoadMeter
  19:lib/libdaisy/src/util/CpuLoadMeter.h **** {
  20:lib/libdaisy/src/util/CpuLoadMeter.h ****   public:
  21:lib/libdaisy/src/util/CpuLoadMeter.h ****     CpuLoadMeter(){};
  22:lib/libdaisy/src/util/CpuLoadMeter.h **** 
  23:lib/libdaisy/src/util/CpuLoadMeter.h ****     /** Initializes the CpuLoadMeter for a particular sample rate and block size.
  24:lib/libdaisy/src/util/CpuLoadMeter.h ****      *  @param sampleRateInHz           The sample rate in Hz
  25:lib/libdaisy/src/util/CpuLoadMeter.h ****      *  @param blockSizeInSamples       The block size in samples
  26:lib/libdaisy/src/util/CpuLoadMeter.h ****      *  @param smoothingFilterCutoffHz  The cutoff frequency of the smoothing filter that's used to
  27:lib/libdaisy/src/util/CpuLoadMeter.h ****      *                                  create the average CPU load reading.
  28:lib/libdaisy/src/util/CpuLoadMeter.h ****      */
  29:lib/libdaisy/src/util/CpuLoadMeter.h ****     void Init(float sampleRateInHz,
  30:lib/libdaisy/src/util/CpuLoadMeter.h ****               int   blockSizeInSamples,
  31:lib/libdaisy/src/util/CpuLoadMeter.h ****               float smoothingFilterCutoffHz = 1.0f)
  32:lib/libdaisy/src/util/CpuLoadMeter.h ****     {
  33:lib/libdaisy/src/util/CpuLoadMeter.h ****         const auto secPerBlock = float(blockSizeInSamples) / sampleRateInHz;
  34:lib/libdaisy/src/util/CpuLoadMeter.h ****         const auto ticksPerS   = float(System::GetTickFreq());
  35:lib/libdaisy/src/util/CpuLoadMeter.h ****         ticksPerBlockInv_      = 1.0f / (ticksPerS * secPerBlock);
  36:lib/libdaisy/src/util/CpuLoadMeter.h **** 
  37:lib/libdaisy/src/util/CpuLoadMeter.h ****         // update filter coefficient for smoothing filter (1pole lowpass)
  38:lib/libdaisy/src/util/CpuLoadMeter.h ****         const auto blockRateInHz = sampleRateInHz / float(blockSizeInSamples);
  39:lib/libdaisy/src/util/CpuLoadMeter.h ****         const auto cutoffNormalized
  40:lib/libdaisy/src/util/CpuLoadMeter.h ****             = smoothingFilterCutoffHz * 2.0f * 3.141592653f / blockRateInHz;
  41:lib/libdaisy/src/util/CpuLoadMeter.h ****         // according to
  42:lib/libdaisy/src/util/CpuLoadMeter.h ****         // https://en.wikipedia.org/wiki/Low-pass_filter#Simple_infinite_impulse_response_filter
  43:lib/libdaisy/src/util/CpuLoadMeter.h ****         smoothingConstant_ = cutoffNormalized / (cutoffNormalized + 1.0f);
  44:lib/libdaisy/src/util/CpuLoadMeter.h **** 
  45:lib/libdaisy/src/util/CpuLoadMeter.h ****         Reset();
  46:lib/libdaisy/src/util/CpuLoadMeter.h ****     }
  47:lib/libdaisy/src/util/CpuLoadMeter.h **** 
  48:lib/libdaisy/src/util/CpuLoadMeter.h ****     /** Call this at the beginning of your audio callback */
  49:lib/libdaisy/src/util/CpuLoadMeter.h ****     void OnBlockStart() { currentBlockStartTicks_ = System::GetTick(); }
 721              		.loc 3 49 10 view .LVU199
 722              	.LBB33:
 723              		.loc 3 49 27 view .LVU200
 724              	.LBE33:
 725              	.LBE32:
  62:AudioProcessor.cpp ****     if(engine_changed_flag) {
 726              		.loc 1 62 8 is_stmt 0 view .LVU201
 727 001c 334F     		ldr	r7, .L59+4
 728              	.LBB36:
 729              	.LBB34:
 730              		.loc 3 49 68 view .LVU202
 731 001e FFF7FEFF 		bl	_ZN5daisy6System7GetTickEv
 732              	.LVL51:
 733              		.loc 3 49 51 view .LVU203
 734 0022 334C     		ldr	r4, .L59+8
 735              	.LBE34:
 736              	.LBE36:
  62:AudioProcessor.cpp ****     if(engine_changed_flag) {
 737              		.loc 1 62 8 view .LVU204
 738 0024 3B78     		ldrb	r3, [r7]	@ zero_extendqisi2
 739              	.LBB37:
 740              	.LBB35:
 741              		.loc 3 49 51 view .LVU205
 742 0026 A060     		str	r0, [r4, #8]
ARM GAS  /var/folders/9s/8rp0_f2s1n31qbztm3b5_fdh0000gn/T//ccxxdef6.s 			page 21


 743              	.LVL52:
 744              		.loc 3 49 51 view .LVU206
 745              	.LBE35:
 746              	.LBE37:
  55:AudioProcessor.cpp ****     int engineIndex;
 747              		.loc 1 55 5 is_stmt 1 view .LVU207
  56:AudioProcessor.cpp ****     bool poly_mode;
 748              		.loc 1 56 5 view .LVU208
  57:AudioProcessor.cpp ****     int effective_num_voices;
 749              		.loc 1 57 5 view .LVU209
  58:AudioProcessor.cpp ****     bool arp_on;
 750              		.loc 1 58 5 view .LVU210
  61:AudioProcessor.cpp ****     static int prev_engine_index_static = 0;
 751              		.loc 1 61 5 view .LVU211
  62:AudioProcessor.cpp ****     if(engine_changed_flag) {
 752              		.loc 1 62 5 view .LVU212
 753 0028 83B1     		cbz	r3, .L47
  63:AudioProcessor.cpp ****         poly_engine.OnEngineChange(prev_engine_index_static, current_engine_index);
 754              		.loc 1 63 9 view .LVU213
  63:AudioProcessor.cpp ****         poly_engine.OnEngineChange(prev_engine_index_static, current_engine_index);
 755              		.loc 1 63 35 is_stmt 0 view .LVU214
 756 002a DFF8CC90 		ldr	r9, .L59+16
 757 002e DFF8CC80 		ldr	r8, .L59+20
 758 0032 D9F80020 		ldr	r2, [r9]
 759 0036 D8F80010 		ldr	r1, [r8]
 760 003a 2E48     		ldr	r0, .L59+12
 761 003c FFF7FEFF 		bl	_ZN15PolyphonyEngine14OnEngineChangeEii
 762              	.LVL53:
  64:AudioProcessor.cpp ****         prev_engine_index_static = current_engine_index;
 763              		.loc 1 64 9 is_stmt 1 view .LVU215
  64:AudioProcessor.cpp ****         prev_engine_index_static = current_engine_index;
 764              		.loc 1 64 34 is_stmt 0 view .LVU216
 765 0040 D9F80030 		ldr	r3, [r9]
 766 0044 C8F80030 		str	r3, [r8]
  65:AudioProcessor.cpp ****         engine_changed_flag = false; // Clear flag after handling
 767              		.loc 1 65 9 is_stmt 1 view .LVU217
  65:AudioProcessor.cpp ****         engine_changed_flag = false; // Clear flag after handling
 768              		.loc 1 65 29 is_stmt 0 view .LVU218
 769 0048 0023     		movs	r3, #0
 770 004a 3B70     		strb	r3, [r7]
 771              	.L47:
  68:AudioProcessor.cpp ****     UpdateArpState(engineIndex, poly_mode, effective_num_voices, arp_on);
 772              		.loc 1 68 5 is_stmt 1 view .LVU219
  68:AudioProcessor.cpp ****     UpdateArpState(engineIndex, poly_mode, effective_num_voices, arp_on);
 773              		.loc 1 68 19 is_stmt 0 view .LVU220
 774 004c 0DF10703 		add	r3, sp, #7
 775 0050 03AA     		add	r2, sp, #12
 776 0052 0DF10601 		add	r1, sp, #6
 777 0056 02A8     		add	r0, sp, #8
 778 0058 FFF7FEFF 		bl	_Z14UpdateArpStateRiRbS_S0_
 779              	.LVL54:
  69:AudioProcessor.cpp ****     RenderVoices(engineIndex, poly_mode, effective_num_voices, arp_on);
 780              		.loc 1 69 5 is_stmt 1 view .LVU221
  69:AudioProcessor.cpp ****     RenderVoices(engineIndex, poly_mode, effective_num_voices, arp_on);
 781              		.loc 1 69 17 is_stmt 0 view .LVU222
 782 005c 9DF80730 		ldrb	r3, [sp, #7]	@ zero_extendqisi2
 783 0060 039A     		ldr	r2, [sp, #12]
ARM GAS  /var/folders/9s/8rp0_f2s1n31qbztm3b5_fdh0000gn/T//ccxxdef6.s 			page 22


 784 0062 9DF80610 		ldrb	r1, [sp, #6]	@ zero_extendqisi2
 785 0066 0298     		ldr	r0, [sp, #8]
 786 0068 FFF7FEFF 		bl	_Z12RenderVoicesibib
 787              	.LVL55:
  70:AudioProcessor.cpp ****     ApplyEffectsAndOutput(out, size);
 788              		.loc 1 70 5 is_stmt 1 view .LVU223
  70:AudioProcessor.cpp ****     ApplyEffectsAndOutput(out, size);
 789              		.loc 1 70 26 is_stmt 0 view .LVU224
 790 006c 3146     		mov	r1, r6
 791 006e 2846     		mov	r0, r5
 792 0070 FFF7FEFF 		bl	_Z21ApplyEffectsAndOutputPfj
 793              	.LVL56:
  72:AudioProcessor.cpp ****     cpu_meter.OnBlockEnd(); // Mark the end of the audio block
 794              		.loc 1 72 5 is_stmt 1 view .LVU225
 795              	.LBB38:
 796              	.LBI38:
  50:lib/libdaisy/src/util/CpuLoadMeter.h **** 
  51:lib/libdaisy/src/util/CpuLoadMeter.h ****     /** Call this at the end of your audio callback */
  52:lib/libdaisy/src/util/CpuLoadMeter.h ****     void OnBlockEnd()
 797              		.loc 3 52 10 view .LVU226
 798              	.LBB39:
  53:lib/libdaisy/src/util/CpuLoadMeter.h ****     {
  54:lib/libdaisy/src/util/CpuLoadMeter.h ****         const auto end         = System::GetTick();
 799              		.loc 3 54 9 view .LVU227
 800              		.loc 3 54 49 is_stmt 0 view .LVU228
 801 0074 FFF7FEFF 		bl	_ZN5daisy6System7GetTickEv
 802              	.LVL57:
  55:lib/libdaisy/src/util/CpuLoadMeter.h ****         const auto ticksPassed = end - currentBlockStartTicks_;
 803              		.loc 3 55 9 is_stmt 1 view .LVU229
  56:lib/libdaisy/src/util/CpuLoadMeter.h ****         const auto currentBlockLoad
 804              		.loc 3 56 9 view .LVU230
  55:lib/libdaisy/src/util/CpuLoadMeter.h ****         const auto ticksPassed = end - currentBlockStartTicks_;
 805              		.loc 3 55 20 is_stmt 0 view .LVU231
 806 0078 A368     		ldr	r3, [r4, #8]
 807              		.loc 3 56 20 view .LVU232
 808 007a 94ED017A 		vldr.32	s14, [r4, #4]
  55:lib/libdaisy/src/util/CpuLoadMeter.h ****         const auto ticksPassed = end - currentBlockStartTicks_;
 809              		.loc 3 55 20 view .LVU233
 810 007e C31A     		subs	r3, r0, r3
 811 0080 07EE903A 		vmov	s15, r3	@ int
  57:lib/libdaisy/src/util/CpuLoadMeter.h ****             = float(ticksPassed) * ticksPerBlockInv_; // usPassed / usPerBlock
  58:lib/libdaisy/src/util/CpuLoadMeter.h **** 
  59:lib/libdaisy/src/util/CpuLoadMeter.h ****         if(firstCycle_)
 812              		.loc 3 59 9 view .LVU234
 813 0084 2378     		ldrb	r3, [r4]	@ zero_extendqisi2
  57:lib/libdaisy/src/util/CpuLoadMeter.h ****             = float(ticksPassed) * ticksPerBlockInv_; // usPassed / usPerBlock
 814              		.loc 3 57 15 view .LVU235
 815 0086 F8EE677A 		vcvt.f32.u32	s15, s15
  56:lib/libdaisy/src/util/CpuLoadMeter.h ****         const auto currentBlockLoad
 816              		.loc 3 56 20 view .LVU236
 817 008a 67EE877A 		vmul.f32	s15, s15, s14
 818              	.LVL58:
 819              		.loc 3 59 9 is_stmt 1 view .LVU237
 820 008e 53B1     		cbz	r3, .L48
  60:lib/libdaisy/src/util/CpuLoadMeter.h ****         {
  61:lib/libdaisy/src/util/CpuLoadMeter.h ****             max_ = min_ = avg_ = currentBlockLoad;
 821              		.loc 3 61 13 view .LVU238
ARM GAS  /var/folders/9s/8rp0_f2s1n31qbztm3b5_fdh0000gn/T//ccxxdef6.s 			page 23


  62:lib/libdaisy/src/util/CpuLoadMeter.h ****             firstCycle_        = false;
 822              		.loc 3 62 32 is_stmt 0 view .LVU239
 823 0090 0023     		movs	r3, #0
  61:lib/libdaisy/src/util/CpuLoadMeter.h ****             firstCycle_        = false;
 824              		.loc 3 61 32 view .LVU240
 825 0092 C4ED057A 		vstr.32	s15, [r4, #20]
  61:lib/libdaisy/src/util/CpuLoadMeter.h ****             firstCycle_        = false;
 826              		.loc 3 61 25 view .LVU241
 827 0096 C4ED037A 		vstr.32	s15, [r4, #12]
  61:lib/libdaisy/src/util/CpuLoadMeter.h ****             firstCycle_        = false;
 828              		.loc 3 61 18 view .LVU242
 829 009a C4ED047A 		vstr.32	s15, [r4, #16]
 830              		.loc 3 62 13 is_stmt 1 view .LVU243
 831              		.loc 3 62 32 is_stmt 0 view .LVU244
 832 009e 2370     		strb	r3, [r4]
 833              	.LVL59:
 834              	.L45:
 835              		.loc 3 62 32 view .LVU245
 836              	.LBE39:
 837              	.LBE38:
  73:AudioProcessor.cpp **** }
 838              		.loc 1 73 1 view .LVU246
 839 00a0 05B0     		add	sp, sp, #20
 840              		.cfi_remember_state
 841              		.cfi_def_cfa_offset 28
 842              		@ sp needed
 843 00a2 BDE8F083 		pop	{r4, r5, r6, r7, r8, r9, pc}
 844              	.LVL60:
 845              	.L48:
 846              		.cfi_restore_state
 847              	.LBB41:
 848              	.LBB40:
  63:lib/libdaisy/src/util/CpuLoadMeter.h ****         }
  64:lib/libdaisy/src/util/CpuLoadMeter.h ****         else
  65:lib/libdaisy/src/util/CpuLoadMeter.h ****         {
  66:lib/libdaisy/src/util/CpuLoadMeter.h ****             if(currentBlockLoad > max_)
 849              		.loc 3 66 13 is_stmt 1 view .LVU247
 850 00a6 94ED047A 		vldr.32	s14, [r4, #16]
  67:lib/libdaisy/src/util/CpuLoadMeter.h ****                 max_ = currentBlockLoad;
  68:lib/libdaisy/src/util/CpuLoadMeter.h ****             if(currentBlockLoad < min_)
  69:lib/libdaisy/src/util/CpuLoadMeter.h ****                 min_ = currentBlockLoad;
  70:lib/libdaisy/src/util/CpuLoadMeter.h **** 
  71:lib/libdaisy/src/util/CpuLoadMeter.h ****             avg_ = smoothingConstant_ * currentBlockLoad
 851              		.loc 3 71 20 is_stmt 0 view .LVU248
 852 00aa D4ED066A 		vldr.32	s13, [r4, #24]
  66:lib/libdaisy/src/util/CpuLoadMeter.h ****                 max_ = currentBlockLoad;
 853              		.loc 3 66 13 view .LVU249
 854 00ae F4EEC77A 		vcmpe.f32	s15, s14
  68:lib/libdaisy/src/util/CpuLoadMeter.h ****                 min_ = currentBlockLoad;
 855              		.loc 3 68 13 view .LVU250
 856 00b2 94ED037A 		vldr.32	s14, [r4, #12]
  72:lib/libdaisy/src/util/CpuLoadMeter.h ****                    + (1.0f - smoothingConstant_) * avg_;
 857              		.loc 3 72 50 view .LVU251
 858 00b6 94ED056A 		vldr.32	s12, [r4, #20]
  66:lib/libdaisy/src/util/CpuLoadMeter.h ****                 max_ = currentBlockLoad;
 859              		.loc 3 66 13 view .LVU252
 860 00ba F1EE10FA 		vmrs	APSR_nzcv, FPSCR
ARM GAS  /var/folders/9s/8rp0_f2s1n31qbztm3b5_fdh0000gn/T//ccxxdef6.s 			page 24


  67:lib/libdaisy/src/util/CpuLoadMeter.h ****             if(currentBlockLoad < min_)
 861              		.loc 3 67 17 is_stmt 1 view .LVU253
  68:lib/libdaisy/src/util/CpuLoadMeter.h ****                 min_ = currentBlockLoad;
 862              		.loc 3 68 13 is_stmt 0 view .LVU254
 863 00be F4EEC77A 		vcmpe.f32	s15, s14
 864              		.loc 3 72 28 view .LVU255
 865 00c2 B7EE007A 		vmov.f32	s14, #1.0e+0
  67:lib/libdaisy/src/util/CpuLoadMeter.h ****             if(currentBlockLoad < min_)
 866              		.loc 3 67 22 view .LVU256
 867 00c6 C8BF     		it	gt
 868 00c8 C4ED047A 		vstrgt.32	s15, [r4, #16]
  68:lib/libdaisy/src/util/CpuLoadMeter.h ****                 min_ = currentBlockLoad;
 869              		.loc 3 68 13 is_stmt 1 view .LVU257
 870 00cc F1EE10FA 		vmrs	APSR_nzcv, FPSCR
  69:lib/libdaisy/src/util/CpuLoadMeter.h **** 
 871              		.loc 3 69 17 view .LVU258
 872              		.loc 3 72 28 is_stmt 0 view .LVU259
 873 00d0 37EE667A 		vsub.f32	s14, s14, s13
  69:lib/libdaisy/src/util/CpuLoadMeter.h **** 
 874              		.loc 3 69 22 view .LVU260
 875 00d4 48BF     		it	mi
 876 00d6 C4ED037A 		vstrmi.32	s15, [r4, #12]
  71:lib/libdaisy/src/util/CpuLoadMeter.h ****                    + (1.0f - smoothingConstant_) * avg_;
 877              		.loc 3 71 13 is_stmt 1 view .LVU261
 878              		.loc 3 72 50 is_stmt 0 view .LVU262
 879 00da 27EE067A 		vmul.f32	s14, s14, s12
 880              		.loc 3 72 20 view .LVU263
 881 00de A7EEA67A 		vfma.f32	s14, s15, s13
  71:lib/libdaisy/src/util/CpuLoadMeter.h ****                    + (1.0f - smoothingConstant_) * avg_;
 882              		.loc 3 71 18 view .LVU264
 883 00e2 84ED057A 		vstr.32	s14, [r4, #20]
 884              	.LVL61:
  71:lib/libdaisy/src/util/CpuLoadMeter.h ****                    + (1.0f - smoothingConstant_) * avg_;
 885              		.loc 3 71 18 view .LVU265
 886              	.LBE40:
 887              	.LBE41:
  73:AudioProcessor.cpp **** }
 888              		.loc 1 73 1 view .LVU266
 889 00e6 DBE7     		b	.L45
 890              	.L60:
 891              		.align	2
 892              	.L59:
 893 00e8 00000000 		.word	.LANCHOR5
 894 00ec 00000000 		.word	.LANCHOR6
 895 00f0 00000000 		.word	cpu_meter
 896 00f4 00000000 		.word	poly_engine
 897 00f8 00000000 		.word	.LANCHOR0
 898 00fc 00000000 		.word	.LANCHOR7
 899              		.cfi_endproc
 900              	.LFE5796:
 902              		.global	engine_retrigger_phase
 903              		.global	engine_changed_flag
 904              		.global	current_engine_index
 905              		.section	.bss._ZGVZ25UpdatePerformanceMonitorsjPfE23display_interval_blocks,"aw",%nobits
 906              		.align	2
 907              		.set	.LANCHOR2,. + 0
 910              	_ZGVZ25UpdatePerformanceMonitorsjPfE23display_interval_blocks:
ARM GAS  /var/folders/9s/8rp0_f2s1n31qbztm3b5_fdh0000gn/T//ccxxdef6.s 			page 25


 911 0000 00000000 		.space	4
 912              		.section	.bss._ZL10was_arp_on,"aw",%nobits
 913              		.set	.LANCHOR1,. + 0
 916              	_ZL10was_arp_on:
 917 0000 00       		.space	1
 918              		.section	.bss._ZZ13AudioCallbackPKfPfjE12last_ui_time,"aw",%nobits
 919              		.align	2
 920              		.set	.LANCHOR5,. + 0
 923              	_ZZ13AudioCallbackPKfPfjE12last_ui_time:
 924 0000 00000000 		.space	4
 925              		.section	.bss._ZZ13AudioCallbackPKfPfjE24prev_engine_index_static,"aw",%nobits
 926              		.align	2
 927              		.set	.LANCHOR7,. + 0
 930              	_ZZ13AudioCallbackPKfPfjE24prev_engine_index_static:
 931 0000 00000000 		.space	4
 932              		.section	.bss._ZZ25UpdatePerformanceMonitorsjPfE15display_counter,"aw",%nobits
 933              		.align	2
 934              		.set	.LANCHOR4,. + 0
 937              	_ZZ25UpdatePerformanceMonitorsjPfE15display_counter:
 938 0000 00000000 		.space	4
 939              		.section	.bss._ZZ25UpdatePerformanceMonitorsjPfE23display_interval_blocks,"aw",%nobits
 940              		.align	2
 941              		.set	.LANCHOR3,. + 0
 944              	_ZZ25UpdatePerformanceMonitorsjPfE23display_interval_blocks:
 945 0000 00000000 		.space	4
 946              		.section	.bss.current_engine_index,"aw",%nobits
 947              		.align	2
 948              		.set	.LANCHOR0,. + 0
 951              	current_engine_index:
 952 0000 00000000 		.space	4
 953              		.section	.bss.engine_changed_flag,"aw",%nobits
 954              		.set	.LANCHOR6,. + 0
 957              	engine_changed_flag:
 958 0000 00       		.space	1
 959              		.section	.bss.engine_retrigger_phase,"aw",%nobits
 960              		.align	2
 963              	engine_retrigger_phase:
 964 0000 00000000 		.space	4
 965              		.text
 966              	.Letext0:
 967              		.file 4 "/Library/DaisyToolchain/0.2.0/arm/arm-none-eabi/include/machine/_default_types.h"
 968              		.file 5 "/Library/DaisyToolchain/0.2.0/arm/arm-none-eabi/include/sys/_stdint.h"
 969              		.file 6 "/Library/DaisyToolchain/0.2.0/arm/arm-none-eabi/include/stdint.h"
 970              		.file 7 "/Library/DaisyToolchain/0.2.0/arm/lib/gcc/arm-none-eabi/10.3.1/include/stddef.h"
 971              		.file 8 "/Library/DaisyToolchain/0.2.0/arm/arm-none-eabi/include/c++/10.3.1/cmath"
 972              		.file 9 "/Library/DaisyToolchain/0.2.0/arm/arm-none-eabi/include/c++/10.3.1/bits/std_abs.h"
 973              		.file 10 "/Library/DaisyToolchain/0.2.0/arm/arm-none-eabi/include/c++/10.3.1/cstdlib"
 974              		.file 11 "/Library/DaisyToolchain/0.2.0/arm/arm-none-eabi/include/c++/10.3.1/cstdint"
 975              		.file 12 "/Library/DaisyToolchain/0.2.0/arm/arm-none-eabi/include/c++/10.3.1/type_traits"
 976              		.file 13 "/Library/DaisyToolchain/0.2.0/arm/arm-none-eabi/include/c++/10.3.1/arm-none-eabi/thumb/v
 977              		.file 14 "/Library/DaisyToolchain/0.2.0/arm/arm-none-eabi/include/c++/10.3.1/bits/stl_pair.h"
 978              		.file 15 "/Library/DaisyToolchain/0.2.0/arm/arm-none-eabi/include/c++/10.3.1/debug/debug.h"
 979              		.file 16 "/Library/DaisyToolchain/0.2.0/arm/arm-none-eabi/include/c++/10.3.1/bits/algorithmfwd.h"
 980              		.file 17 "/Library/DaisyToolchain/0.2.0/arm/arm-none-eabi/include/c++/10.3.1/bits/exception_ptr.h"
 981              		.file 18 "/Library/DaisyToolchain/0.2.0/arm/arm-none-eabi/include/c++/10.3.1/cstdarg"
 982              		.file 19 "/Library/DaisyToolchain/0.2.0/arm/arm-none-eabi/include/c++/10.3.1/cstdio"
 983              		.file 20 "/Library/DaisyToolchain/0.2.0/arm/arm-none-eabi/include/c++/10.3.1/cstring"
ARM GAS  /var/folders/9s/8rp0_f2s1n31qbztm3b5_fdh0000gn/T//ccxxdef6.s 			page 26


 984              		.file 21 "/Library/DaisyToolchain/0.2.0/arm/arm-none-eabi/include/c++/10.3.1/cwchar"
 985              		.file 22 "/Library/DaisyToolchain/0.2.0/arm/arm-none-eabi/include/c++/10.3.1/clocale"
 986              		.file 23 "/Library/DaisyToolchain/0.2.0/arm/arm-none-eabi/include/c++/10.3.1/bits/basic_string.h"
 987              		.file 24 "/Library/DaisyToolchain/0.2.0/arm/arm-none-eabi/include/c++/10.3.1/bits/stl_iterator.h"
 988              		.file 25 "/Library/DaisyToolchain/0.2.0/arm/arm-none-eabi/include/c++/10.3.1/bits/uses_allocator.h
 989              		.file 26 "/Library/DaisyToolchain/0.2.0/arm/arm-none-eabi/include/c++/10.3.1/tuple"
 990              		.file 27 "/Library/DaisyToolchain/0.2.0/arm/arm-none-eabi/include/c++/10.3.1/bits/std_function.h"
 991              		.file 28 "/Library/DaisyToolchain/0.2.0/arm/arm-none-eabi/include/c++/10.3.1/functional"
 992              		.file 29 "/Library/DaisyToolchain/0.2.0/arm/arm-none-eabi/include/c++/10.3.1/bits/allocator.h"
 993              		.file 30 "/Library/DaisyToolchain/0.2.0/arm/arm-none-eabi/include/c++/10.3.1/bits/alloc_traits.h"
 994              		.file 31 "/Library/DaisyToolchain/0.2.0/arm/arm-none-eabi/include/c++/10.3.1/bits/stl_vector.h"
 995              		.file 32 "/Library/DaisyToolchain/0.2.0/arm/arm-none-eabi/include/c++/10.3.1/bits/vector.tcc"
 996              		.file 33 "/Library/DaisyToolchain/0.2.0/arm/arm-none-eabi/include/c++/10.3.1/bits/stl_function.h"
 997              		.file 34 "/Library/DaisyToolchain/0.2.0/arm/arm-none-eabi/include/c++/10.3.1/bits/refwrap.h"
 998              		.file 35 "/Library/DaisyToolchain/0.2.0/arm/arm-none-eabi/include/c++/10.3.1/bits/predefined_ops.h
 999              		.file 36 "/Library/DaisyToolchain/0.2.0/arm/arm-none-eabi/include/c++/10.3.1/ext/new_allocator.h"
 1000              		.file 37 "/Library/DaisyToolchain/0.2.0/arm/arm-none-eabi/include/c++/10.3.1/ext/alloc_traits.h"
 1001              		.file 38 "/Library/DaisyToolchain/0.2.0/arm/arm-none-eabi/include/sys/_types.h"
 1002              		.file 39 "/Library/DaisyToolchain/0.2.0/arm/arm-none-eabi/include/sys/reent.h"
 1003              		.file 40 "/Library/DaisyToolchain/0.2.0/arm/arm-none-eabi/include/sys/lock.h"
 1004              		.file 41 "/Library/DaisyToolchain/0.2.0/arm/arm-none-eabi/include/math.h"
 1005              		.file 42 "/Library/DaisyToolchain/0.2.0/arm/arm-none-eabi/include/stdlib.h"
 1006              		.file 43 "/Library/DaisyToolchain/0.2.0/arm/arm-none-eabi/include/c++/10.3.1/math.h"
 1007              		.file 44 "/Library/DaisyToolchain/0.2.0/arm/arm-none-eabi/include/c++/10.3.1/stdlib.h"
 1008              		.file 45 "lib/libdaisy/src/daisy_core.h"
 1009              		.file 46 "lib/libdaisy/src/per/tim.h"
 1010              		.file 47 "lib/libdaisy/src/sys/system.h"
 1011              		.file 48 "lib/libdaisy/src/per/qspi.h"
 1012              		.file 49 "lib/libdaisy/src/per/dac.h"
 1013              		.file 50 "lib/libdaisy/src/per/gpio.h"
 1014              		.file 51 "lib/libdaisy/src/per/sai.h"
 1015              		.file 52 "lib/libdaisy/src/hid/audio.h"
 1016              		.file 53 "lib/libdaisy/src/per/adc.h"
 1017              		.file 54 "lib/libdaisy/src/hid/usb.h"
 1018              		.file 55 "lib/libdaisy/src/util/wav_format.h"
 1019              		.file 56 "lib/libdaisy/src/dev/sr_595.h"
 1020              		.file 57 "lib/libdaisy/src/dev/codec_ak4556.h"
 1021              		.file 58 "lib/libdaisy/src/dev/max11300.h"
 1022              		.file 59 "lib/libdaisy/src/daisy_seed.h"
 1023              		.file 60 "lib/libdaisy/src/dev/sdram.h"
 1024              		.file 61 "/Library/DaisyToolchain/0.2.0/arm/lib/gcc/arm-none-eabi/10.3.1/include/stdarg.h"
 1025              		.file 62 "/Library/DaisyToolchain/0.2.0/arm/arm-none-eabi/include/stdio.h"
 1026              		.file 63 "/Library/DaisyToolchain/0.2.0/arm/arm-none-eabi/include/string.h"
 1027              		.file 64 "lib/DaisySP/Source/Control/adenv.h"
 1028              		.file 65 "lib/DaisySP/Source/Utility/dsp.h"
 1029              		.file 66 "lib/DaisySP/Source/Utility/metro.h"
 1030              		.file 67 "/Library/DaisyToolchain/0.2.0/arm/arm-none-eabi/include/wchar.h"
 1031              		.file 68 "/Library/DaisyToolchain/0.2.0/arm/arm-none-eabi/include/locale.h"
 1032              		.file 69 "eurorack/stmlib/stmlib.h"
 1033              		.file 70 "eurorack/stmlib/dsp/filter.h"
 1034              		.file 71 "eurorack/stmlib/dsp/limiter.h"
 1035              		.file 72 "eurorack/stmlib/utils/buffer_allocator.h"
 1036              		.file 73 "eurorack/stmlib/dsp/hysteresis_quantizer.h"
 1037              		.file 74 "eurorack/plaits/dsp/dsp.h"
 1038              		.file 75 "eurorack/plaits/dsp/engine/engine.h"
 1039              		.file 76 "eurorack/plaits/dsp/engine/additive_engine.h"
 1040              		.file 77 "eurorack/plaits/dsp/oscillator/oscillator.h"
ARM GAS  /var/folders/9s/8rp0_f2s1n31qbztm3b5_fdh0000gn/T//ccxxdef6.s 			page 27


 1041              		.file 78 "eurorack/plaits/dsp/engine/chord_engine.h"
 1042              		.file 79 "eurorack/plaits/dsp/physical_modelling/resonator.h"
 1043              		.file 80 "eurorack/plaits/dsp/engine/particle_engine.h"
 1044              		.file 81 "eurorack/plaits/dsp/physical_modelling/string.h"
 1045              		.file 82 "eurorack/plaits/dsp/engine/string_engine.h"
 1046              		.file 83 "eurorack/plaits/dsp/engine/swarm_engine.h"
 1047              		.file 84 "eurorack/plaits/dsp/oscillator/variable_saw_oscillator.h"
 1048              		.file 85 "eurorack/plaits/dsp/envelope.h"
 1049              		.file 86 "eurorack/plaits/dsp/fx/low_pass_gate.h"
 1050              		.file 87 "eurorack/plaits/dsp/voice.h"
 1051              		.file 88 "eurorack/plaits/dsp/physical_modelling/delay_line.h"
 1052              		.file 89 "mpr121_daisy.h"
 1053              		.file 90 "VoiceEnvelope.h"
 1054              		.file 91 "Effects/BiquadFilters.h"
 1055              		.file 92 "Arpeggiator.h"
 1056              		.file 93 "Thaumazein.h"
 1057              		.file 94 "<built-in>"
ARM GAS  /var/folders/9s/8rp0_f2s1n31qbztm3b5_fdh0000gn/T//ccxxdef6.s 			page 28


DEFINED SYMBOLS
                            *ABS*:0000000000000000 AudioProcessor.cpp
/var/folders/9s/8rp0_f2s1n31qbztm3b5_fdh0000gn/T//ccxxdef6.s:19     .text._Z20ProcessUIAndControlsv:0000000000000000 $t
/var/folders/9s/8rp0_f2s1n31qbztm3b5_fdh0000gn/T//ccxxdef6.s:25     .text._Z20ProcessUIAndControlsv:0000000000000000 _Z20ProcessUIAndControlsv
/var/folders/9s/8rp0_f2s1n31qbztm3b5_fdh0000gn/T//ccxxdef6.s:84     .text._Z20ProcessUIAndControlsv:000000000000003c $d
/var/folders/9s/8rp0_f2s1n31qbztm3b5_fdh0000gn/T//ccxxdef6.s:93     .text._Z14UpdateArpStateRiRbS_S0_:0000000000000000 $t
/var/folders/9s/8rp0_f2s1n31qbztm3b5_fdh0000gn/T//ccxxdef6.s:99     .text._Z14UpdateArpStateRiRbS_S0_:0000000000000000 _Z14UpdateArpStateRiRbS_S0_
/var/folders/9s/8rp0_f2s1n31qbztm3b5_fdh0000gn/T//ccxxdef6.s:282    .text._Z14UpdateArpStateRiRbS_S0_:00000000000000a4 $d
/var/folders/9s/8rp0_f2s1n31qbztm3b5_fdh0000gn/T//ccxxdef6.s:292    .text._Z12RenderVoicesibib:0000000000000000 $t
/var/folders/9s/8rp0_f2s1n31qbztm3b5_fdh0000gn/T//ccxxdef6.s:298    .text._Z12RenderVoicesibib:0000000000000000 _Z12RenderVoicesibib
/var/folders/9s/8rp0_f2s1n31qbztm3b5_fdh0000gn/T//ccxxdef6.s:386    .text._Z12RenderVoicesibib:000000000000004c $d
/var/folders/9s/8rp0_f2s1n31qbztm3b5_fdh0000gn/T//ccxxdef6.s:398    .text._Z23DetermineEngineSettingsv:0000000000000000 $t
/var/folders/9s/8rp0_f2s1n31qbztm3b5_fdh0000gn/T//ccxxdef6.s:404    .text._Z23DetermineEngineSettingsv:0000000000000000 _Z23DetermineEngineSettingsv
/var/folders/9s/8rp0_f2s1n31qbztm3b5_fdh0000gn/T//ccxxdef6.s:420    .text._Z23DetermineEngineSettingsv:0000000000000008 $d
/var/folders/9s/8rp0_f2s1n31qbztm3b5_fdh0000gn/T//ccxxdef6.s:425    .text._Z25UpdatePerformanceMonitorsjPf:0000000000000000 $t
/var/folders/9s/8rp0_f2s1n31qbztm3b5_fdh0000gn/T//ccxxdef6.s:431    .text._Z25UpdatePerformanceMonitorsjPf:0000000000000000 _Z25UpdatePerformanceMonitorsjPf
/var/folders/9s/8rp0_f2s1n31qbztm3b5_fdh0000gn/T//ccxxdef6.s:540    .text._Z25UpdatePerformanceMonitorsjPf:000000000000007c $d
/var/folders/9s/8rp0_f2s1n31qbztm3b5_fdh0000gn/T//ccxxdef6.s:553    .text._Z21ApplyEffectsAndOutputPfj:0000000000000000 $t
/var/folders/9s/8rp0_f2s1n31qbztm3b5_fdh0000gn/T//ccxxdef6.s:559    .text._Z21ApplyEffectsAndOutputPfj:0000000000000000 _Z21ApplyEffectsAndOutputPfj
/var/folders/9s/8rp0_f2s1n31qbztm3b5_fdh0000gn/T//ccxxdef6.s:662    .text._Z21ApplyEffectsAndOutputPfj:000000000000004c $d
/var/folders/9s/8rp0_f2s1n31qbztm3b5_fdh0000gn/T//ccxxdef6.s:669    .text._Z13AudioCallbackPKfPfj:0000000000000000 $t
/var/folders/9s/8rp0_f2s1n31qbztm3b5_fdh0000gn/T//ccxxdef6.s:675    .text._Z13AudioCallbackPKfPfj:0000000000000000 _Z13AudioCallbackPKfPfj
/var/folders/9s/8rp0_f2s1n31qbztm3b5_fdh0000gn/T//ccxxdef6.s:893    .text._Z13AudioCallbackPKfPfj:00000000000000e8 $d
/var/folders/9s/8rp0_f2s1n31qbztm3b5_fdh0000gn/T//ccxxdef6.s:963    .bss.engine_retrigger_phase:0000000000000000 engine_retrigger_phase
/var/folders/9s/8rp0_f2s1n31qbztm3b5_fdh0000gn/T//ccxxdef6.s:957    .bss.engine_changed_flag:0000000000000000 engine_changed_flag
/var/folders/9s/8rp0_f2s1n31qbztm3b5_fdh0000gn/T//ccxxdef6.s:951    .bss.current_engine_index:0000000000000000 current_engine_index
/var/folders/9s/8rp0_f2s1n31qbztm3b5_fdh0000gn/T//ccxxdef6.s:906    .bss._ZGVZ25UpdatePerformanceMonitorsjPfE23display_interval_blocks:0000000000000000 $d
/var/folders/9s/8rp0_f2s1n31qbztm3b5_fdh0000gn/T//ccxxdef6.s:910    .bss._ZGVZ25UpdatePerformanceMonitorsjPfE23display_interval_blocks:0000000000000000 _ZGVZ25UpdatePerformanceMonitorsjPfE23display_interval_blocks
/var/folders/9s/8rp0_f2s1n31qbztm3b5_fdh0000gn/T//ccxxdef6.s:916    .bss._ZL10was_arp_on:0000000000000000 _ZL10was_arp_on
/var/folders/9s/8rp0_f2s1n31qbztm3b5_fdh0000gn/T//ccxxdef6.s:917    .bss._ZL10was_arp_on:0000000000000000 $d
/var/folders/9s/8rp0_f2s1n31qbztm3b5_fdh0000gn/T//ccxxdef6.s:919    .bss._ZZ13AudioCallbackPKfPfjE12last_ui_time:0000000000000000 $d
/var/folders/9s/8rp0_f2s1n31qbztm3b5_fdh0000gn/T//ccxxdef6.s:923    .bss._ZZ13AudioCallbackPKfPfjE12last_ui_time:0000000000000000 _ZZ13AudioCallbackPKfPfjE12last_ui_time
/var/folders/9s/8rp0_f2s1n31qbztm3b5_fdh0000gn/T//ccxxdef6.s:926    .bss._ZZ13AudioCallbackPKfPfjE24prev_engine_index_static:0000000000000000 $d
/var/folders/9s/8rp0_f2s1n31qbztm3b5_fdh0000gn/T//ccxxdef6.s:930    .bss._ZZ13AudioCallbackPKfPfjE24prev_engine_index_static:0000000000000000 _ZZ13AudioCallbackPKfPfjE24prev_engine_index_static
/var/folders/9s/8rp0_f2s1n31qbztm3b5_fdh0000gn/T//ccxxdef6.s:933    .bss._ZZ25UpdatePerformanceMonitorsjPfE15display_counter:0000000000000000 $d
/var/folders/9s/8rp0_f2s1n31qbztm3b5_fdh0000gn/T//ccxxdef6.s:937    .bss._ZZ25UpdatePerformanceMonitorsjPfE15display_counter:0000000000000000 _ZZ25UpdatePerformanceMonitorsjPfE15display_counter
/var/folders/9s/8rp0_f2s1n31qbztm3b5_fdh0000gn/T//ccxxdef6.s:940    .bss._ZZ25UpdatePerformanceMonitorsjPfE23display_interval_blocks:0000000000000000 $d
/var/folders/9s/8rp0_f2s1n31qbztm3b5_fdh0000gn/T//ccxxdef6.s:944    .bss._ZZ25UpdatePerformanceMonitorsjPfE23display_interval_blocks:0000000000000000 _ZZ25UpdatePerformanceMonitorsjPfE23display_interval_blocks
/var/folders/9s/8rp0_f2s1n31qbztm3b5_fdh0000gn/T//ccxxdef6.s:947    .bss.current_engine_index:0000000000000000 $d
/var/folders/9s/8rp0_f2s1n31qbztm3b5_fdh0000gn/T//ccxxdef6.s:958    .bss.engine_changed_flag:0000000000000000 $d
/var/folders/9s/8rp0_f2s1n31qbztm3b5_fdh0000gn/T//ccxxdef6.s:960    .bss.engine_retrigger_phase:0000000000000000 $d

UNDEFINED SYMBOLS
_Z15ProcessControlsv
_Z14ReadKnobValuesv
_ZN11Arpeggiator20SetMainTempoFromKnobEf
arp_enabled
delay_time_val
arp
touch_cv_value
morph_knob_val
_ZN15PolyphonyEngine11ResetVoicesEv
_ZN15PolyphonyEngine20UpdateLastTouchStateEt
_ZNK15PolyphonyEngine17GetLastTouchStateEv
_ZN11Arpeggiator15UpdateHeldNotesEtt
_ZN11Arpeggiator7ProcessEj
_ZN15PolyphonyEngine16HandleTouchInputEttibi
ARM GAS  /var/folders/9s/8rp0_f2s1n31qbztm3b5_fdh0000gn/T//ccxxdef6.s 			page 29


poly_engine
current_touch_state
_ZN15PolyphonyEngine11RenderBlockERKNS_16RenderParametersE
pitch_val
harm_knob_val
timbre_knob_val
env_attack_val
env_release_val
__cxa_guard_acquire
__cxa_guard_release
smoothed_output_level
sample_rate
update_display
_ZN5daisy6System6GetNowEv
_ZN5daisy6System7GetTickEv
_ZN15PolyphonyEngine14OnEngineChangeEii
cpu_meter
